../Core/Src/main.c:212:6:startPWM	8	static
../Core/Src/main.c:221:6:stopPWM	8	static
../Core/Src/main.c:230:6:pulsePWM	16	static
../Core/Src/main.c:304:6:deadTimePWM	16	static
../Core/Src/main.c:316:6:map	24	static
../Core/Src/main.c:321:10:Constrain	24	static
../Core/Src/main.c:342:5:main	8	static
../Core/Src/main.c:419:6:SystemClock_Config	88	static
../Core/Src/main.c:459:13:MX_NVIC_Init	8	static
../Core/Src/main.c:471:13:MX_TIM1_Init	96	static
../Core/Src/main.c:552:13:MX_TIM4_Init	64	static
../Core/Src/main.c:611:13:MX_USART6_UART_Init	8	static
../Core/Src/main.c:644:13:MX_GPIO_Init	32	static
../Core/Src/main.c:659:6:Flash_Write_All	8	static
../Core/Src/main.c:672:6:Factory_Settings_Load	4	static
../Core/Src/main.c:680:6:Nextion_Settings_Load	4	static
../Core/Src/main.c:684:6:Flash_Read_All	8	static
../Core/Src/main.c:696:6:HAL_TIMEx_BreakCallback	16	static
../Core/Src/main.c:706:6:FN_MAIN_PAGE	16	static
../Core/Src/main.c:745:6:FN_TORQUE_PAGE	16	static
../Core/Src/main.c:905:6:FN_RPM_PAGE	16	static
../Core/Src/main.c:1069:6:FN_START_TEST	4	static
../Core/Src/main.c:1074:6:FN_AUTOMATIC_TEST	4	static
../Core/Src/main.c:1080:6:FN_MANUAL_TEST	4	static
../Core/Src/main.c:1086:6:FN_PARAMETERS_PAGE	8	static
../Core/Src/main.c:1096:6:FN_GRAPHIC_PAGE	4	static
../Core/Src/main.c:1100:6:FN_CALIBRATION_PAGE	4	static
../Core/Src/main.c:1104:6:FN_LOGIN_PAGE	4	static
../Core/Src/main.c:1110:6:Clear_rx_buffer	16	static
../Core/Src/main.c:1116:6:nextion_command_control	4	static
../Core/Src/main.c:1171:6:HAL_UART_ErrorCallback	16	static
../Core/Src/main.c:1178:6:HAL_UART_RxCpltCallback	16	static
../Core/Src/main.c:1238:6:Error_Handler	4	static,ignoring_inline_asm
