../Core/Src/main.c:76:6:startPWM	8	static
../Core/Src/main.c:85:6:stopPWM	8	static
../Core/Src/main.c:94:6:pulsePWM	16	static
../Core/Src/main.c:168:6:deadTimePWM	16	static
../Core/Src/main.c:182:6:map	24	static
../Core/Src/main.c:187:10:Constrain	24	static
../Core/Src/main.c:208:5:main	16	static
../Core/Src/main.c:282:6:SystemClock_Config	88	static
../Core/Src/main.c:323:13:MX_TIM1_Init	96	static
../Core/Src/main.c:404:13:MX_TIM4_Init	64	static
../Core/Src/main.c:463:13:MX_GPIO_Init	32	static
../Core/Src/main.c:476:6:HAL_TIMEx_BreakCallback	16	static
../Core/Src/main.c:490:6:Error_Handler	4	static,ignoring_inline_asm
