../Core/Src/main.c:199:6:startPWM	8	static
../Core/Src/main.c:208:6:stopPWM	8	static
../Core/Src/main.c:217:6:pulsePWM	16	static
../Core/Src/main.c:291:6:deadTimePWM	16	static
../Core/Src/main.c:305:6:map	24	static
../Core/Src/main.c:310:10:Constrain	24	static
../Core/Src/main.c:331:5:main	8	static
../Core/Src/main.c:410:6:SystemClock_Config	88	static
../Core/Src/main.c:450:13:MX_NVIC_Init	8	static
../Core/Src/main.c:462:13:MX_TIM1_Init	96	static
../Core/Src/main.c:543:13:MX_TIM4_Init	64	static
../Core/Src/main.c:602:13:MX_USART6_UART_Init	8	static
../Core/Src/main.c:635:13:MX_GPIO_Init	32	static
../Core/Src/main.c:649:6:HAL_TIMEx_BreakCallback	16	static
../Core/Src/main.c:659:6:FN_MAIN_PAGE	16	static
../Core/Src/main.c:702:6:FN_TORQUE_PAGE	4	static
../Core/Src/main.c:709:6:FN_RPM_PAGE	4	static
../Core/Src/main.c:716:6:FN_START_TEST	4	static
../Core/Src/main.c:721:6:FN_AUTOMATIC_TEST	4	static
../Core/Src/main.c:727:6:FN_MANUAL_TEST	4	static
../Core/Src/main.c:733:6:FN_PARAMETERS_PAGE	8	static
../Core/Src/main.c:743:6:FN_GRAPHIC_PAGE	4	static
../Core/Src/main.c:747:6:FN_CALIBRATION_PAGE	4	static
../Core/Src/main.c:751:6:FN_LOGIN_PAGE	4	static
../Core/Src/main.c:757:6:Clear_rx_buffer	16	static
../Core/Src/main.c:763:6:nextion_command_control	4	static
../Core/Src/main.c:1014:6:HAL_UART_ErrorCallback	16	static
../Core/Src/main.c:1021:6:HAL_UART_RxCpltCallback	16	static
../Core/Src/main.c:1081:6:Error_Handler	4	static,ignoring_inline_asm
