../Core/Src/main.c:278:6:startPWM	8	static
../Core/Src/main.c:287:6:stopPWM	8	static
../Core/Src/main.c:296:6:pulsePWM	16	static
../Core/Src/main.c:370:6:deadTimePWM	16	static
../Core/Src/main.c:382:6:map	24	static
../Core/Src/main.c:387:10:Constrain	24	static
../Core/Src/main.c:408:5:main	8	static
../Core/Src/main.c:485:6:SystemClock_Config	88	static
../Core/Src/main.c:525:13:MX_NVIC_Init	8	static
../Core/Src/main.c:537:13:MX_TIM1_Init	96	static
../Core/Src/main.c:618:13:MX_TIM4_Init	64	static
../Core/Src/main.c:677:13:MX_USART6_UART_Init	8	static
../Core/Src/main.c:710:13:MX_GPIO_Init	32	static
../Core/Src/main.c:725:6:Flash_Write_All	8	static
../Core/Src/main.c:752:6:Factory_Settings_Load	4	static
../Core/Src/main.c:774:6:Nextion_Settings_Load	4	static
../Core/Src/main.c:778:6:Flash_Read_All	8	static
../Core/Src/main.c:818:6:HAL_TIMEx_BreakCallback	16	static
../Core/Src/main.c:828:6:FN_MAIN_PAGE	16	static
../Core/Src/main.c:867:6:FN_TORQUE_PAGE	16	static
../Core/Src/main.c:1027:6:FN_RPM_PAGE	16	static
../Core/Src/main.c:1191:6:FN_START_TEST	4	static
../Core/Src/main.c:1196:6:FN_AUTOMATIC_TEST	4	static
../Core/Src/main.c:1202:6:FN_MANUAL_TEST	4	static
../Core/Src/main.c:1208:6:FN_PARAMETERS_PAGE	8	static
../Core/Src/main.c:1218:6:FN_GRAPHIC_PAGE	4	static
../Core/Src/main.c:1222:6:FN_CALIBRATION_PAGE	4	static
../Core/Src/main.c:1226:6:FN_LOGIN_PAGE	4	static
../Core/Src/main.c:1232:6:Clear_rx_buffer	16	static
../Core/Src/main.c:1238:6:nextion_command_control	4	static
../Core/Src/main.c:1293:6:HAL_UART_ErrorCallback	16	static
../Core/Src/main.c:1300:6:HAL_UART_RxCpltCallback	16	static
../Core/Src/main.c:1360:6:Error_Handler	4	static,ignoring_inline_asm
