../Core/Src/main.c:206:6:startPWM	8	static
../Core/Src/main.c:215:6:stopPWM	8	static
../Core/Src/main.c:224:6:pulsePWM	16	static
../Core/Src/main.c:298:6:deadTimePWM	16	static
../Core/Src/main.c:310:6:map	24	static
../Core/Src/main.c:315:10:Constrain	24	static
../Core/Src/main.c:336:5:main	8	static
../Core/Src/main.c:413:6:SystemClock_Config	88	static
../Core/Src/main.c:453:13:MX_NVIC_Init	8	static
../Core/Src/main.c:465:13:MX_TIM1_Init	96	static
../Core/Src/main.c:546:13:MX_TIM4_Init	64	static
../Core/Src/main.c:605:13:MX_USART6_UART_Init	8	static
../Core/Src/main.c:638:13:MX_GPIO_Init	32	static
../Core/Src/main.c:653:6:Flash_Write_All	8	static
../Core/Src/main.c:666:6:Factory_Settings_Load	4	static
../Core/Src/main.c:674:6:Nextion_Settings_Load	4	static
../Core/Src/main.c:678:6:Flash_Read_All	8	static
../Core/Src/main.c:690:6:HAL_TIMEx_BreakCallback	16	static
../Core/Src/main.c:700:6:FN_MAIN_PAGE	16	static
../Core/Src/main.c:739:6:FN_TORQUE_PAGE	16	static
../Core/Src/main.c:898:6:FN_RPM_PAGE	16	static
../Core/Src/main.c:1055:6:Clear_rx_buffer	16	static
../Core/Src/main.c:1061:6:nextion_command_control	4	static
../Core/Src/main.c:1116:6:HAL_UART_ErrorCallback	16	static
../Core/Src/main.c:1123:6:HAL_UART_RxCpltCallback	16	static
../Core/Src/main.c:1183:6:Error_Handler	4	static,ignoring_inline_asm
