../Core/Src/nextion.c:38:6:Nextion_Set_Text	48	static
../Core/Src/nextion.c:47:6:Nextion_Set_Value	48	static
../Core/Src/nextion.c:58:6:Nextion_Get_Value	56	static
../Core/Src/nextion.c:91:6:Nextion_Send_Command	64	static
../Core/Src/nextion.c:105:6:Nextion_Send_Parameters	4	static
../Core/Src/nextion.c:110:6:Nextion_Waveform	48	static
../Core/Src/nextion.c:126:6:Nextion_SetGraphic	56	static
../Core/Src/nextion.c:134:6:Nextion_Page	48	static
../Core/Src/nextion.c:152:6:recvRetNumber	40	static
../Core/Src/nextion.c:200:10:recvRetString	152	static
../Core/Src/nextion.c:232:6:sendCommand	16	static
../Core/Src/nextion.c:256:6:recvRetCommandFinished	32	static
../Core/Src/nextion.c:277:6:nexInit	24	static
../Core/Src/nextion.c:331:10:nex_getText	88	static
../Core/Src/nextion.c:341:6:nex_setText	88	static
../Core/Src/nextion.c:352:6:nex_getPic	88	static
../Core/Src/nextion.c:362:6:nex_setPic	96	static
../Core/Src/nextion.c:376:6:nex_getValue	88	static
../Core/Src/nextion.c:388:6:nex_setValue	96	static
../Core/Src/nextion.c:403:6:nex_goToPage	80	static
../Core/Src/nextion.c:419:6:nex_click	128	static
../Core/Src/nextion.c:433:6:nex_hide	80	static
../Core/Src/nextion.c:441:6:nex_show	80	static
../Core/Src/nextion.c:449:6:nex_reset	8	static
