Archive member included to satisfy reference by file (symbol)

c:/st/stm32cubeide_1.9.0/stm32cubeide/plugins/com.st.stm32cube.ide.mcu.externaltools.gnu-tools-for-stm32.10.3-2021.10.win32_1.0.0.202111181127/tools/bin/../lib/gcc/arm-none-eabi/10.3.1/../../../../arm-none-eabi/lib/thumb/v7e-m+fp/hard\libc_nano.a(lib_a-errno.o)
                              ./Core/Src/syscalls.o (__errno)
c:/st/stm32cubeide_1.9.0/stm32cubeide/plugins/com.st.stm32cube.ide.mcu.externaltools.gnu-tools-for-stm32.10.3-2021.10.win32_1.0.0.202111181127/tools/bin/../lib/gcc/arm-none-eabi/10.3.1/../../../../arm-none-eabi/lib/thumb/v7e-m+fp/hard\libc_nano.a(lib_a-exit.o)
                              c:/st/stm32cubeide_1.9.0/stm32cubeide/plugins/com.st.stm32cube.ide.mcu.externaltools.gnu-tools-for-stm32.10.3-2021.10.win32_1.0.0.202111181127/tools/bin/../lib/gcc/arm-none-eabi/10.3.1/../../../../arm-none-eabi/lib/thumb/v7e-m+fp/hard/crt0.o (exit)
c:/st/stm32cubeide_1.9.0/stm32cubeide/plugins/com.st.stm32cube.ide.mcu.externaltools.gnu-tools-for-stm32.10.3-2021.10.win32_1.0.0.202111181127/tools/bin/../lib/gcc/arm-none-eabi/10.3.1/../../../../arm-none-eabi/lib/thumb/v7e-m+fp/hard\libc_nano.a(lib_a-impure.o)
                              c:/st/stm32cubeide_1.9.0/stm32cubeide/plugins/com.st.stm32cube.ide.mcu.externaltools.gnu-tools-for-stm32.10.3-2021.10.win32_1.0.0.202111181127/tools/bin/../lib/gcc/arm-none-eabi/10.3.1/../../../../arm-none-eabi/lib/thumb/v7e-m+fp/hard\libc_nano.a(lib_a-exit.o) (_global_impure_ptr)
c:/st/stm32cubeide_1.9.0/stm32cubeide/plugins/com.st.stm32cube.ide.mcu.externaltools.gnu-tools-for-stm32.10.3-2021.10.win32_1.0.0.202111181127/tools/bin/../lib/gcc/arm-none-eabi/10.3.1/../../../../arm-none-eabi/lib/thumb/v7e-m+fp/hard\libc_nano.a(lib_a-init.o)
                              c:/st/stm32cubeide_1.9.0/stm32cubeide/plugins/com.st.stm32cube.ide.mcu.externaltools.gnu-tools-for-stm32.10.3-2021.10.win32_1.0.0.202111181127/tools/bin/../lib/gcc/arm-none-eabi/10.3.1/../../../../arm-none-eabi/lib/thumb/v7e-m+fp/hard/crt0.o (__libc_init_array)
c:/st/stm32cubeide_1.9.0/stm32cubeide/plugins/com.st.stm32cube.ide.mcu.externaltools.gnu-tools-for-stm32.10.3-2021.10.win32_1.0.0.202111181127/tools/bin/../lib/gcc/arm-none-eabi/10.3.1/../../../../arm-none-eabi/lib/thumb/v7e-m+fp/hard\libc_nano.a(lib_a-memset.o)
                              c:/st/stm32cubeide_1.9.0/stm32cubeide/plugins/com.st.stm32cube.ide.mcu.externaltools.gnu-tools-for-stm32.10.3-2021.10.win32_1.0.0.202111181127/tools/bin/../lib/gcc/arm-none-eabi/10.3.1/../../../../arm-none-eabi/lib/thumb/v7e-m+fp/hard/crt0.o (memset)
c:/st/stm32cubeide_1.9.0/stm32cubeide/plugins/com.st.stm32cube.ide.mcu.externaltools.gnu-tools-for-stm32.10.3-2021.10.win32_1.0.0.202111181127/tools/bin/../lib/gcc/arm-none-eabi/10.3.1/../../../../arm-none-eabi/lib/thumb/v7e-m+fp/hard\libc_nano.a(lib_a-sprintf.o)
                              ./Core/Src/nextion.o (sprintf)
c:/st/stm32cubeide_1.9.0/stm32cubeide/plugins/com.st.stm32cube.ide.mcu.externaltools.gnu-tools-for-stm32.10.3-2021.10.win32_1.0.0.202111181127/tools/bin/../lib/gcc/arm-none-eabi/10.3.1/../../../../arm-none-eabi/lib/thumb/v7e-m+fp/hard\libc_nano.a(lib_a-strcat.o)
                              ./Core/Src/nextion.o (strcat)
c:/st/stm32cubeide_1.9.0/stm32cubeide/plugins/com.st.stm32cube.ide.mcu.externaltools.gnu-tools-for-stm32.10.3-2021.10.win32_1.0.0.202111181127/tools/bin/../lib/gcc/arm-none-eabi/10.3.1/../../../../arm-none-eabi/lib/thumb/v7e-m+fp/hard\libc_nano.a(lib_a-strlen.o)
                              ./Core/Src/nextion.o (strlen)
c:/st/stm32cubeide_1.9.0/stm32cubeide/plugins/com.st.stm32cube.ide.mcu.externaltools.gnu-tools-for-stm32.10.3-2021.10.win32_1.0.0.202111181127/tools/bin/../lib/gcc/arm-none-eabi/10.3.1/../../../../arm-none-eabi/lib/thumb/v7e-m+fp/hard\libc_nano.a(lib_a-strncpy.o)
                              ./Core/Src/nextion.o (strncpy)
c:/st/stm32cubeide_1.9.0/stm32cubeide/plugins/com.st.stm32cube.ide.mcu.externaltools.gnu-tools-for-stm32.10.3-2021.10.win32_1.0.0.202111181127/tools/bin/../lib/gcc/arm-none-eabi/10.3.1/../../../../arm-none-eabi/lib/thumb/v7e-m+fp/hard\libc_nano.a(lib_a-utoa.o)
                              ./Core/Src/nextion.o (utoa)
c:/st/stm32cubeide_1.9.0/stm32cubeide/plugins/com.st.stm32cube.ide.mcu.externaltools.gnu-tools-for-stm32.10.3-2021.10.win32_1.0.0.202111181127/tools/bin/../lib/gcc/arm-none-eabi/10.3.1/../../../../arm-none-eabi/lib/thumb/v7e-m+fp/hard\libc_nano.a(lib_a-nano-svfprintf.o)
                              c:/st/stm32cubeide_1.9.0/stm32cubeide/plugins/com.st.stm32cube.ide.mcu.externaltools.gnu-tools-for-stm32.10.3-2021.10.win32_1.0.0.202111181127/tools/bin/../lib/gcc/arm-none-eabi/10.3.1/../../../../arm-none-eabi/lib/thumb/v7e-m+fp/hard\libc_nano.a(lib_a-sprintf.o) (_svfprintf_r)
[...]
Memory Configuration

Name             Origin             Length             Attributes
CCMRAM           0x0000000010000000 0x0000000000010000 xrw
RAM              0x0000000020000000 0x0000000000020000 xrw
FLASH            0x0000000008000000 0x0000000000100000 xr
*default*        0x0000000000000000 0xffffffffffffffff

Linker script and memory map

LOAD c:/st/stm32cubeide_1.9.0/stm32cubeide/plugins/com.st.stm32cube.ide.mcu.externaltools.gnu-tools-for-stm32.10.3-2021.10.win32_1.0.0.202111181127/tools/bin/../lib/gcc/arm-none-eabi/10.3.1/thumb/v7e-m+fp/hard/crti.o
LOAD c:/st/stm32cubeide_1.9.0/stm32cubeide/plugins/com.st.stm32cube.ide.mcu.externaltools.gnu-tools-for-stm32.10.3-2021.10.win32_1.0.0.202111181127/tools/bin/../lib/gcc/arm-none-eabi/10.3.1/thumb/v7e-m+fp/hard/crtbegin.o
LOAD c:/st/stm32cubeide_1.9.0/stm32cubeide/plugins/com.st.stm32cube.ide.mcu.externaltools.gnu-tools-for-stm32.10.3-2021.10.win32_1.0.0.202111181127/tools/bin/../lib/gcc/arm-none-eabi/10.3.1/../../../../arm-none-eabi/lib/thumb/v7e-m+fp/hard/crt0.o
LOAD ./Core/Src/flash.o
LOAD ./Core/Src/main.o
LOAD ./Core/Src/nextion.o
LOAD ./Core/Src/stm32f4xx_hal_msp.o
LOAD ./Core/Src/stm32f4xx_it.o
LOAD ./Core/Src/syscalls.o
LOAD ./Core/Src/sysmem.o
LOAD ./Core/Src/system_stm32f4xx.o
LOAD ./Core/Startup/startup_stm32f407vgtx.o
LOAD ./Drivers/STM32F4xx_HAL_Driver/Src/stm32f4xx_hal.o
LOAD ./Drivers/STM32F4xx_HAL_Driver/Src/stm32f4xx_hal_cortex.o
LOAD ./Drivers/STM32F4xx_HAL_Driver/Src/stm32f4xx_hal_dma.o
LOAD ./Drivers/STM32F4xx_HAL_Driver/Src/stm32f4xx_hal_dma_ex.o
LOAD ./Drivers/STM32F4xx_HAL_Driver/Src/stm32f4xx_hal_exti.o
LOAD ./Drivers/STM32F4xx_HAL_Driver/Src/stm32f4xx_hal_flash.o
LOAD ./Drivers/STM32F4xx_HAL_Driver/Src/stm32f4xx_hal_flash_ex.o
LOAD ./Drivers/STM32F4xx_HAL_Driver/Src/stm32f4xx_hal_flash_ramfunc.o
LOAD ./Drivers/STM32F4xx_HAL_Driver/Src/stm32f4xx_hal_gpio.o
LOAD ./Drivers/STM32F4xx_HAL_Driver/Src/stm32f4xx_hal_pwr.o
LOAD ./Drivers/STM32F4xx_HAL_Driver/Src/stm32f4xx_hal_pwr_ex.o
LOAD ./Drivers/STM32F4xx_HAL_Driver/Src/stm32f4xx_hal_rcc.o
LOAD ./Drivers/STM32F4xx_HAL_Driver/Src/stm32f4xx_hal_rcc_ex.o
LOAD ./Drivers/STM32F4xx_HAL_Driver/Src/stm32f4xx_hal_tim.o
LOAD ./Drivers/STM32F4xx_HAL_Driver/Src/stm32f4xx_hal_tim_ex.o
LOAD ./Drivers/STM32F4xx_HAL_Driver/Src/stm32f4xx_hal_uart.o
START GROUP
LOAD c:/st/stm32cubeide_1.9.0/stm32cubeide/plugins/com.st.stm32cube.ide.mcu.externaltools.gnu-tools-for-stm32.10.3-2021.10.win32_1.0.0.202111181127/tools/bin/../lib/gcc/arm-none-eabi/10.3.1/../../../../arm-none-eabi/lib/thumb/v7e-m+fp/hard\libc_nano.a
LOAD c:/st/stm32cubeide_1.9.0/stm32cubeide/plugins/com.st.stm32cube.ide.mcu.externaltools.gnu-tools-for-stm32.10.3-2021.10.win32_1.0.0.202111181127/tools/bin/../lib/gcc/arm-none-eabi/10.3.1/../../../../arm-none-eabi/lib/thumb/v7e-m+fp/hard\libm.a
END GROUP
START GROUP
LOAD c:/st/stm32cubeide_1.9.0/stm32cubeide/plugins/com.st.stm32cube.ide.mcu.externaltools.gnu-tools-for-stm32.10.3-2021.10.win32_1.0.0.202111181127/tools/bin/../lib/gcc/arm-none-eabi/10.3.1/thumb/v7e-m+fp/hard\libgcc.a
LOAD c:/st/stm32cubeide_1.9.0/stm32cubeide/plugins/com.st.stm32cube.ide.mcu.externaltools.gnu-tools-for-stm32.10.3-2021.10.win32_1.0.0.202111181127/tools/bin/../lib/gcc/arm-none-eabi/10.3.1/../../../../arm-none-eabi/lib/thumb/v7e-m+fp/hard\libc_nano.a
END GROUP
START GROUP
LOAD c:/st/stm32cubeide_1.9.0/stm32cubeide/plugins/com.st.stm32cube.ide.mcu.externaltools.gnu-tools-for-stm32.10.3-2021.10.win32_1.0.0.202111181127/tools/bin/../lib/gcc/arm-none-eabi/10.3.1/thumb/v7e-m+fp/hard\libgcc.a
LOAD c:/st/stm32cubeide_1.9.0/stm32cubeide/plugins/com.st.stm32cube.ide.mcu.externaltools.gnu-tools-for-stm32.10.3-2021.10.win32_1.0.0.202111181127/tools/bin/../lib/gcc/arm-none-eabi/10.3.1/../../../../arm-none-eabi/lib/thumb/v7e-m+fp/hard\libc_nano.a
LOAD c:/st/stm32cubeide_1.9.0/stm32cubeide/plugins/com.st.stm32cube.ide.mcu.externaltools.gnu-tools-for-stm32.10.3-2021.10.win32_1.0.0.202111181127/tools/bin/../lib/gcc/arm-none-eabi/10.3.1/../../../../arm-none-eabi/lib/thumb/v7e-m+fp/hard\libnosys.a
END GROUP
START GROUP
LOAD c:/st/stm32cubeide_1.9.0/stm32cubeide/plugins/com.st.stm32cube.ide.mcu.externaltools.gnu-tools-for-stm32.10.3-2021.10.win32_1.0.0.202111181127/tools/bin/../lib/gcc/arm-none-eabi/10.3.1/thumb/v7e-m+fp/hard\libgcc.a
LOAD c:/st/stm32cubeide_1.9.0/stm32cubeide/plugins/com.st.stm32cube.ide.mcu.externaltools.gnu-tools-for-stm32.10.3-2021.10.win32_1.0.0.202111181127/tools/bin/../lib/gcc/arm-none-eabi/10.3.1/../../../../arm-none-eabi/lib/thumb/v7e-m+fp/hard\libc_nano.a
LOAD c:/st/stm32cubeide_1.9.0/stm32cubeide/plugins/com.st.stm32cube.ide.mcu.externaltools.gnu-tools-for-stm32.10.3-2021.10.win32_1.0.0.202111181127/tools/bin/../lib/gcc/arm-none-eabi/10.3.1/../../../../arm-none-eabi/lib/thumb/v7e-m+fp/hard\libnosys.a
END GROUP
LOAD c:/st/stm32cubeide_1.9.0/stm32cubeide/plugins/com.st.stm32cube.ide.mcu.externaltools.gnu-tools-for-stm32.10.3-2021.10.win32_1.0.0.202111181127/tools/bin/../lib/gcc/arm-none-eabi/10.3.1/thumb/v7e-m+fp/hard/crtend.o
LOAD c:/st/stm32cubeide_1.9.0/stm32cubeide/plugins/com.st.stm32cube.ide.mcu.externaltools.gnu-tools-for-stm32.10.3-2021.10.win32_1.0.0.202111181127/tools/bin/../lib/gcc/arm-none-eabi/10.3.1/thumb/v7e-m+fp/hard/crtn.o
                0x0000000020020000                _estack = (ORIGIN (RAM) + LENGTH (RAM))
                0x0000000000002000                _Min_Heap_Size = 0x2000
                0x0000000000004000                _Min_Stack_Size = 0x4000

.isr_vector     0x0000000008000000      0x188
                0x0000000008000000                . = ALIGN (0x4)
 *(.isr_vector)
 .isr_vector    0x0000000008000000      0x188 ./Core/Startup/startup_stm32f407vgtx.o
                0x0000000008000000                g_pfnVectors
                0x0000000008000188                . = ALIGN (0x4)

.text           0x0000000008000190     0x6158
                0x0000000008000190                . = ALIGN (0x4)
 *(.text)
 .text          0x0000000008000190       0x40 c:/st/stm32cubeide_1.9.0/stm32cubeide/plugins/com.st.stm32cube.ide.mcu.externaltools.gnu-tools-for-stm32.10.3-2021.10.win32_1.0.0.202111181127/tools/bin/../lib/gcc/arm-none-eabi/10.3.1/thumb/v7e-m+fp/hard/crtbegin.o
 .text          0x00000000080001d0       0xa0 c:/st/stm32cubeide_1.9.0/stm32cubeide/plugins/com.st.stm32cube.ide.mcu.externaltools.gnu-tools-for-stm32.10.3-2021.10.win32_1.0.0.202111181127/tools/bin/../lib/gcc/arm-none-eabi/10.3.1/../../../../arm-none-eabi/lib/thumb/v7e-m+fp/hard\libc_nano.a(lib_a-memchr.o)
                0x00000000080001d0                memchr
 .text          0x0000000008000270       0x30 c:/st/stm32cubeide_1.9.0/stm32cubeide/plugins/com.st.stm32cube.ide.mcu.externaltools.gnu-tools-for-stm32.10.3-2021.10.win32_1.0.0.202111181127/tools/bin/../lib/gcc/arm-none-eabi/10.3.1/thumb/v7e-m+fp/hard\libgcc.a(_aeabi_uldivmod.o)
                0x0000000008000270                __aeabi_uldivmod
 .text          0x00000000080002a0      0x2d0 c:/st/stm32cubeide_1.9.0/stm32cubeide/plugins/com.st.stm32cube.ide.mcu.externaltools.gnu-tools-for-stm32.10.3-2021.10.win32_1.0.0.202111181127/tools/bin/../lib/gcc/arm-none-eabi/10.3.1/thumb/v7e-m+fp/hard\libgcc.a(_udivmoddi4.o)
                0x00000000080002a0                __udivmoddi4
 .text          0x0000000008000570        0x4 c:/st/stm32cubeide_1.9.0/stm32cubeide/plugins/com.st.stm32cube.ide.mcu.externaltools.gnu-tools-for-stm32.10.3-2021.10.win32_1.0.0.202111181127/tools/bin/../lib/gcc/arm-none-eabi/10.3.1/thumb/v7e-m+fp/hard\libgcc.a(_dvmd_tls.o)
                0x0000000008000570                __aeabi_idiv0
                0x0000000008000570                __aeabi_ldiv0
 *(.text*)
 .text.Flash_Unlock
                0x0000000008000574       0x20 ./Core/Src/flash.o
                0x0000000008000574                Flash_Unlock
 .text.Flash_Erase
                0x0000000008000594       0x18 ./Core/Src/flash.o
                0x0000000008000594                Flash_Erase
 .text.Flash_Write
                0x00000000080005ac       0x22 ./Core/Src/flash.o
                0x00000000080005ac                Flash_Write
 .text.Flash_Lock
                0x00000000080005ce       0x14 ./Core/Src/flash.o
                0x00000000080005ce                Flash_Lock
 .text.Flash_Read
                0x00000000080005e2       0x1e ./Core/Src/flash.o
                0x00000000080005e2                Flash_Read
 .text.startPWM
                0x0000000008000600       0x2c ./Core/Src/main.o
                0x0000000008000600                startPWM
 .text.stopPWM  0x000000000800062c       0x2c ./Core/Src/main.o
                0x000000000800062c                stopPWM
 .text.pulsePWM
                0x0000000008000658       0x94 ./Core/Src/main.o
                0x0000000008000658                pulsePWM
 .text.deadTimePWM
                0x00000000080006ec       0x34 ./Core/Src/main.o
                0x00000000080006ec                deadTimePWM
 .text.map      0x0000000008000720       0x38 ./Core/Src/main.o
                0x0000000008000720                map
 .text.Constrain
                0x0000000008000758       0x32 ./Core/Src/main.o
                0x0000000008000758                Constrain
 *fill*         0x000000000800078a        0x2 
 .text.main     0x000000000800078c       0xec ./Core/Src/main.o
                0x000000000800078c                main
 .text.SystemClock_Config
                0x0000000008000878       0xbc ./Core/Src/main.o
                0x0000000008000878                SystemClock_Config
 .text.MX_NVIC_Init
                0x0000000008000934       0x18 ./Core/Src/main.o
 .text.MX_TIM1_Init
                0x000000000800094c      0x17c ./Core/Src/main.o
 .text.MX_TIM4_Init
                0x0000000008000ac8       0xf0 ./Core/Src/main.o
 .text.MX_USART6_UART_Init
                0x0000000008000bb8       0x54 ./Core/Src/main.o
 .text.MX_GPIO_Init
                0x0000000008000c0c       0xc0 ./Core/Src/main.o
 .text.Flash_Write_All
                0x0000000008000ccc       0x54 ./Core/Src/main.o
                0x0000000008000ccc                Flash_Write_All
 .text.Flash_Read_All
                0x0000000008000d20       0x50 ./Core/Src/main.o
                0x0000000008000d20                Flash_Read_All
 .text.HAL_TIMEx_BreakCallback
                0x0000000008000d70       0x2c ./Core/Src/main.o
                0x0000000008000d70                HAL_TIMEx_BreakCallback
 .text.FN_MAIN_PAGE
                0x0000000008000d9c      0x17c ./Core/Src/main.o
                0x0000000008000d9c                FN_MAIN_PAGE
 .text.FN_TORQUE_PAGE
                0x0000000008000f18      0x304 ./Core/Src/main.o
                0x0000000008000f18                FN_TORQUE_PAGE
 .text.FN_RPM_PAGE
                0x000000000800121c      0x304 ./Core/Src/main.o
                0x000000000800121c                FN_RPM_PAGE
 .text.Clear_rx_buffer
                0x0000000008001520       0x34 ./Core/Src/main.o
                0x0000000008001520                Clear_rx_buffer
 .text.nextion_command_control
                0x0000000008001554      0x140 ./Core/Src/main.o
                0x0000000008001554                nextion_command_control
 .text.HAL_UART_ErrorCallback
                0x0000000008001694       0x14 ./Core/Src/main.o
                0x0000000008001694                HAL_UART_ErrorCallback
 .text.HAL_UART_RxCpltCallback
                0x00000000080016a8      0x104 ./Core/Src/main.o
                0x00000000080016a8                HAL_UART_RxCpltCallback
 .text.Error_Handler
                0x00000000080017ac        0xa ./Core/Src/main.o
                0x00000000080017ac                Error_Handler
 *fill*         0x00000000080017b6        0x2 
 .text.Nextion_Set_Value
                0x00000000080017b8       0x4c ./Core/Src/nextion.o
                0x00000000080017b8                Nextion_Set_Value
 .text.Nextion_Get_Value
                0x0000000008001804       0x60 ./Core/Src/nextion.o
                0x0000000008001804                Nextion_Get_Value
 .text.Nextion_Send_Command
                0x0000000008001864       0x74 ./Core/Src/nextion.o
                0x0000000008001864                Nextion_Send_Command
 .text.Nextion_Page
                0x00000000080018d8       0x4c ./Core/Src/nextion.o
                0x00000000080018d8                Nextion_Page
 .text.HAL_MspInit
                0x0000000008001924       0x50 ./Core/Src/stm32f4xx_hal_msp.o
                0x0000000008001924                HAL_MspInit
 .text.HAL_TIM_Base_MspInit
                0x0000000008001974       0xcc ./Core/Src/stm32f4xx_hal_msp.o
                0x0000000008001974                HAL_TIM_Base_MspInit
 .text.HAL_TIM_MspPostInit
                0x0000000008001a40      0x108 ./Core/Src/stm32f4xx_hal_msp.o
                0x0000000008001a40                HAL_TIM_MspPostInit
 .text.HAL_UART_MspInit
                0x0000000008001b48       0x90 ./Core/Src/stm32f4xx_hal_msp.o
                0x0000000008001b48                HAL_UART_MspInit
 .text.NMI_Handler
                0x0000000008001bd8        0x6 ./Core/Src/stm32f4xx_it.o
                0x0000000008001bd8                NMI_Handler
 .text.HardFault_Handler
                0x0000000008001bde        0x6 ./Core/Src/stm32f4xx_it.o
                0x0000000008001bde                HardFault_Handler
 .text.MemManage_Handler
                0x0000000008001be4        0x6 ./Core/Src/stm32f4xx_it.o
                0x0000000008001be4                MemManage_Handler
 .text.BusFault_Handler
                0x0000000008001bea        0x6 ./Core/Src/stm32f4xx_it.o
                0x0000000008001bea                BusFault_Handler
 .text.UsageFault_Handler
                0x0000000008001bf0        0x6 ./Core/Src/stm32f4xx_it.o
                0x0000000008001bf0                UsageFault_Handler
 .text.SVC_Handler
                0x0000000008001bf6        0xe ./Core/Src/stm32f4xx_it.o
                0x0000000008001bf6                SVC_Handler
 .text.DebugMon_Handler
                0x0000000008001c04        0xe ./Core/Src/stm32f4xx_it.o
                0x0000000008001c04                DebugMon_Handler
 .text.PendSV_Handler
                0x0000000008001c12        0xe ./Core/Src/stm32f4xx_it.o
                0x0000000008001c12                PendSV_Handler
 .text.SysTick_Handler
                0x0000000008001c20        0xc ./Core/Src/stm32f4xx_it.o
                0x0000000008001c20                SysTick_Handler
 .text.TIM1_BRK_TIM9_IRQHandler
                0x0000000008001c2c       0x14 ./Core/Src/stm32f4xx_it.o
                0x0000000008001c2c                TIM1_BRK_TIM9_IRQHandler
 .text.USART6_IRQHandler
                0x0000000008001c40       0x2c ./Core/Src/stm32f4xx_it.o
                0x0000000008001c40                USART6_IRQHandler
 .text._sbrk    0x0000000008001c6c       0x6c ./Core/Src/sysmem.o
                0x0000000008001c6c                _sbrk
 .text.SystemInit
                0x0000000008001cd8       0x24 ./Core/Src/system_stm32f4xx.o
                0x0000000008001cd8                SystemInit
 .text.Reset_Handler
                0x0000000008001cfc       0x50 ./Core/Startup/startup_stm32f407vgtx.o
                0x0000000008001cfc                Reset_Handler
 .text.Default_Handler
                0x0000000008001d4c        0x2 ./Core/Startup/startup_stm32f407vgtx.o
                0x0000000008001d4c                RTC_Alarm_IRQHandler
                0x0000000008001d4c                HASH_RNG_IRQHandler
                0x0000000008001d4c                EXTI2_IRQHandler
                0x0000000008001d4c                TIM8_CC_IRQHandler
                0x0000000008001d4c                TIM1_CC_IRQHandler
                0x0000000008001d4c                DMA2_Stream5_IRQHandler
                0x0000000008001d4c                DMA1_Stream5_IRQHandler
                0x0000000008001d4c                PVD_IRQHandler
                0x0000000008001d4c                SDIO_IRQHandler
                0x0000000008001d4c                TAMP_STAMP_IRQHandler
                0x0000000008001d4c                CAN2_RX1_IRQHandler
                0x0000000008001d4c                EXTI3_IRQHandler
                0x0000000008001d4c                TIM8_TRG_COM_TIM14_IRQHandler
                0x0000000008001d4c                TIM1_UP_TIM10_IRQHandler
                0x0000000008001d4c                TIM8_UP_TIM13_IRQHandler
                0x0000000008001d4c                I2C3_ER_IRQHandler
                0x0000000008001d4c                EXTI0_IRQHandler
                0x0000000008001d4c                I2C2_EV_IRQHandler
                0x0000000008001d4c                DMA1_Stream2_IRQHandler
                0x0000000008001d4c                CAN1_RX0_IRQHandler
                0x0000000008001d4c                FPU_IRQHandler
                0x0000000008001d4c                OTG_HS_WKUP_IRQHandler
                0x0000000008001d4c                CAN2_SCE_IRQHandler
                0x0000000008001d4c                DMA2_Stream2_IRQHandler
                0x0000000008001d4c                SPI1_IRQHandler
                0x0000000008001d4c                TIM6_DAC_IRQHandler
                0x0000000008001d4c                DCMI_IRQHandler
                0x0000000008001d4c                CAN2_RX0_IRQHandler
                0x0000000008001d4c                DMA2_Stream3_IRQHandler
                0x0000000008001d4c                USART3_IRQHandler
                0x0000000008001d4c                CAN1_RX1_IRQHandler
                0x0000000008001d4c                UART5_IRQHandler
                0x0000000008001d4c                DMA2_Stream0_IRQHandler
                0x0000000008001d4c                TIM4_IRQHandler
                0x0000000008001d4c                I2C1_EV_IRQHandler
                0x0000000008001d4c                DMA1_Stream6_IRQHandler
                0x0000000008001d4c                DMA1_Stream1_IRQHandler
                0x0000000008001d4c                UART4_IRQHandler
                0x0000000008001d4c                TIM3_IRQHandler
                0x0000000008001d4c                RCC_IRQHandler
                0x0000000008001d4c                TIM8_BRK_TIM12_IRQHandler
                0x0000000008001d4c                Default_Handler
                0x0000000008001d4c                EXTI15_10_IRQHandler
                0x0000000008001d4c                ADC_IRQHandler
                0x0000000008001d4c                DMA1_Stream7_IRQHandler
                0x0000000008001d4c                TIM7_IRQHandler
                0x0000000008001d4c                CAN2_TX_IRQHandler
                0x0000000008001d4c                TIM5_IRQHandler
                0x0000000008001d4c                DMA2_Stream7_IRQHandler
                0x0000000008001d4c                I2C3_EV_IRQHandler
                0x0000000008001d4c                EXTI9_5_IRQHandler
                0x0000000008001d4c                RTC_WKUP_IRQHandler
                0x0000000008001d4c                ETH_WKUP_IRQHandler
                0x0000000008001d4c                SPI2_IRQHandler
                0x0000000008001d4c                OTG_HS_EP1_IN_IRQHandler
                0x0000000008001d4c                DMA1_Stream0_IRQHandler
                0x0000000008001d4c                CAN1_TX_IRQHandler
                0x0000000008001d4c                EXTI4_IRQHandler
                0x0000000008001d4c                FSMC_IRQHandler
                0x0000000008001d4c                ETH_IRQHandler
                0x0000000008001d4c                OTG_HS_EP1_OUT_IRQHandler
                0x0000000008001d4c                WWDG_IRQHandler
                0x0000000008001d4c                TIM2_IRQHandler
                0x0000000008001d4c                OTG_FS_WKUP_IRQHandler
                0x0000000008001d4c                TIM1_TRG_COM_TIM11_IRQHandler
                0x0000000008001d4c                OTG_HS_IRQHandler
                0x0000000008001d4c                EXTI1_IRQHandler
                0x0000000008001d4c                USART2_IRQHandler
                0x0000000008001d4c                I2C2_ER_IRQHandler
                0x0000000008001d4c                DMA2_Stream1_IRQHandler
                0x0000000008001d4c                CAN1_SCE_IRQHandler
                0x0000000008001d4c                FLASH_IRQHandler
                0x0000000008001d4c                DMA2_Stream4_IRQHandler
                0x0000000008001d4c                USART1_IRQHandler
                0x0000000008001d4c                OTG_FS_IRQHandler
                0x0000000008001d4c                SPI3_IRQHandler
                0x0000000008001d4c                DMA1_Stream4_IRQHandler
                0x0000000008001d4c                I2C1_ER_IRQHandler
                0x0000000008001d4c                DMA2_Stream6_IRQHandler
                0x0000000008001d4c                DMA1_Stream3_IRQHandler
 *fill*         0x0000000008001d4e        0x2 
 .text.HAL_Init
                0x0000000008001d50       0x44 ./Drivers/STM32F4xx_HAL_Driver/Src/stm32f4xx_hal.o
                0x0000000008001d50                HAL_Init
 .text.HAL_InitTick
                0x0000000008001d94       0x60 ./Drivers/STM32F4xx_HAL_Driver/Src/stm32f4xx_hal.o
                0x0000000008001d94                HAL_InitTick
 .text.HAL_IncTick
                0x0000000008001df4       0x28 ./Drivers/STM32F4xx_HAL_Driver/Src/stm32f4xx_hal.o
                0x0000000008001df4                HAL_IncTick
 .text.HAL_GetTick
                0x0000000008001e1c       0x18 ./Drivers/STM32F4xx_HAL_Driver/Src/stm32f4xx_hal.o
                0x0000000008001e1c                HAL_GetTick
 .text.HAL_Delay
                0x0000000008001e34       0x48 ./Drivers/STM32F4xx_HAL_Driver/Src/stm32f4xx_hal.o
                0x0000000008001e34                HAL_Delay
 .text.__NVIC_SetPriorityGrouping
                0x0000000008001e7c       0x48 ./Drivers/STM32F4xx_HAL_Driver/Src/stm32f4xx_hal_cortex.o
 .text.__NVIC_GetPriorityGrouping
                0x0000000008001ec4       0x1c ./Drivers/STM32F4xx_HAL_Driver/Src/stm32f4xx_hal_cortex.o
 .text.__NVIC_EnableIRQ
                0x0000000008001ee0       0x3c ./Drivers/STM32F4xx_HAL_Driver/Src/stm32f4xx_hal_cortex.o
 .text.__NVIC_SetPriority
                0x0000000008001f1c       0x54 ./Drivers/STM32F4xx_HAL_Driver/Src/stm32f4xx_hal_cortex.o
 .text.NVIC_EncodePriority
                0x0000000008001f70       0x66 ./Drivers/STM32F4xx_HAL_Driver/Src/stm32f4xx_hal_cortex.o
 *fill*         0x0000000008001fd6        0x2 
 .text.SysTick_Config
                0x0000000008001fd8       0x44 ./Drivers/STM32F4xx_HAL_Driver/Src/stm32f4xx_hal_cortex.o
 .text.HAL_NVIC_SetPriorityGrouping
                0x000000000800201c       0x16 ./Drivers/STM32F4xx_HAL_Driver/Src/stm32f4xx_hal_cortex.o
                0x000000000800201c                HAL_NVIC_SetPriorityGrouping
 .text.HAL_NVIC_SetPriority
                0x0000000008002032       0x38 ./Drivers/STM32F4xx_HAL_Driver/Src/stm32f4xx_hal_cortex.o
                0x0000000008002032                HAL_NVIC_SetPriority
 .text.HAL_NVIC_EnableIRQ
                0x000000000800206a       0x1c ./Drivers/STM32F4xx_HAL_Driver/Src/stm32f4xx_hal_cortex.o
                0x000000000800206a                HAL_NVIC_EnableIRQ
 .text.HAL_SYSTICK_Config
                0x0000000008002086       0x18 ./Drivers/STM32F4xx_HAL_Driver/Src/stm32f4xx_hal_cortex.o
                0x0000000008002086                HAL_SYSTICK_Config
 .text.HAL_DMA_Abort
                0x000000000800209e       0xe0 ./Drivers/STM32F4xx_HAL_Driver/Src/stm32f4xx_hal_dma.o
                0x000000000800209e                HAL_DMA_Abort
 .text.HAL_DMA_Abort_IT
                0x000000000800217e       0x44 ./Drivers/STM32F4xx_HAL_Driver/Src/stm32f4xx_hal_dma.o
                0x000000000800217e                HAL_DMA_Abort_IT
 *fill*         0x00000000080021c2        0x2 
 .text.HAL_FLASH_Program
                0x00000000080021c4       0xa8 ./Drivers/STM32F4xx_HAL_Driver/Src/stm32f4xx_hal_flash.o
                0x00000000080021c4                HAL_FLASH_Program
 .text.HAL_FLASH_Unlock
                0x000000000800226c       0x44 ./Drivers/STM32F4xx_HAL_Driver/Src/stm32f4xx_hal_flash.o
                0x000000000800226c                HAL_FLASH_Unlock
 .text.HAL_FLASH_Lock
                0x00000000080022b0       0x20 ./Drivers/STM32F4xx_HAL_Driver/Src/stm32f4xx_hal_flash.o
                0x00000000080022b0                HAL_FLASH_Lock
 .text.FLASH_WaitForLastOperation
                0x00000000080022d0       0x80 ./Drivers/STM32F4xx_HAL_Driver/Src/stm32f4xx_hal_flash.o
                0x00000000080022d0                FLASH_WaitForLastOperation
 .text.FLASH_Program_DoubleWord
                0x0000000008002350       0x64 ./Drivers/STM32F4xx_HAL_Driver/Src/stm32f4xx_hal_flash.o
 .text.FLASH_Program_Word
                0x00000000080023b4       0x44 ./Drivers/STM32F4xx_HAL_Driver/Src/stm32f4xx_hal_flash.o
 .text.FLASH_Program_HalfWord
                0x00000000080023f8       0x48 ./Drivers/STM32F4xx_HAL_Driver/Src/stm32f4xx_hal_flash.o
 .text.FLASH_Program_Byte
                0x0000000008002440       0x44 ./Drivers/STM32F4xx_HAL_Driver/Src/stm32f4xx_hal_flash.o
 .text.FLASH_SetErrorCode
                0x0000000008002484       0xac ./Drivers/STM32F4xx_HAL_Driver/Src/stm32f4xx_hal_flash.o
 .text.FLASH_Erase_Sector
                0x0000000008002530       0x90 ./Drivers/STM32F4xx_HAL_Driver/Src/stm32f4xx_hal_flash_ex.o
                0x0000000008002530                FLASH_Erase_Sector
 .text.HAL_GPIO_Init
                0x00000000080025c0      0x338 ./Drivers/STM32F4xx_HAL_Driver/Src/stm32f4xx_hal_gpio.o
                0x00000000080025c0                HAL_GPIO_Init
 .text.HAL_RCC_OscConfig
                0x00000000080028f8      0x4f0 ./Drivers/STM32F4xx_HAL_Driver/Src/stm32f4xx_hal_rcc.o
                0x00000000080028f8                HAL_RCC_OscConfig
 .text.HAL_RCC_ClockConfig
                0x0000000008002de8      0x1cc ./Drivers/STM32F4xx_HAL_Driver/Src/stm32f4xx_hal_rcc.o
                0x0000000008002de8                HAL_RCC_ClockConfig
 .text.HAL_RCC_GetSysClockFreq
                0x0000000008002fb4      0x20c ./Drivers/STM32F4xx_HAL_Driver/Src/stm32f4xx_hal_rcc.o
                0x0000000008002fb4                HAL_RCC_GetSysClockFreq
 .text.HAL_RCC_GetHCLKFreq
                0x00000000080031c0       0x18 ./Drivers/STM32F4xx_HAL_Driver/Src/stm32f4xx_hal_rcc.o
                0x00000000080031c0                HAL_RCC_GetHCLKFreq
 .text.HAL_RCC_GetPCLK1Freq
                0x00000000080031d8       0x28 ./Drivers/STM32F4xx_HAL_Driver/Src/stm32f4xx_hal_rcc.o
                0x00000000080031d8                HAL_RCC_GetPCLK1Freq
 .text.HAL_RCC_GetPCLK2Freq
                0x0000000008003200       0x28 ./Drivers/STM32F4xx_HAL_Driver/Src/stm32f4xx_hal_rcc.o
                0x0000000008003200                HAL_RCC_GetPCLK2Freq
 .text.HAL_TIM_Base_Init
                0x0000000008003228       0x9e ./Drivers/STM32F4xx_HAL_Driver/Src/stm32f4xx_hal_tim.o
                0x0000000008003228                HAL_TIM_Base_Init
 .text.HAL_TIM_OC_Init
                0x00000000080032c6       0x9e ./Drivers/STM32F4xx_HAL_Driver/Src/stm32f4xx_hal_tim.o
                0x00000000080032c6                HAL_TIM_OC_Init
 .text.HAL_TIM_OC_MspInit
                0x0000000008003364       0x14 ./Drivers/STM32F4xx_HAL_Driver/Src/stm32f4xx_hal_tim.o
                0x0000000008003364                HAL_TIM_OC_MspInit
 .text.HAL_TIM_OC_Start
                0x0000000008003378      0x190 ./Drivers/STM32F4xx_HAL_Driver/Src/stm32f4xx_hal_tim.o
                0x0000000008003378                HAL_TIM_OC_Start
 .text.HAL_TIM_OC_Stop
                0x0000000008003508       0xe0 ./Drivers/STM32F4xx_HAL_Driver/Src/stm32f4xx_hal_tim.o
                0x0000000008003508                HAL_TIM_OC_Stop
 .text.HAL_TIM_PWM_Init
                0x00000000080035e8       0x9e ./Drivers/STM32F4xx_HAL_Driver/Src/stm32f4xx_hal_tim.o
                0x00000000080035e8                HAL_TIM_PWM_Init
 .text.HAL_TIM_PWM_MspInit
                0x0000000008003686       0x14 ./Drivers/STM32F4xx_HAL_Driver/Src/stm32f4xx_hal_tim.o
                0x0000000008003686                HAL_TIM_PWM_MspInit
 *fill*         0x000000000800369a        0x2 
 .text.HAL_TIM_PWM_Start
                0x000000000800369c      0x190 ./Drivers/STM32F4xx_HAL_Driver/Src/stm32f4xx_hal_tim.o
                0x000000000800369c                HAL_TIM_PWM_Start
 .text.HAL_TIM_IRQHandler
                0x000000000800382c      0x210 ./Drivers/STM32F4xx_HAL_Driver/Src/stm32f4xx_hal_tim.o
                0x000000000800382c                HAL_TIM_IRQHandler
 .text.HAL_TIM_OC_ConfigChannel
                0x0000000008003a3c       0xb8 ./Drivers/STM32F4xx_HAL_Driver/Src/stm32f4xx_hal_tim.o
                0x0000000008003a3c                HAL_TIM_OC_ConfigChannel
 .text.HAL_TIM_PWM_ConfigChannel
                0x0000000008003af4      0x184 ./Drivers/STM32F4xx_HAL_Driver/Src/stm32f4xx_hal_tim.o
                0x0000000008003af4                HAL_TIM_PWM_ConfigChannel
 .text.HAL_TIM_ConfigClockSource
                0x0000000008003c78      0x18e ./Drivers/STM32F4xx_HAL_Driver/Src/stm32f4xx_hal_tim.o
                0x0000000008003c78                HAL_TIM_ConfigClockSource
 .text.HAL_TIM_PeriodElapsedCallback
                0x0000000008003e06       0x14 ./Drivers/STM32F4xx_HAL_Driver/Src/stm32f4xx_hal_tim.o
                0x0000000008003e06                HAL_TIM_PeriodElapsedCallback
 .text.HAL_TIM_OC_DelayElapsedCallback
                0x0000000008003e1a       0x14 ./Drivers/STM32F4xx_HAL_Driver/Src/stm32f4xx_hal_tim.o
                0x0000000008003e1a                HAL_TIM_OC_DelayElapsedCallback
 .text.HAL_TIM_IC_CaptureCallback
                0x0000000008003e2e       0x14 ./Drivers/STM32F4xx_HAL_Driver/Src/stm32f4xx_hal_tim.o
                0x0000000008003e2e                HAL_TIM_IC_CaptureCallback
 .text.HAL_TIM_PWM_PulseFinishedCallback
                0x0000000008003e42       0x14 ./Drivers/STM32F4xx_HAL_Driver/Src/stm32f4xx_hal_tim.o
                0x0000000008003e42                HAL_TIM_PWM_PulseFinishedCallback
 .text.HAL_TIM_TriggerCallback
                0x0000000008003e56       0x14 ./Drivers/STM32F4xx_HAL_Driver/Src/stm32f4xx_hal_tim.o
                0x0000000008003e56                HAL_TIM_TriggerCallback
 *fill*         0x0000000008003e6a        0x2 
 .text.TIM_Base_SetConfig
                0x0000000008003e6c      0x140 ./Drivers/STM32F4xx_HAL_Driver/Src/stm32f4xx_hal_tim.o
                0x0000000008003e6c                TIM_Base_SetConfig
 .text.TIM_OC1_SetConfig
                0x0000000008003fac       0xe0 ./Drivers/STM32F4xx_HAL_Driver/Src/stm32f4xx_hal_tim.o
 .text.TIM_OC2_SetConfig
                0x000000000800408c       0xec ./Drivers/STM32F4xx_HAL_Driver/Src/stm32f4xx_hal_tim.o
                0x000000000800408c                TIM_OC2_SetConfig
 .text.TIM_OC3_SetConfig
                0x0000000008004178       0xe8 ./Drivers/STM32F4xx_HAL_Driver/Src/stm32f4xx_hal_tim.o
 .text.TIM_OC4_SetConfig
                0x0000000008004260       0xac ./Drivers/STM32F4xx_HAL_Driver/Src/stm32f4xx_hal_tim.o
 .text.TIM_TI1_ConfigInputStage
                0x000000000800430c       0x5e ./Drivers/STM32F4xx_HAL_Driver/Src/stm32f4xx_hal_tim.o
 .text.TIM_TI2_ConfigInputStage
                0x000000000800436a       0x60 ./Drivers/STM32F4xx_HAL_Driver/Src/stm32f4xx_hal_tim.o
 .text.TIM_ITRx_SetConfig
                0x00000000080043ca       0x36 ./Drivers/STM32F4xx_HAL_Driver/Src/stm32f4xx_hal_tim.o
 .text.TIM_ETR_SetConfig
                0x0000000008004400       0x40 ./Drivers/STM32F4xx_HAL_Driver/Src/stm32f4xx_hal_tim.o
                0x0000000008004400                TIM_ETR_SetConfig
 .text.TIM_CCxChannelCmd
                0x0000000008004440       0x4a ./Drivers/STM32F4xx_HAL_Driver/Src/stm32f4xx_hal_tim.o
                0x0000000008004440                TIM_CCxChannelCmd
 *fill*         0x000000000800448a        0x2 
 .text.HAL_TIMEx_OCN_Start
                0x000000000800448c      0x174 ./Drivers/STM32F4xx_HAL_Driver/Src/stm32f4xx_hal_tim_ex.o
                0x000000000800448c                HAL_TIMEx_OCN_Start
 .text.HAL_TIMEx_OCN_Stop
                0x0000000008004600       0xba ./Drivers/STM32F4xx_HAL_Driver/Src/stm32f4xx_hal_tim_ex.o
                0x0000000008004600                HAL_TIMEx_OCN_Stop
 *fill*         0x00000000080046ba        0x2 
 .text.HAL_TIMEx_MasterConfigSynchronization
                0x00000000080046bc       0xf8 ./Drivers/STM32F4xx_HAL_Driver/Src/stm32f4xx_hal_tim_ex.o
                0x00000000080046bc                HAL_TIMEx_MasterConfigSynchronization
 .text.HAL_TIMEx_ConfigBreakDeadTime
                0x00000000080047b4       0xa4 ./Drivers/STM32F4xx_HAL_Driver/Src/stm32f4xx_hal_tim_ex.o
                0x00000000080047b4                HAL_TIMEx_ConfigBreakDeadTime
 .text.HAL_TIMEx_CommutCallback
                0x0000000008004858       0x14 ./Drivers/STM32F4xx_HAL_Driver/Src/stm32f4xx_hal_tim_ex.o
                0x0000000008004858                HAL_TIMEx_CommutCallback
 .text.TIM_CCxNChannelCmd
                0x000000000800486c       0x4a ./Drivers/STM32F4xx_HAL_Driver/Src/stm32f4xx_hal_tim_ex.o
 .text.HAL_UART_Init
                0x00000000080048b6       0x9a ./Drivers/STM32F4xx_HAL_Driver/Src/stm32f4xx_hal_uart.o
                0x00000000080048b6                HAL_UART_Init
 .text.HAL_UART_Transmit
                0x0000000008004950      0x124 ./Drivers/STM32F4xx_HAL_Driver/Src/stm32f4xx_hal_uart.o
                0x0000000008004950                HAL_UART_Transmit
 .text.HAL_UART_Receive_IT
                0x0000000008004a74       0x60 ./Drivers/STM32F4xx_HAL_Driver/Src/stm32f4xx_hal_uart.o
                0x0000000008004a74                HAL_UART_Receive_IT
 .text.HAL_UART_IRQHandler
                0x0000000008004ad4      0x51c ./Drivers/STM32F4xx_HAL_Driver/Src/stm32f4xx_hal_uart.o
                0x0000000008004ad4                HAL_UART_IRQHandler
 .text.HAL_UART_TxCpltCallback
                0x0000000008004ff0       0x14 ./Drivers/STM32F4xx_HAL_Driver/Src/stm32f4xx_hal_uart.o
                0x0000000008004ff0                HAL_UART_TxCpltCallback
 .text.HAL_UARTEx_RxEventCallback
                0x0000000008005004       0x18 ./Drivers/STM32F4xx_HAL_Driver/Src/stm32f4xx_hal_uart.o
                0x0000000008005004                HAL_UARTEx_RxEventCallback
 .text.UART_WaitOnFlagUntilTimeout
                0x000000000800501c       0xdc ./Drivers/STM32F4xx_HAL_Driver/Src/stm32f4xx_hal_uart.o
 .text.UART_Start_Receive_IT
                0x00000000080050f8       0x7c ./Drivers/STM32F4xx_HAL_Driver/Src/stm32f4xx_hal_uart.o
                0x00000000080050f8                UART_Start_Receive_IT
 .text.UART_EndRxTransfer
                0x0000000008005174       0xc6 ./Drivers/STM32F4xx_HAL_Driver/Src/stm32f4xx_hal_uart.o
 .text.UART_DMAAbortOnError
                0x000000000800523a       0x28 ./Drivers/STM32F4xx_HAL_Driver/Src/stm32f4xx_hal_uart.o
 .text.UART_Transmit_IT
                0x0000000008005262       0xa0 ./Drivers/STM32F4xx_HAL_Driver/Src/stm32f4xx_hal_uart.o
 .text.UART_EndTransmit_IT
                0x0000000008005302       0x30 ./Drivers/STM32F4xx_HAL_Driver/Src/stm32f4xx_hal_uart.o
 .text.UART_Receive_IT
                0x0000000008005332      0x176 ./Drivers/STM32F4xx_HAL_Driver/Src/stm32f4xx_hal_uart.o
 .text.UART_SetConfig
                0x00000000080054a8      0x4e8 ./Drivers/STM32F4xx_HAL_Driver/Src/stm32f4xx_hal_uart.o
 .text.__errno  0x0000000008005990        0xc c:/st/stm32cubeide_1.9.0/stm32cubeide/plugins/com.st.stm32cube.ide.mcu.externaltools.gnu-tools-for-stm32.10.3-2021.10.win32_1.0.0.202111181127/tools/bin/../lib/gcc/arm-none-eabi/10.3.1/../../../../arm-none-eabi/lib/thumb/v7e-m+fp/hard\libc_nano.a(lib_a-errno.o)
                0x0000000008005990                __errno
 .text.__libc_init_array
                0x000000000800599c       0x48 c:/st/stm32cubeide_1.9.0/stm32cubeide/plugins/com.st.stm32cube.ide.mcu.externaltools.gnu-tools-for-stm32.10.3-2021.10.win32_1.0.0.202111181127/tools/bin/../lib/gcc/arm-none-eabi/10.3.1/../../../../arm-none-eabi/lib/thumb/v7e-m+fp/hard\libc_nano.a(lib_a-init.o)
                0x000000000800599c                __libc_init_array
 .text.memset   0x00000000080059e4       0x10 c:/st/stm32cubeide_1.9.0/stm32cubeide/plugins/com.st.stm32cube.ide.mcu.externaltools.gnu-tools-for-stm32.10.3-2021.10.win32_1.0.0.202111181127/tools/bin/../lib/gcc/arm-none-eabi/10.3.1/../../../../arm-none-eabi/lib/thumb/v7e-m+fp/hard\libc_nano.a(lib_a-memset.o)
                0x00000000080059e4                memset
 .text.sprintf  0x00000000080059f4       0x40 c:/st/stm32cubeide_1.9.0/stm32cubeide/plugins/com.st.stm32cube.ide.mcu.externaltools.gnu-tools-for-stm32.10.3-2021.10.win32_1.0.0.202111181127/tools/bin/../lib/gcc/arm-none-eabi/10.3.1/../../../../arm-none-eabi/lib/thumb/v7e-m+fp/hard\libc_nano.a(lib_a-sprintf.o)
                0x00000000080059f4                siprintf
                0x00000000080059f4                sprintf
 .text.__ssputs_r
                0x0000000008005a34       0xb6 c:/st/stm32cubeide_1.9.0/stm32cubeide/plugins/com.st.stm32cube.ide.mcu.externaltools.gnu-tools-for-stm32.10.3-2021.10.win32_1.0.0.202111181127/tools/bin/../lib/gcc/arm-none-eabi/10.3.1/../../../../arm-none-eabi/lib/thumb/v7e-m+fp/hard\libc_nano.a(lib_a-nano-svfprintf.o)
                0x0000000008005a34                __ssputs_r
 *fill*         0x0000000008005aea        0x2 
 .text._svfprintf_r
                0x0000000008005aec      0x200 c:/st/stm32cubeide_1.9.0/stm32cubeide/plugins/com.st.stm32cube.ide.mcu.externaltools.gnu-tools-for-stm32.10.3-2021.10.win32_1.0.0.202111181127/tools/bin/../lib/gcc/arm-none-eabi/10.3.1/../../../../arm-none-eabi/lib/thumb/v7e-m+fp/hard\libc_nano.a(lib_a-nano-svfprintf.o)
                0x0000000008005aec                _svfiprintf_r
                0x0000000008005aec                _svfprintf_r
 .text._printf_common
                0x0000000008005cec       0xda c:/st/stm32cubeide_1.9.0/stm32cubeide/plugins/com.st.stm32cube.ide.mcu.externaltools.gnu-tools-for-stm32.10.3-2021.10.win32_1.0.0.202111181127/tools/bin/../lib/gcc/arm-none-eabi/10.3.1/../../../../arm-none-eabi/lib/thumb/v7e-m+fp/hard\libc_nano.a(lib_a-nano-vfprintf_i.o)
                0x0000000008005cec                _printf_common
 *fill*         0x0000000008005dc6        0x2 
 .text._printf_i
                0x0000000008005dc8      0x24c c:/st/stm32cubeide_1.9.0/stm32cubeide/plugins/com.st.stm32cube.ide.mcu.externaltools.gnu-tools-for-stm32.10.3-2021.10.win32_1.0.0.202111181127/tools/bin/../lib/gcc/arm-none-eabi/10.3.1/../../../../arm-none-eabi/lib/thumb/v7e-m+fp/hard\libc_nano.a(lib_a-nano-vfprintf_i.o)
                0x0000000008005dc8                _printf_i
 .text.memcpy   0x0000000008006014       0x1c c:/st/stm32cubeide_1.9.0/stm32cubeide/plugins/com.st.stm32cube.ide.mcu.externaltools.gnu-tools-for-stm32.10.3-2021.10.win32_1.0.0.202111181127/tools/bin/../lib/gcc/arm-none-eabi/10.3.1/../../../../arm-none-eabi/lib/thumb/v7e-m+fp/hard\libc_nano.a(lib_a-memcpy-stub.o)
                0x0000000008006014                memcpy
 .text.memmove  0x0000000008006030       0x34 c:/st/stm32cubeide_1.9.0/stm32cubeide/plugins/com.st.stm32cube.ide.mcu.externaltools.gnu-tools-for-stm32.10.3-2021.10.win32_1.0.0.202111181127/tools/bin/../lib/gcc/arm-none-eabi/10.3.1/../../../../arm-none-eabi/lib/thumb/v7e-m+fp/hard\libc_nano.a(lib_a-memmove.o)
                0x0000000008006030                memmove
 .text._free_r  0x0000000008006064       0x98 c:/st/stm32cubeide_1.9.0/stm32cubeide/plugins/com.st.stm32cube.ide.mcu.externaltools.gnu-tools-for-stm32.10.3-2021.10.win32_1.0.0.202111181127/tools/bin/../lib/gcc/arm-none-eabi/10.3.1/../../../../arm-none-eabi/lib/thumb/v7e-m+fp/hard\libc_nano.a(lib_a-nano-freer.o)
                0x0000000008006064                _free_r
 .text.sbrk_aligned
                0x00000000080060fc       0x40 c:/st/stm32cubeide_1.9.0/stm32cubeide/plugins/com.st.stm32cube.ide.mcu.externaltools.gnu-tools-for-stm32.10.3-2021.10.win32_1.0.0.202111181127/tools/bin/../lib/gcc/arm-none-eabi/10.3.1/../../../../arm-none-eabi/lib/thumb/v7e-m+fp/hard\libc_nano.a(lib_a-nano-mallocr.o)
 .text._malloc_r
                0x000000000800613c       0xe8 c:/st/stm32cubeide_1.9.0/stm32cubeide/plugins/com.st.stm32cube.ide.mcu.externaltools.gnu-tools-for-stm32.10.3-2021.10.win32_1.0.0.202111181127/tools/bin/../lib/gcc/arm-none-eabi/10.3.1/../../../../arm-none-eabi/lib/thumb/v7e-m+fp/hard\libc_nano.a(lib_a-nano-mallocr.o)
                0x000000000800613c                _malloc_r
 .text._realloc_r
                0x0000000008006224       0x5e c:/st/stm32cubeide_1.9.0/stm32cubeide/plugins/com.st.stm32cube.ide.mcu.externaltools.gnu-tools-for-stm32.10.3-2021.10.win32_1.0.0.202111181127/tools/bin/../lib/gcc/arm-none-eabi/10.3.1/../../../../arm-none-eabi/lib/thumb/v7e-m+fp/hard\libc_nano.a(lib_a-nano-reallocr.o)
                0x0000000008006224                _realloc_r
 *fill*         0x0000000008006282        0x2 
 .text._sbrk_r  0x0000000008006284       0x20 c:/st/stm32cubeide_1.9.0/stm32cubeide/plugins/com.st.stm32cube.ide.mcu.externaltools.gnu-tools-for-stm32.10.3-2021.10.win32_1.0.0.202111181127/tools/bin/../lib/gcc/arm-none-eabi/10.3.1/../../../../arm-none-eabi/lib/thumb/v7e-m+fp/hard\libc_nano.a(lib_a-sbrkr.o)
                0x0000000008006284                _sbrk_r
 .text.__malloc_lock
                0x00000000080062a4        0xc c:/st/stm32cubeide_1.9.0/stm32cubeide/plugins/com.st.stm32cube.ide.mcu.externaltools.gnu-tools-for-stm32.10.3-2021.10.win32_1.0.0.202111181127/tools/bin/../lib/gcc/arm-none-eabi/10.3.1/../../../../arm-none-eabi/lib/thumb/v7e-m+fp/hard\libc_nano.a(lib_a-mlock.o)
                0x00000000080062a4                __malloc_lock
 .text.__malloc_unlock
                0x00000000080062b0        0xc c:/st/stm32cubeide_1.9.0/stm32cubeide/plugins/com.st.stm32cube.ide.mcu.externaltools.gnu-tools-for-stm32.10.3-2021.10.win32_1.0.0.202111181127/tools/bin/../lib/gcc/arm-none-eabi/10.3.1/../../../../arm-none-eabi/lib/thumb/v7e-m+fp/hard\libc_nano.a(lib_a-mlock.o)
                0x00000000080062b0                __malloc_unlock
 .text._malloc_usable_size_r
                0x00000000080062bc       0x10 c:/st/stm32cubeide_1.9.0/stm32cubeide/plugins/com.st.stm32cube.ide.mcu.externaltools.gnu-tools-for-stm32.10.3-2021.10.win32_1.0.0.202111181127/tools/bin/../lib/gcc/arm-none-eabi/10.3.1/../../../../arm-none-eabi/lib/thumb/v7e-m+fp/hard\libc_nano.a(lib_a-nano-msizer.o)
                0x00000000080062bc                _malloc_usable_size_r
 .text.__retarget_lock_acquire_recursive
                0x00000000080062cc        0x2 c:/st/stm32cubeide_1.9.0/stm32cubeide/plugins/com.st.stm32cube.ide.mcu.externaltools.gnu-tools-for-stm32.10.3-2021.10.win32_1.0.0.202111181127/tools/bin/../lib/gcc/arm-none-eabi/10.3.1/../../../../arm-none-eabi/lib/thumb/v7e-m+fp/hard\libc_nano.a(lib_a-lock.o)
                0x00000000080062cc                __retarget_lock_acquire_recursive
 .text.__retarget_lock_release_recursive
                0x00000000080062ce        0x2 c:/st/stm32cubeide_1.9.0/stm32cubeide/plugins/com.st.stm32cube.ide.mcu.externaltools.gnu-tools-for-stm32.10.3-2021.10.win32_1.0.0.202111181127/tools/bin/../lib/gcc/arm-none-eabi/10.3.1/../../../../arm-none-eabi/lib/thumb/v7e-m+fp/hard\libc_nano.a(lib_a-lock.o)
                0x00000000080062ce                __retarget_lock_release_recursive
 *(.glue_7)
 .glue_7        0x00000000080062d0        0x0 linker stubs
 *(.glue_7t)
 .glue_7t       0x00000000080062d0        0x0 linker stubs
 *(.eh_frame)
 .eh_frame      0x00000000080062d0        0x0 c:/st/stm32cubeide_1.9.0/stm32cubeide/plugins/com.st.stm32cube.ide.mcu.externaltools.gnu-tools-for-stm32.10.3-2021.10.win32_1.0.0.202111181127/tools/bin/../lib/gcc/arm-none-eabi/10.3.1/thumb/v7e-m+fp/hard/crtbegin.o
 *(.init)
 .init          0x00000000080062d0        0x4 c:/st/stm32cubeide_1.9.0/stm32cubeide/plugins/com.st.stm32cube.ide.mcu.externaltools.gnu-tools-for-stm32.10.3-2021.10.win32_1.0.0.202111181127/tools/bin/../lib/gcc/arm-none-eabi/10.3.1/thumb/v7e-m+fp/hard/crti.o
                0x00000000080062d0                _init
 .init          0x00000000080062d4        0x8 c:/st/stm32cubeide_1.9.0/stm32cubeide/plugins/com.st.stm32cube.ide.mcu.externaltools.gnu-tools-for-stm32.10.3-2021.10.win32_1.0.0.202111181127/tools/bin/../lib/gcc/arm-none-eabi/10.3.1/thumb/v7e-m+fp/hard/crtn.o
 *(.fini)
 .fini          0x00000000080062dc        0x4 c:/st/stm32cubeide_1.9.0/stm32cubeide/plugins/com.st.stm32cube.ide.mcu.externaltools.gnu-tools-for-stm32.10.3-2021.10.win32_1.0.0.202111181127/tools/bin/../lib/gcc/arm-none-eabi/10.3.1/thumb/v7e-m+fp/hard/crti.o
                0x00000000080062dc                _fini
 .fini          0x00000000080062e0        0x8 c:/st/stm32cubeide_1.9.0/stm32cubeide/plugins/com.st.stm32cube.ide.mcu.externaltools.gnu-tools-for-stm32.10.3-2021.10.win32_1.0.0.202111181127/tools/bin/../lib/gcc/arm-none-eabi/10.3.1/thumb/v7e-m+fp/hard/crtn.o
                0x00000000080062e8                . = ALIGN (0x4)
                0x00000000080062e8                _etext = .

.vfp11_veneer   0x00000000080062e8        0x0
 .vfp11_veneer  0x00000000080062e8        0x0 linker stubs

.v4_bx          0x00000000080062e8        0x0
 .v4_bx         0x00000000080062e8        0x0 linker stubs

.iplt           0x00000000080062e8        0x0
 .iplt          0x00000000080062e8        0x0 c:/st/stm32cubeide_1.9.0/stm32cubeide/plugins/com.st.stm32cube.ide.mcu.externaltools.gnu-tools-for-stm32.10.3-2021.10.win32_1.0.0.202111181127/tools/bin/../lib/gcc/arm-none-eabi/10.3.1/thumb/v7e-m+fp/hard/crtbegin.o

.rodata         0x00000000080062e8      0x16c
                0x00000000080062e8                . = ALIGN (0x4)
 *(.rodata)
 .rodata        0x00000000080062e8       0x54 ./Core/Src/main.o
 .rodata        0x000000000800633c       0xc9 ./Core/Src/nextion.o
 *(.rodata*)
 *fill*         0x0000000008006405        0x3 
 .rodata.AHBPrescTable
                0x0000000008006408       0x10 ./Core/Src/system_stm32f4xx.o
                0x0000000008006408                AHBPrescTable
 .rodata.APBPrescTable
                0x0000000008006418        0x8 ./Core/Src/system_stm32f4xx.o
                0x0000000008006418                APBPrescTable
 .rodata._svfprintf_r.str1.1
                0x0000000008006420       0x11 c:/st/stm32cubeide_1.9.0/stm32cubeide/plugins/com.st.stm32cube.ide.mcu.externaltools.gnu-tools-for-stm32.10.3-2021.10.win32_1.0.0.202111181127/tools/bin/../lib/gcc/arm-none-eabi/10.3.1/../../../../arm-none-eabi/lib/thumb/v7e-m+fp/hard\libc_nano.a(lib_a-nano-svfprintf.o)
 .rodata._printf_i.str1.1
                0x0000000008006431       0x22 c:/st/stm32cubeide_1.9.0/stm32cubeide/plugins/com.st.stm32cube.ide.mcu.externaltools.gnu-tools-for-stm32.10.3-2021.10.win32_1.0.0.202111181127/tools/bin/../lib/gcc/arm-none-eabi/10.3.1/../../../../arm-none-eabi/lib/thumb/v7e-m+fp/hard\libc_nano.a(lib_a-nano-vfprintf_i.o)
                0x0000000008006454                . = ALIGN (0x4)
 *fill*         0x0000000008006453        0x1 

.ARM.extab      0x0000000008006454        0x0
                0x0000000008006454                . = ALIGN (0x4)
 *(.ARM.extab* .gnu.linkonce.armextab.*)
                0x0000000008006454                . = ALIGN (0x4)

.ARM            0x0000000008006454        0x8
                0x0000000008006454                . = ALIGN (0x4)
                0x0000000008006454                __exidx_start = .
 *(.ARM.exidx*)
 .ARM.exidx     0x0000000008006454        0x8 c:/st/stm32cubeide_1.9.0/stm32cubeide/plugins/com.st.stm32cube.ide.mcu.externaltools.gnu-tools-for-stm32.10.3-2021.10.win32_1.0.0.202111181127/tools/bin/../lib/gcc/arm-none-eabi/10.3.1/thumb/v7e-m+fp/hard\libgcc.a(_udivmoddi4.o)
                0x000000000800645c                __exidx_end = .
                0x000000000800645c                . = ALIGN (0x4)

.rel.dyn        0x000000000800645c        0x0
 .rel.iplt      0x000000000800645c        0x0 c:/st/stm32cubeide_1.9.0/stm32cubeide/plugins/com.st.stm32cube.ide.mcu.externaltools.gnu-tools-for-stm32.10.3-2021.10.win32_1.0.0.202111181127/tools/bin/../lib/gcc/arm-none-eabi/10.3.1/thumb/v7e-m+fp/hard/crtbegin.o

.preinit_array  0x000000000800645c        0x0
                0x000000000800645c                . = ALIGN (0x4)
                0x000000000800645c                PROVIDE (__preinit_array_start = .)
 *(.preinit_array*)
                0x000000000800645c                PROVIDE (__preinit_array_end = .)
                0x000000000800645c                . = ALIGN (0x4)

.init_array     0x000000000800645c        0x4
                0x000000000800645c                . = ALIGN (0x4)
                0x000000000800645c                PROVIDE (__init_array_start = .)
 *(SORT_BY_NAME(.init_array.*))
 *(.init_array*)
 .init_array    0x000000000800645c        0x4 c:/st/stm32cubeide_1.9.0/stm32cubeide/plugins/com.st.stm32cube.ide.mcu.externaltools.gnu-tools-for-stm32.10.3-2021.10.win32_1.0.0.202111181127/tools/bin/../lib/gcc/arm-none-eabi/10.3.1/thumb/v7e-m+fp/hard/crtbegin.o
                0x0000000008006460                PROVIDE (__init_array_end = .)
                0x0000000008006460                . = ALIGN (0x4)

.fini_array     0x0000000008006460        0x4
                0x0000000008006460                . = ALIGN (0x4)
                [!provide]                        PROVIDE (__fini_array_start = .)
 *(SORT_BY_NAME(.fini_array.*))
 *(.fini_array*)
 .fini_array    0x0000000008006460        0x4 c:/st/stm32cubeide_1.9.0/stm32cubeide/plugins/com.st.stm32cube.ide.mcu.externaltools.gnu-tools-for-stm32.10.3-2021.10.win32_1.0.0.202111181127/tools/bin/../lib/gcc/arm-none-eabi/10.3.1/thumb/v7e-m+fp/hard/crtbegin.o
                [!provide]                        PROVIDE (__fini_array_end = .)
                0x0000000008006464                . = ALIGN (0x4)
                0x0000000008006464                _sidata = LOADADDR (.data)

.data           0x0000000020000000       0x94 load address 0x0000000008006464
                0x0000000020000000                . = ALIGN (0x4)
                0x0000000020000000                _sdata = .
 *(.data)
 *(.data*)
 .data.RPM_Unit_address
                0x0000000020000000        0x4 ./Core/Src/main.o
                0x0000000020000000                RPM_Unit_address
 .data.Torque_Unit_address
                0x0000000020000004        0x4 ./Core/Src/main.o
                0x0000000020000004                Torque_Unit_address
 .data.Record_address
                0x0000000020000008        0x4 ./Core/Src/main.o
                0x0000000020000008                Record_address
 .data.Fac_RPM_Unit
                0x000000002000000c        0x4 ./Core/Src/main.o
                0x000000002000000c                Fac_RPM_Unit
 .data.Fac_Torque_Unit
                0x0000000020000010        0x4 ./Core/Src/main.o
                0x0000000020000010                Fac_Torque_Unit
 .data.prescalerValue
                0x0000000020000014        0x2 ./Core/Src/main.o
                0x0000000020000014                prescalerValue
 .data.prescalerValueOld
                0x0000000020000016        0x2 ./Core/Src/main.o
                0x0000000020000016                prescalerValueOld
 .data.step     0x0000000020000018        0x2 ./Core/Src/main.o
                0x0000000020000018                step
 *fill*         0x000000002000001a        0x2 
 .data.freqValue
                0x000000002000001c        0x4 ./Core/Src/main.o
                0x000000002000001c                freqValue
 .data.NextionTimeOutMs
                0x0000000020000020        0x4 ./Core/Src/nextion.o
                0x0000000020000020                NextionTimeOutMs
 .data.SystemCoreClock
                0x0000000020000024        0x4 ./Core/Src/system_stm32f4xx.o
                0x0000000020000024                SystemCoreClock
 .data.uwTickPrio
                0x0000000020000028        0x4 ./Drivers/STM32F4xx_HAL_Driver/Src/stm32f4xx_hal.o
                0x0000000020000028                uwTickPrio
 .data.uwTickFreq
                0x000000002000002c        0x1 ./Drivers/STM32F4xx_HAL_Driver/Src/stm32f4xx_hal.o
                0x000000002000002c                uwTickFreq
 *fill*         0x000000002000002d        0x3 
 .data._impure_ptr
                0x0000000020000030        0x4 c:/st/stm32cubeide_1.9.0/stm32cubeide/plugins/com.st.stm32cube.ide.mcu.externaltools.gnu-tools-for-stm32.10.3-2021.10.win32_1.0.0.202111181127/tools/bin/../lib/gcc/arm-none-eabi/10.3.1/../../../../arm-none-eabi/lib/thumb/v7e-m+fp/hard\libc_nano.a(lib_a-impure.o)
                0x0000000020000030                _impure_ptr
 .data.impure_data
                0x0000000020000034       0x60 c:/st/stm32cubeide_1.9.0/stm32cubeide/plugins/com.st.stm32cube.ide.mcu.externaltools.gnu-tools-for-stm32.10.3-2021.10.win32_1.0.0.202111181127/tools/bin/../lib/gcc/arm-none-eabi/10.3.1/../../../../arm-none-eabi/lib/thumb/v7e-m+fp/hard\libc_nano.a(lib_a-impure.o)
 *(.RamFunc)
 *(.RamFunc*)
                0x0000000020000094                . = ALIGN (0x4)
                0x0000000020000094                _edata = .
                0x00000000080064f8                _siccmram = LOADADDR (.ccmram)

.igot.plt       0x0000000020000094        0x0 load address 0x00000000080064f8
 .igot.plt      0x0000000020000094        0x0 c:/st/stm32cubeide_1.9.0/stm32cubeide/plugins/com.st.stm32cube.ide.mcu.externaltools.gnu-tools-for-stm32.10.3-2021.10.win32_1.0.0.202111181127/tools/bin/../lib/gcc/arm-none-eabi/10.3.1/thumb/v7e-m+fp/hard/crtbegin.o

.ccmram         0x0000000010000000        0x0 load address 0x00000000080064f8
                0x0000000010000000                . = ALIGN (0x4)
                0x0000000010000000                _sccmram = .
 *(.ccmram)
 *(.ccmram*)
                0x0000000010000000                . = ALIGN (0x4)
                0x0000000010000000                _eccmram = .
                0x0000000010000000                . = ALIGN (0x4)

.bss            0x0000000020000094      0x1ac
                0x0000000020000094                _sbss = .
                0x0000000020000094                __bss_start__ = _sbss
 *(.bss)
 .bss           0x0000000020000094       0x1c c:/st/stm32cubeide_1.9.0/stm32cubeide/plugins/com.st.stm32cube.ide.mcu.externaltools.gnu-tools-for-stm32.10.3-2021.10.win32_1.0.0.202111181127/tools/bin/../lib/gcc/arm-none-eabi/10.3.1/thumb/v7e-m+fp/hard/crtbegin.o
 *(.bss*)
 .bss.UartReady
                0x00000000200000b0        0x1 ./Core/Src/main.o
                0x00000000200000b0                UartReady
 *fill*         0x00000000200000b1        0x3 
 .bss.htim1     0x00000000200000b4       0x48 ./Core/Src/main.o
                0x00000000200000b4                htim1
 .bss.htim4     0x00000000200000fc       0x48 ./Core/Src/main.o
                0x00000000200000fc                htim4
 .bss.huart6    0x0000000020000144       0x44 ./Core/Src/main.o
                0x0000000020000144                huart6
 .bss.RPM_Unit  0x0000000020000188        0x4 ./Core/Src/main.o
                0x0000000020000188                RPM_Unit
 .bss.Torque_Unit
                0x000000002000018c        0x4 ./Core/Src/main.o
                0x000000002000018c                Torque_Unit
 .bss.Record    0x0000000020000190        0x4 ./Core/Src/main.o
                0x0000000020000190                Record
 .bss.countReceive
                0x0000000020000194        0x4 ./Core/Src/main.o
                0x0000000020000194                countReceive
 .bss.CurrentPage
                0x0000000020000198        0x1 ./Core/Src/main.o
                0x0000000020000198                CurrentPage
 .bss.CurrentButton
                0x0000000020000199        0x1 ./Core/Src/main.o
                0x0000000020000199                CurrentButton
 *fill*         0x000000002000019a        0x2 
 .bss.rx_buffer
                0x000000002000019c       0x32 ./Core/Src/main.o
                0x000000002000019c                rx_buffer
 *fill*         0x00000000200001ce        0x2 
 .bss.reading_buffer
                0x00000000200001d0        0xa ./Core/Src/main.o
                0x00000000200001d0                reading_buffer
 *fill*         0x00000000200001da        0x2 
 .bss.usartReceiveITEnable
                0x00000000200001dc        0x4 ./Core/Src/main.o
                0x00000000200001dc                usartReceiveITEnable
 .bss.Next_Number_Value
                0x00000000200001e0        0x4 ./Core/Src/main.o
                0x00000000200001e0                Next_Number_Value
 .bss.torque    0x00000000200001e4        0x2 ./Core/Src/main.o
                0x00000000200001e4                torque
 .bss.rpm       0x00000000200001e6        0x2 ./Core/Src/main.o
                0x00000000200001e6                rpm
 .bss.tit       0x00000000200001e8        0x2 ./Core/Src/main.o
                0x00000000200001e8                tit
 .bss.ff        0x00000000200001ea        0x2 ./Core/Src/main.o
                0x00000000200001ea                ff
 .bss.gop       0x00000000200001ec        0x2 ./Core/Src/main.o
                0x00000000200001ec                gop
 .bss.eop       0x00000000200001ee        0x2 ./Core/Src/main.o
                0x00000000200001ee                eop
 .bss.eot       0x00000000200001f0        0x2 ./Core/Src/main.o
                0x00000000200001f0                eot
 .bss.eoq       0x00000000200001f2        0x2 ./Core/Src/main.o
                0x00000000200001f2                eoq
 .bss.count     0x00000000200001f4        0x4 ./Core/Src/main.o
                0x00000000200001f4                count
 .bss.nextion_command_ready
                0x00000000200001f8        0x1 ./Core/Src/main.o
                0x00000000200001f8                nextion_command_ready
 .bss.numberHead
                0x00000000200001f9        0x1 ./Core/Src/main.o
                0x00000000200001f9                numberHead
 .bss.pulse_value
                0x00000000200001fa        0x2 ./Core/Src/main.o
                0x00000000200001fa                pulse_value
 .bss.break_falg
                0x00000000200001fc        0x1 ./Core/Src/main.o
                0x00000000200001fc                break_falg
 *fill*         0x00000000200001fd        0x1 
 .bss.dead_value
                0x00000000200001fe        0x2 ./Core/Src/main.o
                0x00000000200001fe                dead_value
 .bss.pulse2    0x0000000020000200        0x2 ./Core/Src/main.o
                0x0000000020000200                pulse2
 .bss.geriSayim
                0x0000000020000202        0x2 ./Core/Src/main.o
                0x0000000020000202                geriSayim
 .bss.arrValue  0x0000000020000204        0x2 ./Core/Src/main.o
                0x0000000020000204                arrValue
 .bss.prePulse  0x0000000020000206        0x2 ./Core/Src/main.o
                0x0000000020000206                prePulse
 .bss.__sbrk_heap_end
                0x0000000020000208        0x4 ./Core/Src/sysmem.o
 .bss.uwTick    0x000000002000020c        0x4 ./Drivers/STM32F4xx_HAL_Driver/Src/stm32f4xx_hal.o
                0x000000002000020c                uwTick
 .bss.pFlash    0x0000000020000210       0x20 ./Drivers/STM32F4xx_HAL_Driver/Src/stm32f4xx_hal_flash.o
                0x0000000020000210                pFlash
 .bss.__malloc_free_list
                0x0000000020000230        0x4 c:/st/stm32cubeide_1.9.0/stm32cubeide/plugins/com.st.stm32cube.ide.mcu.externaltools.gnu-tools-for-stm32.10.3-2021.10.win32_1.0.0.202111181127/tools/bin/../lib/gcc/arm-none-eabi/10.3.1/../../../../arm-none-eabi/lib/thumb/v7e-m+fp/hard\libc_nano.a(lib_a-nano-mallocr.o)
                0x0000000020000230                __malloc_free_list
 .bss.__malloc_sbrk_start
                0x0000000020000234        0x4 c:/st/stm32cubeide_1.9.0/stm32cubeide/plugins/com.st.stm32cube.ide.mcu.externaltools.gnu-tools-for-stm32.10.3-2021.10.win32_1.0.0.202111181127/tools/bin/../lib/gcc/arm-none-eabi/10.3.1/../../../../arm-none-eabi/lib/thumb/v7e-m+fp/hard\libc_nano.a(lib_a-nano-mallocr.o)
                0x0000000020000234                __malloc_sbrk_start
 .bss.errno     0x0000000020000238        0x4 c:/st/stm32cubeide_1.9.0/stm32cubeide/plugins/com.st.stm32cube.ide.mcu.externaltools.gnu-tools-for-stm32.10.3-2021.10.win32_1.0.0.202111181127/tools/bin/../lib/gcc/arm-none-eabi/10.3.1/../../../../arm-none-eabi/lib/thumb/v7e-m+fp/hard\libc_nano.a(lib_a-reent.o)
                0x0000000020000238                errno
 .bss.__lock___malloc_recursive_mutex
                0x000000002000023c        0x1 c:/st/stm32cubeide_1.9.0/stm32cubeide/plugins/com.st.stm32cube.ide.mcu.externaltools.gnu-tools-for-stm32.10.3-2021.10.win32_1.0.0.202111181127/tools/bin/../lib/gcc/arm-none-eabi/10.3.1/../../../../arm-none-eabi/lib/thumb/v7e-m+fp/hard\libc_nano.a(lib_a-lock.o)
                0x000000002000023c                __lock___malloc_recursive_mutex
 *(COMMON)
                0x0000000020000240                . = ALIGN (0x4)
 *fill*         0x000000002000023d        0x3 
                0x0000000020000240                _ebss = .
                0x0000000020000240                __bss_end__ = _ebss

._user_heap_stack
                0x0000000020000240     0x6000
                0x0000000020000240                . = ALIGN (0x8)
                [!provide]                        PROVIDE (end = .)
                0x0000000020000240                PROVIDE (_end = .)
                0x0000000020002240                . = (. + _Min_Heap_Size)
 *fill*         0x0000000020000240     0x2000 
                0x0000000020006240                . = (. + _Min_Stack_Size)
 *fill*         0x0000000020002240     0x4000 
                0x0000000020006240                . = ALIGN (0x8)

/DISCARD/
 libc.a(*)
 libm.a(*)
 libgcc.a(*)

.ARM.attributes
                0x0000000000000000       0x30
 *(.ARM.attributes)
 .ARM.attributes
                0x0000000000000000       0x1e c:/st/stm32cubeide_1.9.0/stm32cubeide/plugins/com.st.stm32cube.ide.mcu.externaltools.gnu-tools-for-stm32.10.3-2021.10.win32_1.0.0.202111181127/tools/bin/../lib/gcc/arm-none-eabi/10.3.1/thumb/v7e-m+fp/hard/crti.o
 .ARM.attributes
                0x000000000000001e       0x34 c:/st/stm32cubeide_1.9.0/stm32cubeide/plugins/com.st.stm32cube.ide.mcu.externaltools.gnu-tools-for-stm32.10.3-2021.10.win32_1.0.0.202111181127/tools/bin/../lib/gcc/arm-none-eabi/10.3.1/thumb/v7e-m+fp/hard/crtbegin.o
 .ARM.attributes
                0x0000000000000052       0x34 ./Core/Src/flash.o
 .ARM.attributes
                0x0000000000000086       0x34 ./Core/Src/main.o
 .ARM.attributes
                0x00000000000000ba       0x34 ./Core/Src/nextion.o
 .ARM.attributes
                0x00000000000000ee       0x34 ./Core/Src/stm32f4xx_hal_msp.o
 .ARM.attributes
                0x0000000000000122       0x34 ./Core/Src/stm32f4xx_it.o
 .ARM.attributes
                0x0000000000000156       0x34 ./Core/Src/sysmem.o
 .ARM.attributes
                0x000000000000018a       0x34 ./Core/Src/system_stm32f4xx.o
 .ARM.attributes
                0x00000000000001be       0x21 ./Core/Startup/startup_stm32f407vgtx.o
 .ARM.attributes
                0x00000000000001df       0x34 ./Drivers/STM32F4xx_HAL_Driver/Src/stm32f4xx_hal.o
 .ARM.attributes
                0x0000000000000213       0x34 ./Drivers/STM32F4xx_HAL_Driver/Src/stm32f4xx_hal_cortex.o
 .ARM.attributes
                0x0000000000000247       0x34 ./Drivers/STM32F4xx_HAL_Driver/Src/stm32f4xx_hal_dma.o
 .ARM.attributes
                0x000000000000027b       0x34 ./Drivers/STM32F4xx_HAL_Driver/Src/stm32f4xx_hal_flash.o
 .ARM.attributes
                0x00000000000002af       0x34 ./Drivers/STM32F4xx_HAL_Driver/Src/stm32f4xx_hal_flash_ex.o
 .ARM.attributes
                0x00000000000002e3       0x34 ./Drivers/STM32F4xx_HAL_Driver/Src/stm32f4xx_hal_gpio.o
 .ARM.attributes
                0x0000000000000317       0x34 ./Drivers/STM32F4xx_HAL_Driver/Src/stm32f4xx_hal_rcc.o
 .ARM.attributes
                0x000000000000034b       0x34 ./Drivers/STM32F4xx_HAL_Driver/Src/stm32f4xx_hal_tim.o
 .ARM.attributes
                0x000000000000037f       0x34 ./Drivers/STM32F4xx_HAL_Driver/Src/stm32f4xx_hal_tim_ex.o
 .ARM.attributes
                0x00000000000003b3       0x34 ./Drivers/STM32F4xx_HAL_Driver/Src/stm32f4xx_hal_uart.o
 .ARM.attributes
                0x00000000000003e7       0x34 c:/st/stm32cubeide_1.9.0/stm32cubeide/plugins/com.st.stm32cube.ide.mcu.externaltools.gnu-tools-for-stm32.10.3-2021.10.win32_1.0.0.202111181127/tools/bin/../lib/gcc/arm-none-eabi/10.3.1/../../../../arm-none-eabi/lib/thumb/v7e-m+fp/hard\libc_nano.a(lib_a-errno.o)
 .ARM.attributes
                0x000000000000041b       0x34 c:/st/stm32cubeide_1.9.0/stm32cubeide/plugins/com.st.stm32cube.ide.mcu.externaltools.gnu-tools-for-stm32.10.3-2021.10.win32_1.0.0.202111181127/tools/bin/../lib/gcc/arm-none-eabi/10.3.1/../../../../arm-none-eabi/lib/thumb/v7e-m+fp/hard\libc_nano.a(lib_a-impure.o)
 .ARM.attributes
                0x000000000000044f       0x34 c:/st/stm32cubeide_1.9.0/stm32cubeide/plugins/com.st.stm32cube.ide.mcu.externaltools.gnu-tools-for-stm32.10.3-2021.10.win32_1.0.0.202111181127/tools/bin/../lib/gcc/arm-none-eabi/10.3.1/../../../../arm-none-eabi/lib/thumb/v7e-m+fp/hard\libc_nano.a(lib_a-init.o)
 .ARM.attributes
                0x0000000000000483       0x34 c:/st/stm32cubeide_1.9.0/stm32cubeide/plugins/com.st.stm32cube.ide.mcu.externaltools.gnu-tools-for-stm32.10.3-2021.10.win32_1.0.0.202111181127/tools/bin/../lib/gcc/arm-none-eabi/10.3.1/../../../../arm-none-eabi/lib/thumb/v7e-m+fp/hard\libc_nano.a(lib_a-memset.o)
 .ARM.attributes
                0x00000000000004b7       0x34 c:/st/stm32cubeide_1.9.0/stm32cubeide/plugins/com.st.stm32cube.ide.mcu.externaltools.gnu-tools-for-stm32.10.3-2021.10.win32_1.0.0.202111181127/tools/bin/../lib/gcc/arm-none-eabi/10.3.1/../../../../arm-none-eabi/lib/thumb/v7e-m+fp/hard\libc_nano.a(lib_a-sprintf.o)
 .ARM.attributes
                0x00000000000004eb       0x34 c:/st/stm32cubeide_1.9.0/stm32cubeide/plugins/com.st.stm32cube.ide.mcu.externaltools.gnu-tools-for-stm32.10.3-2021.10.win32_1.0.0.202111181127/tools/bin/../lib/gcc/arm-none-eabi/10.3.1/../../../../arm-none-eabi/lib/thumb/v7e-m+fp/hard\libc_nano.a(lib_a-nano-svfprintf.o)
 .ARM.attributes
                0x000000000000051f       0x34 c:/st/stm32cubeide_1.9.0/stm32cubeide/plugins/com.st.stm32cube.ide.mcu.externaltools.gnu-tools-for-stm32.10.3-2021.10.win32_1.0.0.202111181127/tools/bin/../lib/gcc/arm-none-eabi/10.3.1/../../../../arm-none-eabi/lib/thumb/v7e-m+fp/hard\libc_nano.a(lib_a-nano-vfprintf_i.o)
 .ARM.attributes
                0x0000000000000553       0x1c c:/st/stm32cubeide_1.9.0/stm32cubeide/plugins/com.st.stm32cube.ide.mcu.externaltools.gnu-tools-for-stm32.10.3-2021.10.win32_1.0.0.202111181127/tools/bin/../lib/gcc/arm-none-eabi/10.3.1/../../../../arm-none-eabi/lib/thumb/v7e-m+fp/hard\libc_nano.a(lib_a-memchr.o)
 .ARM.attributes
                0x000000000000056f       0x34 c:/st/stm32cubeide_1.9.0/stm32cubeide/plugins/com.st.stm32cube.ide.mcu.externaltools.gnu-tools-for-stm32.10.3-2021.10.win32_1.0.0.202111181127/tools/bin/../lib/gcc/arm-none-eabi/10.3.1/../../../../arm-none-eabi/lib/thumb/v7e-m+fp/hard\libc_nano.a(lib_a-memcpy-stub.o)
 .ARM.attributes
                0x00000000000005a3       0x34 c:/st/stm32cubeide_1.9.0/stm32cubeide/plugins/com.st.stm32cube.ide.mcu.externaltools.gnu-tools-for-stm32.10.3-2021.10.win32_1.0.0.202111181127/tools/bin/../lib/gcc/arm-none-eabi/10.3.1/../../../../arm-none-eabi/lib/thumb/v7e-m+fp/hard\libc_nano.a(lib_a-memmove.o)
 .ARM.attributes
                0x00000000000005d7       0x34 c:/st/stm32cubeide_1.9.0/stm32cubeide/plugins/com.st.stm32cube.ide.mcu.externaltools.gnu-tools-for-stm32.10.3-2021.10.win32_1.0.0.202111181127/tools/bin/../lib/gcc/arm-none-eabi/10.3.1/../../../../arm-none-eabi/lib/thumb/v7e-m+fp/hard\libc_nano.a(lib_a-nano-freer.o)
 .ARM.attributes
                0x000000000000060b       0x34 c:/st/stm32cubeide_1.9.0/stm32cubeide/plugins/com.st.stm32cube.ide.mcu.externaltools.gnu-tools-for-stm32.10.3-2021.10.win32_1.0.0.202111181127/tools/bin/../lib/gcc/arm-none-eabi/10.3.1/../../../../arm-none-eabi/lib/thumb/v7e-m+fp/hard\libc_nano.a(lib_a-nano-mallocr.o)
 .ARM.attributes
                0x000000000000063f       0x34 c:/st/stm32cubeide_1.9.0/stm32cubeide/plugins/com.st.stm32cube.ide.mcu.externaltools.gnu-tools-for-stm32.10.3-2021.10.win32_1.0.0.202111181127/tools/bin/../lib/gcc/arm-none-eabi/10.3.1/../../../../arm-none-eabi/lib/thumb/v7e-m+fp/hard\libc_nano.a(lib_a-nano-reallocr.o)
 .ARM.attributes
                0x0000000000000673       0x34 c:/st/stm32cubeide_1.9.0/stm32cubeide/plugins/com.st.stm32cube.ide.mcu.externaltools.gnu-tools-for-stm32.10.3-2021.10.win32_1.0.0.202111181127/tools/bin/../lib/gcc/arm-none-eabi/10.3.1/../../../../arm-none-eabi/lib/thumb/v7e-m+fp/hard\libc_nano.a(lib_a-sbrkr.o)
 .ARM.attributes
                0x00000000000006a7       0x34 c:/st/stm32cubeide_1.9.0/stm32cubeide/plugins/com.st.stm32cube.ide.mcu.externaltools.gnu-tools-for-stm32.10.3-2021.10.win32_1.0.0.202111181127/tools/bin/../lib/gcc/arm-none-eabi/10.3.1/../../../../arm-none-eabi/lib/thumb/v7e-m+fp/hard\libc_nano.a(lib_a-mlock.o)
 .ARM.attributes
                0x00000000000006db       0x34 c:/st/stm32cubeide_1.9.0/stm32cubeide/plugins/com.st.stm32cube.ide.mcu.externaltools.gnu-tools-for-stm32.10.3-2021.10.win32_1.0.0.202111181127/tools/bin/../lib/gcc/arm-none-eabi/10.3.1/../../../../arm-none-eabi/lib/thumb/v7e-m+fp/hard\libc_nano.a(lib_a-nano-msizer.o)
 .ARM.attributes
                0x000000000000070f       0x34 c:/st/stm32cubeide_1.9.0/stm32cubeide/plugins/com.st.stm32cube.ide.mcu.externaltools.gnu-tools-for-stm32.10.3-2021.10.win32_1.0.0.202111181127/tools/bin/../lib/gcc/arm-none-eabi/10.3.1/../../../../arm-none-eabi/lib/thumb/v7e-m+fp/hard\libc_nano.a(lib_a-reent.o)
 .ARM.attributes
                0x0000000000000743       0x34 c:/st/stm32cubeide_1.9.0/stm32cubeide/plugins/com.st.stm32cube.ide.mcu.externaltools.gnu-tools-for-stm32.10.3-2021.10.win32_1.0.0.202111181127/tools/bin/../lib/gcc/arm-none-eabi/10.3.1/../../../../arm-none-eabi/lib/thumb/v7e-m+fp/hard\libc_nano.a(lib_a-lock.o)
 .ARM.attributes
                0x0000000000000777       0x1e c:/st/stm32cubeide_1.9.0/stm32cubeide/plugins/com.st.stm32cube.ide.mcu.externaltools.gnu-tools-for-stm32.10.3-2021.10.win32_1.0.0.202111181127/tools/bin/../lib/gcc/arm-none-eabi/10.3.1/thumb/v7e-m+fp/hard\libgcc.a(_aeabi_uldivmod.o)
 .ARM.attributes
                0x0000000000000795       0x34 c:/st/stm32cubeide_1.9.0/stm32cubeide/plugins/com.st.stm32cube.ide.mcu.externaltools.gnu-tools-for-stm32.10.3-2021.10.win32_1.0.0.202111181127/tools/bin/../lib/gcc/arm-none-eabi/10.3.1/thumb/v7e-m+fp/hard\libgcc.a(_udivmoddi4.o)
 .ARM.attributes
                0x00000000000007c9       0x1e c:/st/stm32cubeide_1.9.0/stm32cubeide/plugins/com.st.stm32cube.ide.mcu.externaltools.gnu-tools-for-stm32.10.3-2021.10.win32_1.0.0.202111181127/tools/bin/../lib/gcc/arm-none-eabi/10.3.1/thumb/v7e-m+fp/hard\libgcc.a(_dvmd_tls.o)
 .ARM.attributes
                0x00000000000007e7       0x1e c:/st/stm32cubeide_1.9.0/stm32cubeide/plugins/com.st.stm32cube.ide.mcu.externaltools.gnu-tools-for-stm32.10.3-2021.10.win32_1.0.0.202111181127/tools/bin/../lib/gcc/arm-none-eabi/10.3.1/thumb/v7e-m+fp/hard/crtn.o
OUTPUT(EIDSController5.elf elf32-littlearm)
LOAD linker stubs
LOAD c:/st/stm32cubeide_1.9.0/stm32cubeide/plugins/com.st.stm32cube.ide.mcu.externaltools.gnu-tools-for-stm32.10.3-2021.10.win32_1.0.0.202111181127/tools/bin/../lib/gcc/arm-none-eabi/10.3.1/../../../../arm-none-eabi/lib/thumb/v7e-m+fp/hard\libc.a
LOAD c:/st/stm32cubeide_1.9.0/stm32cubeide/plugins/com.st.stm32cube.ide.mcu.externaltools.gnu-tools-for-stm32.10.3-2021.10.win32_1.0.0.202111181127/tools/bin/../lib/gcc/arm-none-eabi/10.3.1/../../../../arm-none-eabi/lib/thumb/v7e-m+fp/hard\libm.a
LOAD c:/st/stm32cubeide_1.9.0/stm32cubeide/plugins/com.st.stm32cube.ide.mcu.externaltools.gnu-tools-for-stm32.10.3-2021.10.win32_1.0.0.202111181127/tools/bin/../lib/gcc/arm-none-eabi/10.3.1/thumb/v7e-m+fp/hard\libgcc.a

.debug_info     0x0000000000000000    0x1021c
 .debug_info    0x0000000000000000      0x278 ./Core/Src/flash.o
 .debug_info    0x0000000000000278     0x1c2f ./Core/Src/main.o
 .debug_info    0x0000000000001ea7     0x10b8 ./Core/Src/nextion.o
 .debug_info    0x0000000000002f5f     0x1061 ./Core/Src/stm32f4xx_hal_msp.o
 .debug_info    0x0000000000003fc0      0x9f8 ./Core/Src/stm32f4xx_it.o
 .debug_info    0x00000000000049b8      0x171 ./Core/Src/sysmem.o
 .debug_info    0x0000000000004b29      0x523 ./Core/Src/system_stm32f4xx.o
 .debug_info    0x000000000000504c       0x22 ./Core/Startup/startup_stm32f407vgtx.o
 .debug_info    0x000000000000506e      0x97c ./Drivers/STM32F4xx_HAL_Driver/Src/stm32f4xx_hal.o
 .debug_info    0x00000000000059ea      0xe1b ./Drivers/STM32F4xx_HAL_Driver/Src/stm32f4xx_hal_cortex.o
 .debug_info    0x0000000000006805      0x94f ./Drivers/STM32F4xx_HAL_Driver/Src/stm32f4xx_hal_dma.o
 .debug_info    0x0000000000007154      0x5d2 ./Drivers/STM32F4xx_HAL_Driver/Src/stm32f4xx_hal_flash.o
 .debug_info    0x0000000000007726      0x6cc ./Drivers/STM32F4xx_HAL_Driver/Src/stm32f4xx_hal_flash_ex.o
 .debug_info    0x0000000000007df2      0x76a ./Drivers/STM32F4xx_HAL_Driver/Src/stm32f4xx_hal_gpio.o
 .debug_info    0x000000000000855c      0x966 ./Drivers/STM32F4xx_HAL_Driver/Src/stm32f4xx_hal_rcc.o
 .debug_info    0x0000000000008ec2     0x2bbe ./Drivers/STM32F4xx_HAL_Driver/Src/stm32f4xx_hal_tim.o
 .debug_info    0x000000000000ba80     0x15e0 ./Drivers/STM32F4xx_HAL_Driver/Src/stm32f4xx_hal_tim_ex.o
 .debug_info    0x000000000000d060     0x31bc ./Drivers/STM32F4xx_HAL_Driver/Src/stm32f4xx_hal_uart.o

.debug_abbrev   0x0000000000000000     0x266b
 .debug_abbrev  0x0000000000000000      0x170 ./Core/Src/flash.o
 .debug_abbrev  0x0000000000000170      0x3e6 ./Core/Src/main.o
 .debug_abbrev  0x0000000000000556      0x34b ./Core/Src/nextion.o
 .debug_abbrev  0x00000000000008a1      0x1f9 ./Core/Src/stm32f4xx_hal_msp.o
 .debug_abbrev  0x0000000000000a9a      0x18b ./Core/Src/stm32f4xx_it.o
 .debug_abbrev  0x0000000000000c25       0xbb ./Core/Src/sysmem.o
 .debug_abbrev  0x0000000000000ce0      0x116 ./Core/Src/system_stm32f4xx.o
 .debug_abbrev  0x0000000000000df6       0x12 ./Core/Startup/startup_stm32f407vgtx.o
 .debug_abbrev  0x0000000000000e08      0x20d ./Drivers/STM32F4xx_HAL_Driver/Src/stm32f4xx_hal.o
 .debug_abbrev  0x0000000000001015      0x316 ./Drivers/STM32F4xx_HAL_Driver/Src/stm32f4xx_hal_cortex.o
 .debug_abbrev  0x000000000000132b      0x25b ./Drivers/STM32F4xx_HAL_Driver/Src/stm32f4xx_hal_dma.o
 .debug_abbrev  0x0000000000001586      0x281 ./Drivers/STM32F4xx_HAL_Driver/Src/stm32f4xx_hal_flash.o
 .debug_abbrev  0x0000000000001807      0x240 ./Drivers/STM32F4xx_HAL_Driver/Src/stm32f4xx_hal_flash_ex.o
 .debug_abbrev  0x0000000000001a47      0x1c4 ./Drivers/STM32F4xx_HAL_Driver/Src/stm32f4xx_hal_gpio.o
 .debug_abbrev  0x0000000000001c0b      0x2aa ./Drivers/STM32F4xx_HAL_Driver/Src/stm32f4xx_hal_rcc.o
 .debug_abbrev  0x0000000000001eb5      0x25d ./Drivers/STM32F4xx_HAL_Driver/Src/stm32f4xx_hal_tim.o
 .debug_abbrev  0x0000000000002112      0x265 ./Drivers/STM32F4xx_HAL_Driver/Src/stm32f4xx_hal_tim_ex.o
 .debug_abbrev  0x0000000000002377      0x2f4 ./Drivers/STM32F4xx_HAL_Driver/Src/stm32f4xx_hal_uart.o

.debug_aranges  0x0000000000000000      0xf10
 .debug_aranges
                0x0000000000000000       0x40 ./Core/Src/flash.o
 .debug_aranges
                0x0000000000000040       0xe8 ./Core/Src/main.o
 .debug_aranges
                0x0000000000000128       0xd8 ./Core/Src/nextion.o
 .debug_aranges
                0x0000000000000200       0x48 ./Core/Src/stm32f4xx_hal_msp.o
 .debug_aranges
                0x0000000000000248       0x70 ./Core/Src/stm32f4xx_it.o
 .debug_aranges
                0x00000000000002b8       0x20 ./Core/Src/sysmem.o
 .debug_aranges
                0x00000000000002d8       0x28 ./Core/Src/system_stm32f4xx.o
 .debug_aranges
                0x0000000000000300       0x28 ./Core/Startup/startup_stm32f407vgtx.o
 .debug_aranges
                0x0000000000000328       0xf0 ./Drivers/STM32F4xx_HAL_Driver/Src/stm32f4xx_hal.o
 .debug_aranges
                0x0000000000000418      0x118 ./Drivers/STM32F4xx_HAL_Driver/Src/stm32f4xx_hal_cortex.o
 .debug_aranges
                0x0000000000000530       0x90 ./Drivers/STM32F4xx_HAL_Driver/Src/stm32f4xx_hal_dma.o
 .debug_aranges
                0x00000000000005c0       0xa0 ./Drivers/STM32F4xx_HAL_Driver/Src/stm32f4xx_hal_flash.o
 .debug_aranges
                0x0000000000000660       0x98 ./Drivers/STM32F4xx_HAL_Driver/Src/stm32f4xx_hal_flash_ex.o
 .debug_aranges
                0x00000000000006f8       0x58 ./Drivers/STM32F4xx_HAL_Driver/Src/stm32f4xx_hal_gpio.o
 .debug_aranges
                0x0000000000000750       0x88 ./Drivers/STM32F4xx_HAL_Driver/Src/stm32f4xx_hal_rcc.o
 .debug_aranges
                0x00000000000007d8      0x3d0 ./Drivers/STM32F4xx_HAL_Driver/Src/stm32f4xx_hal_tim.o
 .debug_aranges
                0x0000000000000ba8      0x168 ./Drivers/STM32F4xx_HAL_Driver/Src/stm32f4xx_hal_tim_ex.o
 .debug_aranges
                0x0000000000000d10      0x200 ./Drivers/STM32F4xx_HAL_Driver/Src/stm32f4xx_hal_uart.o

.debug_ranges   0x0000000000000000      0xe28
 .debug_ranges  0x0000000000000000       0x30 ./Core/Src/flash.o
 .debug_ranges  0x0000000000000030       0xd8 ./Core/Src/main.o
 .debug_ranges  0x0000000000000108       0xc8 ./Core/Src/nextion.o
 .debug_ranges  0x00000000000001d0       0x38 ./Core/Src/stm32f4xx_hal_msp.o
 .debug_ranges  0x0000000000000208       0x60 ./Core/Src/stm32f4xx_it.o
 .debug_ranges  0x0000000000000268       0x10 ./Core/Src/sysmem.o
 .debug_ranges  0x0000000000000278       0x18 ./Core/Src/system_stm32f4xx.o
 .debug_ranges  0x0000000000000290       0x20 ./Core/Startup/startup_stm32f407vgtx.o
 .debug_ranges  0x00000000000002b0       0xe0 ./Drivers/STM32F4xx_HAL_Driver/Src/stm32f4xx_hal.o
 .debug_ranges  0x0000000000000390      0x108 ./Drivers/STM32F4xx_HAL_Driver/Src/stm32f4xx_hal_cortex.o
 .debug_ranges  0x0000000000000498       0x80 ./Drivers/STM32F4xx_HAL_Driver/Src/stm32f4xx_hal_dma.o
 .debug_ranges  0x0000000000000518       0x90 ./Drivers/STM32F4xx_HAL_Driver/Src/stm32f4xx_hal_flash.o
 .debug_ranges  0x00000000000005a8       0x88 ./Drivers/STM32F4xx_HAL_Driver/Src/stm32f4xx_hal_flash_ex.o
 .debug_ranges  0x0000000000000630       0x48 ./Drivers/STM32F4xx_HAL_Driver/Src/stm32f4xx_hal_gpio.o
 .debug_ranges  0x0000000000000678       0x78 ./Drivers/STM32F4xx_HAL_Driver/Src/stm32f4xx_hal_rcc.o
 .debug_ranges  0x00000000000006f0      0x3c0 ./Drivers/STM32F4xx_HAL_Driver/Src/stm32f4xx_hal_tim.o
 .debug_ranges  0x0000000000000ab0      0x158 ./Drivers/STM32F4xx_HAL_Driver/Src/stm32f4xx_hal_tim_ex.o
 .debug_ranges  0x0000000000000c08      0x220 ./Drivers/STM32F4xx_HAL_Driver/Src/stm32f4xx_hal_uart.o

.debug_macro    0x0000000000000000    0x21d4a
 .debug_macro   0x0000000000000000      0x1dc ./Core/Src/flash.o
 .debug_macro   0x00000000000001dc      0xa78 ./Core/Src/flash.o
 .debug_macro   0x0000000000000c54      0x29b ./Core/Src/flash.o
 .debug_macro   0x0000000000000eef       0x2e ./Core/Src/flash.o
 .debug_macro   0x0000000000000f1d       0x2f ./Core/Src/flash.o
 .debug_macro   0x0000000000000f4c       0x22 ./Core/Src/flash.o
 .debug_macro   0x0000000000000f6e       0x8e ./Core/Src/flash.o
 .debug_macro   0x0000000000000ffc       0x51 ./Core/Src/flash.o
 .debug_macro   0x000000000000104d      0x103 ./Core/Src/flash.o
 .debug_macro   0x0000000000001150       0x6a ./Core/Src/flash.o
 .debug_macro   0x00000000000011ba      0x1df ./Core/Src/flash.o
 .debug_macro   0x0000000000001399       0x1c ./Core/Src/flash.o
 .debug_macro   0x00000000000013b5       0x22 ./Core/Src/flash.o
 .debug_macro   0x00000000000013d7       0xd9 ./Core/Src/flash.o
 .debug_macro   0x00000000000014b0     0x102d ./Core/Src/flash.o
 .debug_macro   0x00000000000024dd      0x11f ./Core/Src/flash.o
 .debug_macro   0x00000000000025fc    0x15e82 ./Core/Src/flash.o
 .debug_macro   0x000000000001847e       0x6d ./Core/Src/flash.o
 .debug_macro   0x00000000000184eb     0x367e ./Core/Src/flash.o
 .debug_macro   0x000000000001bb69      0x174 ./Core/Src/flash.o
 .debug_macro   0x000000000001bcdd       0x5c ./Core/Src/flash.o
 .debug_macro   0x000000000001bd39      0x96b ./Core/Src/flash.o
 .debug_macro   0x000000000001c6a4      0x9fe ./Core/Src/flash.o
 .debug_macro   0x000000000001d0a2      0x115 ./Core/Src/flash.o
 .debug_macro   0x000000000001d1b7      0x13e ./Core/Src/flash.o
 .debug_macro   0x000000000001d2f5       0xa5 ./Core/Src/flash.o
 .debug_macro   0x000000000001d39a      0x174 ./Core/Src/flash.o
 .debug_macro   0x000000000001d50e      0x287 ./Core/Src/flash.o
 .debug_macro   0x000000000001d795       0x5f ./Core/Src/flash.o
 .debug_macro   0x000000000001d7f4      0x236 ./Core/Src/flash.o
 .debug_macro   0x000000000001da2a      0x12c ./Core/Src/flash.o
 .debug_macro   0x000000000001db56      0x21e ./Core/Src/flash.o
 .debug_macro   0x000000000001dd74       0x2e ./Core/Src/flash.o
 .debug_macro   0x000000000001dda2      0x11a ./Core/Src/flash.o
 .debug_macro   0x000000000001debc       0x7e ./Core/Src/flash.o
 .debug_macro   0x000000000001df3a       0x89 ./Core/Src/flash.o
 .debug_macro   0x000000000001dfc3      0x8e6 ./Core/Src/flash.o
 .debug_macro   0x000000000001e8a9       0x47 ./Core/Src/flash.o
 .debug_macro   0x000000000001e8f0      0x295 ./Core/Src/flash.o
 .debug_macro   0x000000000001eb85      0x12d ./Core/Src/flash.o
 .debug_macro   0x000000000001ecb2      0x2e4 ./Core/Src/main.o
 .debug_macro   0x000000000001ef96       0x22 ./Core/Src/main.o
 .debug_macro   0x000000000001efb8       0x16 ./Core/Src/main.o
 .debug_macro   0x000000000001efce      0x403 ./Core/Src/nextion.o
 .debug_macro   0x000000000001f3d1       0x4c ./Core/Src/nextion.o
 .debug_macro   0x000000000001f41d       0x1e ./Core/Src/nextion.o
 .debug_macro   0x000000000001f43b       0x94 ./Core/Src/nextion.o
 .debug_macro   0x000000000001f4cf       0x3c ./Core/Src/nextion.o
 .debug_macro   0x000000000001f50b       0x34 ./Core/Src/nextion.o
 .debug_macro   0x000000000001f53f       0x16 ./Core/Src/nextion.o
 .debug_macro   0x000000000001f555       0x57 ./Core/Src/nextion.o
 .debug_macro   0x000000000001f5ac       0x97 ./Core/Src/nextion.o
 .debug_macro   0x000000000001f643      0x341 ./Core/Src/nextion.o
 .debug_macro   0x000000000001f984       0xfd ./Core/Src/nextion.o
 .debug_macro   0x000000000001fa81       0x10 ./Core/Src/nextion.o
 .debug_macro   0x000000000001fa91       0x16 ./Core/Src/nextion.o
 .debug_macro   0x000000000001faa7       0x43 ./Core/Src/nextion.o
 .debug_macro   0x000000000001faea       0x34 ./Core/Src/nextion.o
 .debug_macro   0x000000000001fb1e       0x10 ./Core/Src/nextion.o
 .debug_macro   0x000000000001fb2e       0x58 ./Core/Src/nextion.o
 .debug_macro   0x000000000001fb86       0x71 ./Core/Src/nextion.o
 .debug_macro   0x000000000001fbf7       0x1c ./Core/Src/nextion.o
 .debug_macro   0x000000000001fc13      0x12a ./Core/Src/nextion.o
 .debug_macro   0x000000000001fd3d       0x10 ./Core/Src/nextion.o
 .debug_macro   0x000000000001fd4d       0x1c ./Core/Src/nextion.o
 .debug_macro   0x000000000001fd69       0x52 ./Core/Src/nextion.o
 .debug_macro   0x000000000001fdbb       0x22 ./Core/Src/nextion.o
 .debug_macro   0x000000000001fddd       0x10 ./Core/Src/nextion.o
 .debug_macro   0x000000000001fded       0x52 ./Core/Src/nextion.o
 .debug_macro   0x000000000001fe3f       0xd5 ./Core/Src/nextion.o
 .debug_macro   0x000000000001ff14       0x1c ./Core/Src/nextion.o
 .debug_macro   0x000000000001ff30       0x3d ./Core/Src/nextion.o
 .debug_macro   0x000000000001ff6d       0x16 ./Core/Src/nextion.o
 .debug_macro   0x000000000001ff83      0x145 ./Core/Src/nextion.o
 .debug_macro   0x00000000000200c8       0x16 ./Core/Src/nextion.o
 .debug_macro   0x00000000000200de       0x35 ./Core/Src/nextion.o
 .debug_macro   0x0000000000020113       0x16 ./Core/Src/nextion.o
 .debug_macro   0x0000000000020129       0x29 ./Core/Src/nextion.o
 .debug_macro   0x0000000000020152       0x16 ./Core/Src/nextion.o
 .debug_macro   0x0000000000020168       0x20 ./Core/Src/nextion.o
 .debug_macro   0x0000000000020188       0x56 ./Core/Src/nextion.o
 .debug_macro   0x00000000000201de      0x1d8 ./Core/Src/stm32f4xx_hal_msp.o
 .debug_macro   0x00000000000203b6      0x1e2 ./Core/Src/stm32f4xx_it.o
 .debug_macro   0x0000000000020598       0xff ./Core/Src/sysmem.o
 .debug_macro   0x0000000000020697      0x23b ./Core/Src/sysmem.o
 .debug_macro   0x00000000000208d2      0x1ce ./Core/Src/system_stm32f4xx.o
 .debug_macro   0x0000000000020aa0      0x22e ./Drivers/STM32F4xx_HAL_Driver/Src/stm32f4xx_hal.o
 .debug_macro   0x0000000000020cce      0x1ce ./Drivers/STM32F4xx_HAL_Driver/Src/stm32f4xx_hal_cortex.o
 .debug_macro   0x0000000000020e9c      0x1d4 ./Drivers/STM32F4xx_HAL_Driver/Src/stm32f4xx_hal_dma.o
 .debug_macro   0x0000000000021070      0x1d4 ./Drivers/STM32F4xx_HAL_Driver/Src/stm32f4xx_hal_flash.o
 .debug_macro   0x0000000000021244      0x1d4 ./Drivers/STM32F4xx_HAL_Driver/Src/stm32f4xx_hal_flash_ex.o
 .debug_macro   0x0000000000021418      0x1d4 ./Drivers/STM32F4xx_HAL_Driver/Src/stm32f4xx_hal_gpio.o
 .debug_macro   0x00000000000215ec      0x1f2 ./Drivers/STM32F4xx_HAL_Driver/Src/stm32f4xx_hal_rcc.o
 .debug_macro   0x00000000000217de      0x1cf ./Drivers/STM32F4xx_HAL_Driver/Src/stm32f4xx_hal_tim.o
 .debug_macro   0x00000000000219ad      0x1ce ./Drivers/STM32F4xx_HAL_Driver/Src/stm32f4xx_hal_tim_ex.o
 .debug_macro   0x0000000000021b7b      0x1cf ./Drivers/STM32F4xx_HAL_Driver/Src/stm32f4xx_hal_uart.o

.debug_line     0x0000000000000000    0x10b4e
 .debug_line    0x0000000000000000      0x71c ./Core/Src/flash.o
 .debug_line    0x000000000000071c      0xed1 ./Core/Src/main.o
 .debug_line    0x00000000000015ed      0xd2e ./Core/Src/nextion.o
 .debug_line    0x000000000000231b      0x7d8 ./Core/Src/stm32f4xx_hal_msp.o
 .debug_line    0x0000000000002af3      0x7b0 ./Core/Src/stm32f4xx_it.o
 .debug_line    0x00000000000032a3      0x4e5 ./Core/Src/sysmem.o
 .debug_line    0x0000000000003788      0x739 ./Core/Src/system_stm32f4xx.o
 .debug_line    0x0000000000003ec1       0x88 ./Core/Startup/startup_stm32f407vgtx.o
 .debug_line    0x0000000000003f49      0x99f ./Drivers/STM32F4xx_HAL_Driver/Src/stm32f4xx_hal.o
 .debug_line    0x00000000000048e8      0xc4e ./Drivers/STM32F4xx_HAL_Driver/Src/stm32f4xx_hal_cortex.o
 .debug_line    0x0000000000005536      0xf03 ./Drivers/STM32F4xx_HAL_Driver/Src/stm32f4xx_hal_dma.o
 .debug_line    0x0000000000006439      0xa27 ./Drivers/STM32F4xx_HAL_Driver/Src/stm32f4xx_hal_flash.o
 .debug_line    0x0000000000006e60      0xa4d ./Drivers/STM32F4xx_HAL_Driver/Src/stm32f4xx_hal_flash_ex.o
 .debug_line    0x00000000000078ad      0xb13 ./Drivers/STM32F4xx_HAL_Driver/Src/stm32f4xx_hal_gpio.o
 .debug_line    0x00000000000083c0      0xd1b ./Drivers/STM32F4xx_HAL_Driver/Src/stm32f4xx_hal_rcc.o
 .debug_line    0x00000000000090db     0x3693 ./Drivers/STM32F4xx_HAL_Driver/Src/stm32f4xx_hal_tim.o
 .debug_line    0x000000000000c76e     0x199c ./Drivers/STM32F4xx_HAL_Driver/Src/stm32f4xx_hal_tim_ex.o
 .debug_line    0x000000000000e10a     0x2a44 ./Drivers/STM32F4xx_HAL_Driver/Src/stm32f4xx_hal_uart.o

.debug_str      0x0000000000000000    0xcc23f
 .debug_str     0x0000000000000000    0xc34ff ./Core/Src/flash.o
                                      0xc3786 (size before relaxing)
 .debug_str     0x00000000000c34ff     0x16d6 ./Core/Src/main.o
                                      0xc5072 (size before relaxing)
 .debug_str     0x00000000000c4bd5     0x43d2 ./Core/Src/nextion.o
                                      0xc7fac (size before relaxing)
 .debug_str     0x00000000000c8fa7      0x120 ./Core/Src/stm32f4xx_hal_msp.o
                                      0xc44c7 (size before relaxing)
 .debug_str     0x00000000000c90c7      0x11b ./Core/Src/stm32f4xx_it.o
                                      0xc3eaf (size before relaxing)
 .debug_str     0x00000000000c91e2      0x4da ./Core/Src/sysmem.o
                                       0x5da5 (size before relaxing)
 .debug_str     0x00000000000c96bc       0xdb ./Core/Src/system_stm32f4xx.o
                                      0xc3828 (size before relaxing)
 .debug_str     0x00000000000c9797       0x36 ./Core/Startup/startup_stm32f407vgtx.o
                                         0x67 (size before relaxing)
 .debug_str     0x00000000000c97cd      0x5ea ./Drivers/STM32F4xx_HAL_Driver/Src/stm32f4xx_hal.o
                                      0xc43ac (size before relaxing)
 .debug_str     0x00000000000c9db7      0x31c ./Drivers/STM32F4xx_HAL_Driver/Src/stm32f4xx_hal_cortex.o
                                      0xc40df (size before relaxing)
 .debug_str     0x00000000000ca0d3      0x315 ./Drivers/STM32F4xx_HAL_Driver/Src/stm32f4xx_hal_dma.o
                                      0xc3c42 (size before relaxing)
 .debug_str     0x00000000000ca3e8      0x27e ./Drivers/STM32F4xx_HAL_Driver/Src/stm32f4xx_hal_flash.o
                                      0xc3a18 (size before relaxing)
 .debug_str     0x00000000000ca666      0x233 ./Drivers/STM32F4xx_HAL_Driver/Src/stm32f4xx_hal_flash_ex.o
                                      0xc3a68 (size before relaxing)
 .debug_str     0x00000000000ca899      0x158 ./Drivers/STM32F4xx_HAL_Driver/Src/stm32f4xx_hal_gpio.o
                                      0xc39a3 (size before relaxing)
 .debug_str     0x00000000000ca9f1      0x228 ./Drivers/STM32F4xx_HAL_Driver/Src/stm32f4xx_hal_rcc.o
                                      0xc3c5c (size before relaxing)
 .debug_str     0x00000000000cac19      0xcdd ./Drivers/STM32F4xx_HAL_Driver/Src/stm32f4xx_hal_tim.o
                                      0xc4ba2 (size before relaxing)
 .debug_str     0x00000000000cb8f6      0x3ba ./Drivers/STM32F4xx_HAL_Driver/Src/stm32f4xx_hal_tim_ex.o
                                      0xc43be (size before relaxing)
 .debug_str     0x00000000000cbcb0      0x58f ./Drivers/STM32F4xx_HAL_Driver/Src/stm32f4xx_hal_uart.o
                                      0xc41fb (size before relaxing)

.comment        0x0000000000000000       0x50
 .comment       0x0000000000000000       0x50 ./Core/Src/flash.o
                                         0x51 (size before relaxing)
 .comment       0x0000000000000050       0x51 ./Core/Src/main.o
 .comment       0x0000000000000050       0x51 ./Core/Src/nextion.o
 .comment       0x0000000000000050       0x51 ./Core/Src/stm32f4xx_hal_msp.o
 .comment       0x0000000000000050       0x51 ./Core/Src/stm32f4xx_it.o
 .comment       0x0000000000000050       0x51 ./Core/Src/sysmem.o
 .comment       0x0000000000000050       0x51 ./Core/Src/system_stm32f4xx.o
 .comment       0x0000000000000050       0x51 ./Drivers/STM32F4xx_HAL_Driver/Src/stm32f4xx_hal.o
 .comment       0x0000000000000050       0x51 ./Drivers/STM32F4xx_HAL_Driver/Src/stm32f4xx_hal_cortex.o
 .comment       0x0000000000000050       0x51 ./Drivers/STM32F4xx_HAL_Driver/Src/stm32f4xx_hal_dma.o
 .comment       0x0000000000000050       0x51 ./Drivers/STM32F4xx_HAL_Driver/Src/stm32f4xx_hal_flash.o
 .comment       0x0000000000000050       0x51 ./Drivers/STM32F4xx_HAL_Driver/Src/stm32f4xx_hal_flash_ex.o
 .comment       0x0000000000000050       0x51 ./Drivers/STM32F4xx_HAL_Driver/Src/stm32f4xx_hal_gpio.o
 .comment       0x0000000000000050       0x51 ./Drivers/STM32F4xx_HAL_Driver/Src/stm32f4xx_hal_rcc.o
 .comment       0x0000000000000050       0x51 ./Drivers/STM32F4xx_HAL_Driver/Src/stm32f4xx_hal_tim.o
 .comment       0x0000000000000050       0x51 ./Drivers/STM32F4xx_HAL_Driver/Src/stm32f4xx_hal_tim_ex.o
 .comment       0x0000000000000050       0x51 ./Drivers/STM32F4xx_HAL_Driver/Src/stm32f4xx_hal_uart.o

.debug_frame    0x0000000000000000     0x42b4
 .debug_frame   0x0000000000000000       0xac ./Core/Src/flash.o
 .debug_frame   0x00000000000000ac      0x388 ./Core/Src/main.o
 .debug_frame   0x0000000000000434      0x384 ./Core/Src/nextion.o
 .debug_frame   0x00000000000007b8       0xec ./Core/Src/stm32f4xx_hal_msp.o
 .debug_frame   0x00000000000008a4      0x13c ./Core/Src/stm32f4xx_it.o
 .debug_frame   0x00000000000009e0       0x34 ./Core/Src/sysmem.o
 .debug_frame   0x0000000000000a14       0x58 ./Core/Src/system_stm32f4xx.o
 .debug_frame   0x0000000000000a6c      0x374 ./Drivers/STM32F4xx_HAL_Driver/Src/stm32f4xx_hal.o
 .debug_frame   0x0000000000000de0      0x498 ./Drivers/STM32F4xx_HAL_Driver/Src/stm32f4xx_hal_cortex.o
 .debug_frame   0x0000000000001278      0x250 ./Drivers/STM32F4xx_HAL_Driver/Src/stm32f4xx_hal_dma.o
 .debug_frame   0x00000000000014c8      0x274 ./Drivers/STM32F4xx_HAL_Driver/Src/stm32f4xx_hal_flash.o
 .debug_frame   0x000000000000173c      0x250 ./Drivers/STM32F4xx_HAL_Driver/Src/stm32f4xx_hal_flash_ex.o
 .debug_frame   0x000000000000198c      0x14c ./Drivers/STM32F4xx_HAL_Driver/Src/stm32f4xx_hal_gpio.o
 .debug_frame   0x0000000000001ad8      0x1f4 ./Drivers/STM32F4xx_HAL_Driver/Src/stm32f4xx_hal_rcc.o
 .debug_frame   0x0000000000001ccc     0x11c4 ./Drivers/STM32F4xx_HAL_Driver/Src/stm32f4xx_hal_tim.o
 .debug_frame   0x0000000000002e90      0x638 ./Drivers/STM32F4xx_HAL_Driver/Src/stm32f4xx_hal_tim_ex.o
 .debug_frame   0x00000000000034c8      0x92c ./Drivers/STM32F4xx_HAL_Driver/Src/stm32f4xx_hal_uart.o
 .debug_frame   0x0000000000003df4       0x20 c:/st/stm32cubeide_1.9.0/stm32cubeide/plugins/com.st.stm32cube.ide.mcu.externaltools.gnu-tools-for-stm32.10.3-2021.10.win32_1.0.0.202111181127/tools/bin/../lib/gcc/arm-none-eabi/10.3.1/../../../../arm-none-eabi/lib/thumb/v7e-m+fp/hard\libc_nano.a(lib_a-errno.o)
 .debug_frame   0x0000000000003e14       0x2c c:/st/stm32cubeide_1.9.0/stm32cubeide/plugins/com.st.stm32cube.ide.mcu.externaltools.gnu-tools-for-stm32.10.3-2021.10.win32_1.0.0.202111181127/tools/bin/../lib/gcc/arm-none-eabi/10.3.1/../../../../arm-none-eabi/lib/thumb/v7e-m+fp/hard\libc_nano.a(lib_a-init.o)
 .debug_frame   0x0000000000003e40       0x20 c:/st/stm32cubeide_1.9.0/stm32cubeide/plugins/com.st.stm32cube.ide.mcu.externaltools.gnu-tools-for-stm32.10.3-2021.10.win32_1.0.0.202111181127/tools/bin/../lib/gcc/arm-none-eabi/10.3.1/../../../../arm-none-eabi/lib/thumb/v7e-m+fp/hard\libc_nano.a(lib_a-memset.o)