Archive member included to satisfy reference by file (symbol)

c:/st/stm32cubeide_1.9.0/stm32cubeide/plugins/com.st.stm32cube.ide.mcu.externaltools.gnu-tools-for-stm32.10.3-2021.10.win32_1.0.0.202111181127/tools/bin/../lib/gcc/arm-none-eabi/10.3.1/../../../../arm-none-eabi/lib/thumb/v7e-m+fp/hard\libc_nano.a(lib_a-errno.o)
                              ./Core/Src/syscalls.o (__errno)
c:/st/stm32cubeide_1.9.0/stm32cubeide/plugins/com.st.stm32cube.ide.mcu.externaltools.gnu-tools-for-stm32.10.3-2021.10.win32_1.0.0.202111181127/tools/bin/../lib/gcc/arm-none-eabi/10.3.1/../../../../arm-none-eabi/lib/thumb/v7e-m+fp/hard\libc_nano.a(lib_a-exit.o)
                              c:/st/stm32cubeide_1.9.0/stm32cubeide/plugins/com.st.stm32cube.ide.mcu.externaltools.gnu-tools-for-stm32.10.3-2021.10.win32_1.0.0.202111181127/tools/bin/../lib/gcc/arm-none-eabi/10.3.1/../../../../arm-none-eabi/lib/thumb/v7e-m+fp/hard/crt0.o (exit)
c:/st/stm32cubeide_1.9.0/stm32cubeide/plugins/com.st.stm32cube.ide.mcu.externaltools.gnu-tools-for-stm32.10.3-2021.10.win32_1.0.0.202111181127/tools/bin/../lib/gcc/arm-none-eabi/10.3.1/../../../../arm-none-eabi/lib/thumb/v7e-m+fp/hard\libc_nano.a(lib_a-impure.o)
                              c:/st/stm32cubeide_1.9.0/stm32cubeide/plugins/com.st.stm32cube.ide.mcu.externaltools.gnu-tools-for-stm32.10.3-2021.10.win32_1.0.0.202111181127/tools/bin/../lib/gcc/arm-none-eabi/10.3.1/../../../../arm-none-eabi/lib/thumb/v7e-m+fp/hard\libc_nano.a(lib_a-exit.o) (_global_impure_ptr)
c:/st/stm32cubeide_1.9.0/stm32cubeide/plugins/com.st.stm32cube.ide.mcu.externaltools.gnu-tools-for-stm32.10.3-2021.10.win32_1.0.0.202111181127/tools/bin/../lib/gcc/arm-none-eabi/10.3.1/../../../../arm-none-eabi/lib/thumb/v7e-m+fp/hard\libc_nano.a(lib_a-init.o)
                              c:/st/stm32cubeide_1.9.0/stm32cubeide/plugins/com.st.stm32cube.ide.mcu.externaltools.gnu-tools-for-stm32.10.3-2021.10.win32_1.0.0.202111181127/tools/bin/../lib/gcc/arm-none-eabi/10.3.1/../../../../arm-none-eabi/lib/thumb/v7e-m+fp/hard/crt0.o (__libc_init_array)
c:/st/stm32cubeide_1.9.0/stm32cubeide/plugins/com.st.stm32cube.ide.mcu.externaltools.gnu-tools-for-stm32.10.3-2021.10.win32_1.0.0.202111181127/tools/bin/../lib/gcc/arm-none-eabi/10.3.1/../../../../arm-none-eabi/lib/thumb/v7e-m+fp/hard\libc_nano.a(lib_a-memset.o)
                              c:/st/stm32cubeide_1.9.0/stm32cubeide/plugins/com.st.stm32cube.ide.mcu.externaltools.gnu-tools-for-stm32.10.3-2021.10.win32_1.0.0.202111181127/tools/bin/../lib/gcc/arm-none-eabi/10.3.1/../../../../arm-none-eabi/lib/thumb/v7e-m+fp/hard/crt0.o (memset)
c:/st/stm32cubeide_1.9.0/stm32cubeide/plugins/com.st.stm32cube.ide.mcu.externaltools.gnu-tools-for-stm32.10.3-2021.10.win32_1.0.0.202111181127/tools/bin/../lib/gcc/arm-none-eabi/10.3.1/../../../../arm-none-eabi/lib/thumb/v7e-m+fp/hard\libc_nano.a(lib_a-sprintf.o)
                              ./Core/Src/nextion.o (sprintf)
c:/st/stm32cubeide_1.9.0/stm32cubeide/plugins/com.st.stm32cube.ide.mcu.externaltools.gnu-tools-for-stm32.10.3-2021.10.win32_1.0.0.202111181127/tools/bin/../lib/gcc/arm-none-eabi/10.3.1/../../../../arm-none-eabi/lib/thumb/v7e-m+fp/hard\libc_nano.a(lib_a-strcat.o)
                              ./Core/Src/nextion.o (strcat)
c:/st/stm32cubeide_1.9.0/stm32cubeide/plugins/com.st.stm32cube.ide.mcu.externaltools.gnu-tools-for-stm32.10.3-2021.10.win32_1.0.0.202111181127/tools/bin/../lib/gcc/arm-none-eabi/10.3.1/../../../../arm-none-eabi/lib/thumb/v7e-m+fp/hard\libc_nano.a(lib_a-strlen.o)
                              ./Core/Src/nextion.o (strlen)
c:/st/stm32cubeide_1.9.0/stm32cubeide/plugins/com.st.stm32cube.ide.mcu.externaltools.gnu-tools-for-stm32.10.3-2021.10.win32_1.0.0.202111181127/tools/bin/../lib/gcc/arm-none-eabi/10.3.1/../../../../arm-none-eabi/lib/thumb/v7e-m+fp/hard\libc_nano.a(lib_a-strncpy.o)
                              ./Core/Src/nextion.o (strncpy)
c:/st/stm32cubeide_1.9.0/stm32cubeide/plugins/com.st.stm32cube.ide.mcu.externaltools.gnu-tools-for-stm32.10.3-2021.10.win32_1.0.0.202111181127/tools/bin/../lib/gcc/arm-none-eabi/10.3.1/../../../../arm-none-eabi/lib/thumb/v7e-m+fp/hard\libc_nano.a(lib_a-utoa.o)
                              ./Core/Src/nextion.o (utoa)
c:/st/stm32cubeide_1.9.0/stm32cubeide/plugins/com.st.stm32cube.ide.mcu.externaltools.gnu-tools-for-stm32.10.3-2021.10.win32_1.0.0.202111181127/tools/bin/../lib/gcc/arm-none-eabi/10.3.1/../../../../arm-none-eabi/lib/thumb/v7e-m+fp/hard\libc_nano.a(lib_a-nano-svfprintf.o)
                              c:/st/stm32cubeide_1.9.0/stm32cubeide/plugins/com.st.stm32cube.ide.mcu.externaltools.gnu-tools-for-stm32.10.3-2021.10.win32_1.0.0.202111181127/tools/bin/../lib/gcc/arm-none-eabi/10.3.1/../../../../arm-none-eabi/lib/thumb/v7e-m+fp/hard\libc_nano.a(lib_a-sprintf.o) (_svfprintf_r)
[...]
Memory Configuration

Name             Origin             Length             Attributes
CCMRAM           0x0000000010000000 0x0000000000010000 xrw
RAM              0x0000000020000000 0x0000000000020000 xrw
FLASH            0x0000000008000000 0x0000000000100000 xr
*default*        0x0000000000000000 0xffffffffffffffff

Linker script and memory map

LOAD c:/st/stm32cubeide_1.9.0/stm32cubeide/plugins/com.st.stm32cube.ide.mcu.externaltools.gnu-tools-for-stm32.10.3-2021.10.win32_1.0.0.202111181127/tools/bin/../lib/gcc/arm-none-eabi/10.3.1/thumb/v7e-m+fp/hard/crti.o
LOAD c:/st/stm32cubeide_1.9.0/stm32cubeide/plugins/com.st.stm32cube.ide.mcu.externaltools.gnu-tools-for-stm32.10.3-2021.10.win32_1.0.0.202111181127/tools/bin/../lib/gcc/arm-none-eabi/10.3.1/thumb/v7e-m+fp/hard/crtbegin.o
LOAD c:/st/stm32cubeide_1.9.0/stm32cubeide/plugins/com.st.stm32cube.ide.mcu.externaltools.gnu-tools-for-stm32.10.3-2021.10.win32_1.0.0.202111181127/tools/bin/../lib/gcc/arm-none-eabi/10.3.1/../../../../arm-none-eabi/lib/thumb/v7e-m+fp/hard/crt0.o
LOAD ./Core/Src/flash.o
LOAD ./Core/Src/main.o
LOAD ./Core/Src/nextion.o
LOAD ./Core/Src/stm32f4xx_hal_msp.o
LOAD ./Core/Src/stm32f4xx_it.o
LOAD ./Core/Src/syscalls.o
LOAD ./Core/Src/sysmem.o
LOAD ./Core/Src/system_stm32f4xx.o
LOAD ./Core/Startup/startup_stm32f407vgtx.o
LOAD ./Drivers/STM32F4xx_HAL_Driver/Src/stm32f4xx_hal.o
LOAD ./Drivers/STM32F4xx_HAL_Driver/Src/stm32f4xx_hal_cortex.o
LOAD ./Drivers/STM32F4xx_HAL_Driver/Src/stm32f4xx_hal_dma.o
LOAD ./Drivers/STM32F4xx_HAL_Driver/Src/stm32f4xx_hal_dma_ex.o
LOAD ./Drivers/STM32F4xx_HAL_Driver/Src/stm32f4xx_hal_exti.o
LOAD ./Drivers/STM32F4xx_HAL_Driver/Src/stm32f4xx_hal_flash.o
LOAD ./Drivers/STM32F4xx_HAL_Driver/Src/stm32f4xx_hal_flash_ex.o
LOAD ./Drivers/STM32F4xx_HAL_Driver/Src/stm32f4xx_hal_flash_ramfunc.o
LOAD ./Drivers/STM32F4xx_HAL_Driver/Src/stm32f4xx_hal_gpio.o
LOAD ./Drivers/STM32F4xx_HAL_Driver/Src/stm32f4xx_hal_pwr.o
LOAD ./Drivers/STM32F4xx_HAL_Driver/Src/stm32f4xx_hal_pwr_ex.o
LOAD ./Drivers/STM32F4xx_HAL_Driver/Src/stm32f4xx_hal_rcc.o
LOAD ./Drivers/STM32F4xx_HAL_Driver/Src/stm32f4xx_hal_rcc_ex.o
LOAD ./Drivers/STM32F4xx_HAL_Driver/Src/stm32f4xx_hal_tim.o
LOAD ./Drivers/STM32F4xx_HAL_Driver/Src/stm32f4xx_hal_tim_ex.o
LOAD ./Drivers/STM32F4xx_HAL_Driver/Src/stm32f4xx_hal_uart.o
START GROUP
LOAD c:/st/stm32cubeide_1.9.0/stm32cubeide/plugins/com.st.stm32cube.ide.mcu.externaltools.gnu-tools-for-stm32.10.3-2021.10.win32_1.0.0.202111181127/tools/bin/../lib/gcc/arm-none-eabi/10.3.1/../../../../arm-none-eabi/lib/thumb/v7e-m+fp/hard\libc_nano.a
LOAD c:/st/stm32cubeide_1.9.0/stm32cubeide/plugins/com.st.stm32cube.ide.mcu.externaltools.gnu-tools-for-stm32.10.3-2021.10.win32_1.0.0.202111181127/tools/bin/../lib/gcc/arm-none-eabi/10.3.1/../../../../arm-none-eabi/lib/thumb/v7e-m+fp/hard\libm.a
END GROUP
START GROUP
LOAD c:/st/stm32cubeide_1.9.0/stm32cubeide/plugins/com.st.stm32cube.ide.mcu.externaltools.gnu-tools-for-stm32.10.3-2021.10.win32_1.0.0.202111181127/tools/bin/../lib/gcc/arm-none-eabi/10.3.1/thumb/v7e-m+fp/hard\libgcc.a
LOAD c:/st/stm32cubeide_1.9.0/stm32cubeide/plugins/com.st.stm32cube.ide.mcu.externaltools.gnu-tools-for-stm32.10.3-2021.10.win32_1.0.0.202111181127/tools/bin/../lib/gcc/arm-none-eabi/10.3.1/../../../../arm-none-eabi/lib/thumb/v7e-m+fp/hard\libc_nano.a
END GROUP
START GROUP
LOAD c:/st/stm32cubeide_1.9.0/stm32cubeide/plugins/com.st.stm32cube.ide.mcu.externaltools.gnu-tools-for-stm32.10.3-2021.10.win32_1.0.0.202111181127/tools/bin/../lib/gcc/arm-none-eabi/10.3.1/thumb/v7e-m+fp/hard\libgcc.a
LOAD c:/st/stm32cubeide_1.9.0/stm32cubeide/plugins/com.st.stm32cube.ide.mcu.externaltools.gnu-tools-for-stm32.10.3-2021.10.win32_1.0.0.202111181127/tools/bin/../lib/gcc/arm-none-eabi/10.3.1/../../../../arm-none-eabi/lib/thumb/v7e-m+fp/hard\libc_nano.a
LOAD c:/st/stm32cubeide_1.9.0/stm32cubeide/plugins/com.st.stm32cube.ide.mcu.externaltools.gnu-tools-for-stm32.10.3-2021.10.win32_1.0.0.202111181127/tools/bin/../lib/gcc/arm-none-eabi/10.3.1/../../../../arm-none-eabi/lib/thumb/v7e-m+fp/hard\libnosys.a
END GROUP
START GROUP
LOAD c:/st/stm32cubeide_1.9.0/stm32cubeide/plugins/com.st.stm32cube.ide.mcu.externaltools.gnu-tools-for-stm32.10.3-2021.10.win32_1.0.0.202111181127/tools/bin/../lib/gcc/arm-none-eabi/10.3.1/thumb/v7e-m+fp/hard\libgcc.a
LOAD c:/st/stm32cubeide_1.9.0/stm32cubeide/plugins/com.st.stm32cube.ide.mcu.externaltools.gnu-tools-for-stm32.10.3-2021.10.win32_1.0.0.202111181127/tools/bin/../lib/gcc/arm-none-eabi/10.3.1/../../../../arm-none-eabi/lib/thumb/v7e-m+fp/hard\libc_nano.a
LOAD c:/st/stm32cubeide_1.9.0/stm32cubeide/plugins/com.st.stm32cube.ide.mcu.externaltools.gnu-tools-for-stm32.10.3-2021.10.win32_1.0.0.202111181127/tools/bin/../lib/gcc/arm-none-eabi/10.3.1/../../../../arm-none-eabi/lib/thumb/v7e-m+fp/hard\libnosys.a
END GROUP
LOAD c:/st/stm32cubeide_1.9.0/stm32cubeide/plugins/com.st.stm32cube.ide.mcu.externaltools.gnu-tools-for-stm32.10.3-2021.10.win32_1.0.0.202111181127/tools/bin/../lib/gcc/arm-none-eabi/10.3.1/thumb/v7e-m+fp/hard/crtend.o
LOAD c:/st/stm32cubeide_1.9.0/stm32cubeide/plugins/com.st.stm32cube.ide.mcu.externaltools.gnu-tools-for-stm32.10.3-2021.10.win32_1.0.0.202111181127/tools/bin/../lib/gcc/arm-none-eabi/10.3.1/thumb/v7e-m+fp/hard/crtn.o
                0x0000000020020000                _estack = (ORIGIN (RAM) + LENGTH (RAM))
                0x0000000000002000                _Min_Heap_Size = 0x2000
                0x0000000000004000                _Min_Stack_Size = 0x4000

.isr_vector     0x0000000008000000      0x188
                0x0000000008000000                . = ALIGN (0x4)
 *(.isr_vector)
 .isr_vector    0x0000000008000000      0x188 ./Core/Startup/startup_stm32f407vgtx.o
                0x0000000008000000                g_pfnVectors
                0x0000000008000188                . = ALIGN (0x4)

.text           0x0000000008000190     0x640c
                0x0000000008000190                . = ALIGN (0x4)
 *(.text)
 .text          0x0000000008000190       0x40 c:/st/stm32cubeide_1.9.0/stm32cubeide/plugins/com.st.stm32cube.ide.mcu.externaltools.gnu-tools-for-stm32.10.3-2021.10.win32_1.0.0.202111181127/tools/bin/../lib/gcc/arm-none-eabi/10.3.1/thumb/v7e-m+fp/hard/crtbegin.o
 .text          0x00000000080001d0       0xa0 c:/st/stm32cubeide_1.9.0/stm32cubeide/plugins/com.st.stm32cube.ide.mcu.externaltools.gnu-tools-for-stm32.10.3-2021.10.win32_1.0.0.202111181127/tools/bin/../lib/gcc/arm-none-eabi/10.3.1/../../../../arm-none-eabi/lib/thumb/v7e-m+fp/hard\libc_nano.a(lib_a-memchr.o)
                0x00000000080001d0                memchr
 .text          0x0000000008000270       0x30 c:/st/stm32cubeide_1.9.0/stm32cubeide/plugins/com.st.stm32cube.ide.mcu.externaltools.gnu-tools-for-stm32.10.3-2021.10.win32_1.0.0.202111181127/tools/bin/../lib/gcc/arm-none-eabi/10.3.1/thumb/v7e-m+fp/hard\libgcc.a(_aeabi_uldivmod.o)
                0x0000000008000270                __aeabi_uldivmod
 .text          0x00000000080002a0      0x2d0 c:/st/stm32cubeide_1.9.0/stm32cubeide/plugins/com.st.stm32cube.ide.mcu.externaltools.gnu-tools-for-stm32.10.3-2021.10.win32_1.0.0.202111181127/tools/bin/../lib/gcc/arm-none-eabi/10.3.1/thumb/v7e-m+fp/hard\libgcc.a(_udivmoddi4.o)
                0x00000000080002a0                __udivmoddi4
 .text          0x0000000008000570        0x4 c:/st/stm32cubeide_1.9.0/stm32cubeide/plugins/com.st.stm32cube.ide.mcu.externaltools.gnu-tools-for-stm32.10.3-2021.10.win32_1.0.0.202111181127/tools/bin/../lib/gcc/arm-none-eabi/10.3.1/thumb/v7e-m+fp/hard\libgcc.a(_dvmd_tls.o)
                0x0000000008000570                __aeabi_idiv0
                0x0000000008000570                __aeabi_ldiv0
 *(.text*)
 .text.Flash_Unlock
                0x0000000008000574       0x20 ./Core/Src/flash.o
                0x0000000008000574                Flash_Unlock
 .text.Flash_Erase
                0x0000000008000594       0x18 ./Core/Src/flash.o
                0x0000000008000594                Flash_Erase
 .text.Flash_Write
                0x00000000080005ac       0x22 ./Core/Src/flash.o
                0x00000000080005ac                Flash_Write
 .text.Flash_Lock
                0x00000000080005ce       0x14 ./Core/Src/flash.o
                0x00000000080005ce                Flash_Lock
 .text.Flash_Read
                0x00000000080005e2       0x1e ./Core/Src/flash.o
                0x00000000080005e2                Flash_Read
 .text.startPWM
                0x0000000008000600       0x2c ./Core/Src/main.o
                0x0000000008000600                startPWM
 .text.stopPWM  0x000000000800062c       0x2c ./Core/Src/main.o
                0x000000000800062c                stopPWM
 .text.pulsePWM
                0x0000000008000658       0x94 ./Core/Src/main.o
                0x0000000008000658                pulsePWM
 .text.deadTimePWM
                0x00000000080006ec       0x34 ./Core/Src/main.o
                0x00000000080006ec                deadTimePWM
 .text.map      0x0000000008000720       0x38 ./Core/Src/main.o
                0x0000000008000720                map
 .text.Constrain
                0x0000000008000758       0x32 ./Core/Src/main.o
                0x0000000008000758                Constrain
 *fill*         0x000000000800078a        0x2 
 .text.main     0x000000000800078c       0xd0 ./Core/Src/main.o
                0x000000000800078c                main
 .text.SystemClock_Config
                0x000000000800085c       0xbc ./Core/Src/main.o
                0x000000000800085c                SystemClock_Config
 .text.MX_NVIC_Init
                0x0000000008000918       0x18 ./Core/Src/main.o
 .text.MX_TIM1_Init
                0x0000000008000930      0x17c ./Core/Src/main.o
 .text.MX_TIM4_Init
                0x0000000008000aac       0xf0 ./Core/Src/main.o
 .text.MX_USART6_UART_Init
                0x0000000008000b9c       0x54 ./Core/Src/main.o
 .text.MX_GPIO_Init
                0x0000000008000bf0       0xc0 ./Core/Src/main.o
 .text.Flash_Write_All
                0x0000000008000cb0      0x1bc ./Core/Src/main.o
                0x0000000008000cb0                Flash_Write_All
 .text.Flash_Read_All
                0x0000000008000e6c      0x1b8 ./Core/Src/main.o
                0x0000000008000e6c                Flash_Read_All
 .text.HAL_TIMEx_BreakCallback
                0x0000000008001024       0x2c ./Core/Src/main.o
                0x0000000008001024                HAL_TIMEx_BreakCallback
 .text.FN_MAIN_PAGE
                0x0000000008001050      0x17c ./Core/Src/main.o
                0x0000000008001050                FN_MAIN_PAGE
 .text.FN_TORQUE_PAGE
                0x00000000080011cc      0x304 ./Core/Src/main.o
                0x00000000080011cc                FN_TORQUE_PAGE
 .text.FN_RPM_PAGE
                0x00000000080014d0      0x304 ./Core/Src/main.o
                0x00000000080014d0                FN_RPM_PAGE
 .text.Clear_rx_buffer
                0x00000000080017d4       0x34 ./Core/Src/main.o
                0x00000000080017d4                Clear_rx_buffer
 .text.nextion_command_control
                0x0000000008001808      0x140 ./Core/Src/main.o
                0x0000000008001808                nextion_command_control
 .text.HAL_UART_ErrorCallback
                0x0000000008001948       0x14 ./Core/Src/main.o
                0x0000000008001948                HAL_UART_ErrorCallback
 .text.HAL_UART_RxCpltCallback
                0x000000000800195c      0x104 ./Core/Src/main.o
                0x000000000800195c                HAL_UART_RxCpltCallback
 .text.Error_Handler
                0x0000000008001a60        0xa ./Core/Src/main.o
                0x0000000008001a60                Error_Handler
 *fill*         0x0000000008001a6a        0x2 
 .text.Nextion_Set_Value
                0x0000000008001a6c       0x4c ./Core/Src/nextion.o
                0x0000000008001a6c                Nextion_Set_Value
 .text.Nextion_Get_Value
                0x0000000008001ab8       0x60 ./Core/Src/nextion.o
                0x0000000008001ab8                Nextion_Get_Value
 .text.Nextion_Send_Command
                0x0000000008001b18       0x74 ./Core/Src/nextion.o
                0x0000000008001b18                Nextion_Send_Command
 .text.Nextion_Page
                0x0000000008001b8c       0x4c ./Core/Src/nextion.o
                0x0000000008001b8c                Nextion_Page
 .text.HAL_MspInit
                0x0000000008001bd8       0x50 ./Core/Src/stm32f4xx_hal_msp.o
                0x0000000008001bd8                HAL_MspInit
 .text.HAL_TIM_Base_MspInit
                0x0000000008001c28       0xcc ./Core/Src/stm32f4xx_hal_msp.o
                0x0000000008001c28                HAL_TIM_Base_MspInit
 .text.HAL_TIM_MspPostInit
                0x0000000008001cf4      0x108 ./Core/Src/stm32f4xx_hal_msp.o
                0x0000000008001cf4                HAL_TIM_MspPostInit
 .text.HAL_UART_MspInit
                0x0000000008001dfc       0x90 ./Core/Src/stm32f4xx_hal_msp.o
                0x0000000008001dfc                HAL_UART_MspInit
 .text.NMI_Handler
                0x0000000008001e8c        0x6 ./Core/Src/stm32f4xx_it.o
                0x0000000008001e8c                NMI_Handler
 .text.HardFault_Handler
                0x0000000008001e92        0x6 ./Core/Src/stm32f4xx_it.o
                0x0000000008001e92                HardFault_Handler
 .text.MemManage_Handler
                0x0000000008001e98        0x6 ./Core/Src/stm32f4xx_it.o
                0x0000000008001e98                MemManage_Handler
 .text.BusFault_Handler
                0x0000000008001e9e        0x6 ./Core/Src/stm32f4xx_it.o
                0x0000000008001e9e                BusFault_Handler
 .text.UsageFault_Handler
                0x0000000008001ea4        0x6 ./Core/Src/stm32f4xx_it.o
                0x0000000008001ea4                UsageFault_Handler
 .text.SVC_Handler
                0x0000000008001eaa        0xe ./Core/Src/stm32f4xx_it.o
                0x0000000008001eaa                SVC_Handler
 .text.DebugMon_Handler
                0x0000000008001eb8        0xe ./Core/Src/stm32f4xx_it.o
                0x0000000008001eb8                DebugMon_Handler
 .text.PendSV_Handler
                0x0000000008001ec6        0xe ./Core/Src/stm32f4xx_it.o
                0x0000000008001ec6                PendSV_Handler
 .text.SysTick_Handler
                0x0000000008001ed4        0xc ./Core/Src/stm32f4xx_it.o
                0x0000000008001ed4                SysTick_Handler
 .text.TIM1_BRK_TIM9_IRQHandler
                0x0000000008001ee0       0x14 ./Core/Src/stm32f4xx_it.o
                0x0000000008001ee0                TIM1_BRK_TIM9_IRQHandler
 .text.USART6_IRQHandler
                0x0000000008001ef4       0x2c ./Core/Src/stm32f4xx_it.o
                0x0000000008001ef4                USART6_IRQHandler
 .text._sbrk    0x0000000008001f20       0x6c ./Core/Src/sysmem.o
                0x0000000008001f20                _sbrk
 .text.SystemInit
                0x0000000008001f8c       0x24 ./Core/Src/system_stm32f4xx.o
                0x0000000008001f8c                SystemInit
 .text.Reset_Handler
                0x0000000008001fb0       0x50 ./Core/Startup/startup_stm32f407vgtx.o
                0x0000000008001fb0                Reset_Handler
 .text.Default_Handler
                0x0000000008002000        0x2 ./Core/Startup/startup_stm32f407vgtx.o
                0x0000000008002000                RTC_Alarm_IRQHandler
                0x0000000008002000                HASH_RNG_IRQHandler
                0x0000000008002000                EXTI2_IRQHandler
                0x0000000008002000                TIM8_CC_IRQHandler
                0x0000000008002000                TIM1_CC_IRQHandler
                0x0000000008002000                DMA2_Stream5_IRQHandler
                0x0000000008002000                DMA1_Stream5_IRQHandler
                0x0000000008002000                PVD_IRQHandler
                0x0000000008002000                SDIO_IRQHandler
                0x0000000008002000                TAMP_STAMP_IRQHandler
                0x0000000008002000                CAN2_RX1_IRQHandler
                0x0000000008002000                EXTI3_IRQHandler
                0x0000000008002000                TIM8_TRG_COM_TIM14_IRQHandler
                0x0000000008002000                TIM1_UP_TIM10_IRQHandler
                0x0000000008002000                TIM8_UP_TIM13_IRQHandler
                0x0000000008002000                I2C3_ER_IRQHandler
                0x0000000008002000                EXTI0_IRQHandler
                0x0000000008002000                I2C2_EV_IRQHandler
                0x0000000008002000                DMA1_Stream2_IRQHandler
                0x0000000008002000                CAN1_RX0_IRQHandler
                0x0000000008002000                FPU_IRQHandler
                0x0000000008002000                OTG_HS_WKUP_IRQHandler
                0x0000000008002000                CAN2_SCE_IRQHandler
                0x0000000008002000                DMA2_Stream2_IRQHandler
                0x0000000008002000                SPI1_IRQHandler
                0x0000000008002000                TIM6_DAC_IRQHandler
                0x0000000008002000                DCMI_IRQHandler
                0x0000000008002000                CAN2_RX0_IRQHandler
                0x0000000008002000                DMA2_Stream3_IRQHandler
                0x0000000008002000                USART3_IRQHandler
                0x0000000008002000                CAN1_RX1_IRQHandler
                0x0000000008002000                UART5_IRQHandler
                0x0000000008002000                DMA2_Stream0_IRQHandler
                0x0000000008002000                TIM4_IRQHandler
                0x0000000008002000                I2C1_EV_IRQHandler
                0x0000000008002000                DMA1_Stream6_IRQHandler
                0x0000000008002000                DMA1_Stream1_IRQHandler
                0x0000000008002000                UART4_IRQHandler
                0x0000000008002000                TIM3_IRQHandler
                0x0000000008002000                RCC_IRQHandler
                0x0000000008002000                TIM8_BRK_TIM12_IRQHandler
                0x0000000008002000                Default_Handler
                0x0000000008002000                EXTI15_10_IRQHandler
                0x0000000008002000                ADC_IRQHandler
                0x0000000008002000                DMA1_Stream7_IRQHandler
                0x0000000008002000                TIM7_IRQHandler
                0x0000000008002000                CAN2_TX_IRQHandler
                0x0000000008002000                TIM5_IRQHandler
                0x0000000008002000                DMA2_Stream7_IRQHandler
                0x0000000008002000                I2C3_EV_IRQHandler
                0x0000000008002000                EXTI9_5_IRQHandler
                0x0000000008002000                RTC_WKUP_IRQHandler
                0x0000000008002000                ETH_WKUP_IRQHandler
                0x0000000008002000                SPI2_IRQHandler
                0x0000000008002000                OTG_HS_EP1_IN_IRQHandler
                0x0000000008002000                DMA1_Stream0_IRQHandler
                0x0000000008002000                CAN1_TX_IRQHandler
                0x0000000008002000                EXTI4_IRQHandler
                0x0000000008002000                FSMC_IRQHandler
                0x0000000008002000                ETH_IRQHandler
                0x0000000008002000                OTG_HS_EP1_OUT_IRQHandler
                0x0000000008002000                WWDG_IRQHandler
                0x0000000008002000                TIM2_IRQHandler
                0x0000000008002000                OTG_FS_WKUP_IRQHandler
                0x0000000008002000                TIM1_TRG_COM_TIM11_IRQHandler
                0x0000000008002000                OTG_HS_IRQHandler
                0x0000000008002000                EXTI1_IRQHandler
                0x0000000008002000                USART2_IRQHandler
                0x0000000008002000                I2C2_ER_IRQHandler
                0x0000000008002000                DMA2_Stream1_IRQHandler
                0x0000000008002000                CAN1_SCE_IRQHandler
                0x0000000008002000                FLASH_IRQHandler
                0x0000000008002000                DMA2_Stream4_IRQHandler
                0x0000000008002000                USART1_IRQHandler
                0x0000000008002000                OTG_FS_IRQHandler
                0x0000000008002000                SPI3_IRQHandler
                0x0000000008002000                DMA1_Stream4_IRQHandler
                0x0000000008002000                I2C1_ER_IRQHandler
                0x0000000008002000                DMA2_Stream6_IRQHandler
                0x0000000008002000                DMA1_Stream3_IRQHandler
 *fill*         0x0000000008002002        0x2 
 .text.HAL_Init
                0x0000000008002004       0x44 ./Drivers/STM32F4xx_HAL_Driver/Src/stm32f4xx_hal.o
                0x0000000008002004                HAL_Init
 .text.HAL_InitTick
                0x0000000008002048       0x60 ./Drivers/STM32F4xx_HAL_Driver/Src/stm32f4xx_hal.o
                0x0000000008002048                HAL_InitTick
 .text.HAL_IncTick
                0x00000000080020a8       0x28 ./Drivers/STM32F4xx_HAL_Driver/Src/stm32f4xx_hal.o
                0x00000000080020a8                HAL_IncTick
 .text.HAL_GetTick
                0x00000000080020d0       0x18 ./Drivers/STM32F4xx_HAL_Driver/Src/stm32f4xx_hal.o
                0x00000000080020d0                HAL_GetTick
 .text.HAL_Delay
                0x00000000080020e8       0x48 ./Drivers/STM32F4xx_HAL_Driver/Src/stm32f4xx_hal.o
                0x00000000080020e8                HAL_Delay
 .text.__NVIC_SetPriorityGrouping
                0x0000000008002130       0x48 ./Drivers/STM32F4xx_HAL_Driver/Src/stm32f4xx_hal_cortex.o
 .text.__NVIC_GetPriorityGrouping
                0x0000000008002178       0x1c ./Drivers/STM32F4xx_HAL_Driver/Src/stm32f4xx_hal_cortex.o
 .text.__NVIC_EnableIRQ
                0x0000000008002194       0x3c ./Drivers/STM32F4xx_HAL_Driver/Src/stm32f4xx_hal_cortex.o
 .text.__NVIC_SetPriority
                0x00000000080021d0       0x54 ./Drivers/STM32F4xx_HAL_Driver/Src/stm32f4xx_hal_cortex.o
 .text.NVIC_EncodePriority
                0x0000000008002224       0x66 ./Drivers/STM32F4xx_HAL_Driver/Src/stm32f4xx_hal_cortex.o
 *fill*         0x000000000800228a        0x2 
 .text.SysTick_Config
                0x000000000800228c       0x44 ./Drivers/STM32F4xx_HAL_Driver/Src/stm32f4xx_hal_cortex.o
 .text.HAL_NVIC_SetPriorityGrouping
                0x00000000080022d0       0x16 ./Drivers/STM32F4xx_HAL_Driver/Src/stm32f4xx_hal_cortex.o
                0x00000000080022d0                HAL_NVIC_SetPriorityGrouping
 .text.HAL_NVIC_SetPriority
                0x00000000080022e6       0x38 ./Drivers/STM32F4xx_HAL_Driver/Src/stm32f4xx_hal_cortex.o
                0x00000000080022e6                HAL_NVIC_SetPriority
 .text.HAL_NVIC_EnableIRQ
                0x000000000800231e       0x1c ./Drivers/STM32F4xx_HAL_Driver/Src/stm32f4xx_hal_cortex.o
                0x000000000800231e                HAL_NVIC_EnableIRQ
 .text.HAL_SYSTICK_Config
                0x000000000800233a       0x18 ./Drivers/STM32F4xx_HAL_Driver/Src/stm32f4xx_hal_cortex.o
                0x000000000800233a                HAL_SYSTICK_Config
 .text.HAL_DMA_Abort
                0x0000000008002352       0xe0 ./Drivers/STM32F4xx_HAL_Driver/Src/stm32f4xx_hal_dma.o
                0x0000000008002352                HAL_DMA_Abort
 .text.HAL_DMA_Abort_IT
                0x0000000008002432       0x44 ./Drivers/STM32F4xx_HAL_Driver/Src/stm32f4xx_hal_dma.o
                0x0000000008002432                HAL_DMA_Abort_IT
 *fill*         0x0000000008002476        0x2 
 .text.HAL_FLASH_Program
                0x0000000008002478       0xa8 ./Drivers/STM32F4xx_HAL_Driver/Src/stm32f4xx_hal_flash.o
                0x0000000008002478                HAL_FLASH_Program
 .text.HAL_FLASH_Unlock
                0x0000000008002520       0x44 ./Drivers/STM32F4xx_HAL_Driver/Src/stm32f4xx_hal_flash.o
                0x0000000008002520                HAL_FLASH_Unlock
 .text.HAL_FLASH_Lock
                0x0000000008002564       0x20 ./Drivers/STM32F4xx_HAL_Driver/Src/stm32f4xx_hal_flash.o
                0x0000000008002564                HAL_FLASH_Lock
 .text.FLASH_WaitForLastOperation
                0x0000000008002584       0x80 ./Drivers/STM32F4xx_HAL_Driver/Src/stm32f4xx_hal_flash.o
                0x0000000008002584                FLASH_WaitForLastOperation
 .text.FLASH_Program_DoubleWord
                0x0000000008002604       0x64 ./Drivers/STM32F4xx_HAL_Driver/Src/stm32f4xx_hal_flash.o
 .text.FLASH_Program_Word
                0x0000000008002668       0x44 ./Drivers/STM32F4xx_HAL_Driver/Src/stm32f4xx_hal_flash.o
 .text.FLASH_Program_HalfWord
                0x00000000080026ac       0x48 ./Drivers/STM32F4xx_HAL_Driver/Src/stm32f4xx_hal_flash.o
 .text.FLASH_Program_Byte
                0x00000000080026f4       0x44 ./Drivers/STM32F4xx_HAL_Driver/Src/stm32f4xx_hal_flash.o
 .text.FLASH_SetErrorCode
                0x0000000008002738       0xac ./Drivers/STM32F4xx_HAL_Driver/Src/stm32f4xx_hal_flash.o
 .text.FLASH_Erase_Sector
                0x00000000080027e4       0x90 ./Drivers/STM32F4xx_HAL_Driver/Src/stm32f4xx_hal_flash_ex.o
                0x00000000080027e4                FLASH_Erase_Sector
 .text.HAL_GPIO_Init
                0x0000000008002874      0x338 ./Drivers/STM32F4xx_HAL_Driver/Src/stm32f4xx_hal_gpio.o
                0x0000000008002874                HAL_GPIO_Init
 .text.HAL_RCC_OscConfig
                0x0000000008002bac      0x4f0 ./Drivers/STM32F4xx_HAL_Driver/Src/stm32f4xx_hal_rcc.o
                0x0000000008002bac                HAL_RCC_OscConfig
 .text.HAL_RCC_ClockConfig
                0x000000000800309c      0x1cc ./Drivers/STM32F4xx_HAL_Driver/Src/stm32f4xx_hal_rcc.o
                0x000000000800309c                HAL_RCC_ClockConfig
 .text.HAL_RCC_GetSysClockFreq
                0x0000000008003268      0x20c ./Drivers/STM32F4xx_HAL_Driver/Src/stm32f4xx_hal_rcc.o
                0x0000000008003268                HAL_RCC_GetSysClockFreq
 .text.HAL_RCC_GetHCLKFreq
                0x0000000008003474       0x18 ./Drivers/STM32F4xx_HAL_Driver/Src/stm32f4xx_hal_rcc.o
                0x0000000008003474                HAL_RCC_GetHCLKFreq
 .text.HAL_RCC_GetPCLK1Freq
                0x000000000800348c       0x28 ./Drivers/STM32F4xx_HAL_Driver/Src/stm32f4xx_hal_rcc.o
                0x000000000800348c                HAL_RCC_GetPCLK1Freq
 .text.HAL_RCC_GetPCLK2Freq
                0x00000000080034b4       0x28 ./Drivers/STM32F4xx_HAL_Driver/Src/stm32f4xx_hal_rcc.o
                0x00000000080034b4                HAL_RCC_GetPCLK2Freq
 .text.HAL_TIM_Base_Init
                0x00000000080034dc       0x9e ./Drivers/STM32F4xx_HAL_Driver/Src/stm32f4xx_hal_tim.o
                0x00000000080034dc                HAL_TIM_Base_Init
 .text.HAL_TIM_OC_Init
                0x000000000800357a       0x9e ./Drivers/STM32F4xx_HAL_Driver/Src/stm32f4xx_hal_tim.o
                0x000000000800357a                HAL_TIM_OC_Init
 .text.HAL_TIM_OC_MspInit
                0x0000000008003618       0x14 ./Drivers/STM32F4xx_HAL_Driver/Src/stm32f4xx_hal_tim.o
                0x0000000008003618                HAL_TIM_OC_MspInit
 .text.HAL_TIM_OC_Start
                0x000000000800362c      0x190 ./Drivers/STM32F4xx_HAL_Driver/Src/stm32f4xx_hal_tim.o
                0x000000000800362c                HAL_TIM_OC_Start
 .text.HAL_TIM_OC_Stop
                0x00000000080037bc       0xe0 ./Drivers/STM32F4xx_HAL_Driver/Src/stm32f4xx_hal_tim.o
                0x00000000080037bc                HAL_TIM_OC_Stop
 .text.HAL_TIM_PWM_Init
                0x000000000800389c       0x9e ./Drivers/STM32F4xx_HAL_Driver/Src/stm32f4xx_hal_tim.o
                0x000000000800389c                HAL_TIM_PWM_Init
 .text.HAL_TIM_PWM_MspInit
                0x000000000800393a       0x14 ./Drivers/STM32F4xx_HAL_Driver/Src/stm32f4xx_hal_tim.o
                0x000000000800393a                HAL_TIM_PWM_MspInit
 *fill*         0x000000000800394e        0x2 
 .text.HAL_TIM_PWM_Start
                0x0000000008003950      0x190 ./Drivers/STM32F4xx_HAL_Driver/Src/stm32f4xx_hal_tim.o
                0x0000000008003950                HAL_TIM_PWM_Start
 .text.HAL_TIM_IRQHandler
                0x0000000008003ae0      0x210 ./Drivers/STM32F4xx_HAL_Driver/Src/stm32f4xx_hal_tim.o
                0x0000000008003ae0                HAL_TIM_IRQHandler
 .text.HAL_TIM_OC_ConfigChannel
                0x0000000008003cf0       0xb8 ./Drivers/STM32F4xx_HAL_Driver/Src/stm32f4xx_hal_tim.o
                0x0000000008003cf0                HAL_TIM_OC_ConfigChannel
 .text.HAL_TIM_PWM_ConfigChannel
                0x0000000008003da8      0x184 ./Drivers/STM32F4xx_HAL_Driver/Src/stm32f4xx_hal_tim.o
                0x0000000008003da8                HAL_TIM_PWM_ConfigChannel
 .text.HAL_TIM_ConfigClockSource
                0x0000000008003f2c      0x18e ./Drivers/STM32F4xx_HAL_Driver/Src/stm32f4xx_hal_tim.o
                0x0000000008003f2c                HAL_TIM_ConfigClockSource
 .text.HAL_TIM_PeriodElapsedCallback
                0x00000000080040ba       0x14 ./Drivers/STM32F4xx_HAL_Driver/Src/stm32f4xx_hal_tim.o
                0x00000000080040ba                HAL_TIM_PeriodElapsedCallback
 .text.HAL_TIM_OC_DelayElapsedCallback
                0x00000000080040ce       0x14 ./Drivers/STM32F4xx_HAL_Driver/Src/stm32f4xx_hal_tim.o
                0x00000000080040ce                HAL_TIM_OC_DelayElapsedCallback
 .text.HAL_TIM_IC_CaptureCallback
                0x00000000080040e2       0x14 ./Drivers/STM32F4xx_HAL_Driver/Src/stm32f4xx_hal_tim.o
                0x00000000080040e2                HAL_TIM_IC_CaptureCallback
 .text.HAL_TIM_PWM_PulseFinishedCallback
                0x00000000080040f6       0x14 ./Drivers/STM32F4xx_HAL_Driver/Src/stm32f4xx_hal_tim.o
                0x00000000080040f6                HAL_TIM_PWM_PulseFinishedCallback
 .text.HAL_TIM_TriggerCallback
                0x000000000800410a       0x14 ./Drivers/STM32F4xx_HAL_Driver/Src/stm32f4xx_hal_tim.o
                0x000000000800410a                HAL_TIM_TriggerCallback
 *fill*         0x000000000800411e        0x2 
 .text.TIM_Base_SetConfig
                0x0000000008004120      0x140 ./Drivers/STM32F4xx_HAL_Driver/Src/stm32f4xx_hal_tim.o
                0x0000000008004120                TIM_Base_SetConfig
 .text.TIM_OC1_SetConfig
                0x0000000008004260       0xe0 ./Drivers/STM32F4xx_HAL_Driver/Src/stm32f4xx_hal_tim.o
 .text.TIM_OC2_SetConfig
                0x0000000008004340       0xec ./Drivers/STM32F4xx_HAL_Driver/Src/stm32f4xx_hal_tim.o
                0x0000000008004340                TIM_OC2_SetConfig
 .text.TIM_OC3_SetConfig
                0x000000000800442c       0xe8 ./Drivers/STM32F4xx_HAL_Driver/Src/stm32f4xx_hal_tim.o
 .text.TIM_OC4_SetConfig
                0x0000000008004514       0xac ./Drivers/STM32F4xx_HAL_Driver/Src/stm32f4xx_hal_tim.o
 .text.TIM_TI1_ConfigInputStage
                0x00000000080045c0       0x5e ./Drivers/STM32F4xx_HAL_Driver/Src/stm32f4xx_hal_tim.o
 .text.TIM_TI2_ConfigInputStage
                0x000000000800461e       0x60 ./Drivers/STM32F4xx_HAL_Driver/Src/stm32f4xx_hal_tim.o
 .text.TIM_ITRx_SetConfig
                0x000000000800467e       0x36 ./Drivers/STM32F4xx_HAL_Driver/Src/stm32f4xx_hal_tim.o
 .text.TIM_ETR_SetConfig
                0x00000000080046b4       0x40 ./Drivers/STM32F4xx_HAL_Driver/Src/stm32f4xx_hal_tim.o
                0x00000000080046b4                TIM_ETR_SetConfig
 .text.TIM_CCxChannelCmd
                0x00000000080046f4       0x4a ./Drivers/STM32F4xx_HAL_Driver/Src/stm32f4xx_hal_tim.o
                0x00000000080046f4                TIM_CCxChannelCmd
 *fill*         0x000000000800473e        0x2 
 .text.HAL_TIMEx_OCN_Start
                0x0000000008004740      0x174 ./Drivers/STM32F4xx_HAL_Driver/Src/stm32f4xx_hal_tim_ex.o
                0x0000000008004740                HAL_TIMEx_OCN_Start
 .text.HAL_TIMEx_OCN_Stop
                0x00000000080048b4       0xba ./Drivers/STM32F4xx_HAL_Driver/Src/stm32f4xx_hal_tim_ex.o
                0x00000000080048b4                HAL_TIMEx_OCN_Stop
 *fill*         0x000000000800496e        0x2 
 .text.HAL_TIMEx_MasterConfigSynchronization
                0x0000000008004970       0xf8 ./Drivers/STM32F4xx_HAL_Driver/Src/stm32f4xx_hal_tim_ex.o
                0x0000000008004970                HAL_TIMEx_MasterConfigSynchronization
 .text.HAL_TIMEx_ConfigBreakDeadTime
                0x0000000008004a68       0xa4 ./Drivers/STM32F4xx_HAL_Driver/Src/stm32f4xx_hal_tim_ex.o
                0x0000000008004a68                HAL_TIMEx_ConfigBreakDeadTime
 .text.HAL_TIMEx_CommutCallback
                0x0000000008004b0c       0x14 ./Drivers/STM32F4xx_HAL_Driver/Src/stm32f4xx_hal_tim_ex.o
                0x0000000008004b0c                HAL_TIMEx_CommutCallback
 .text.TIM_CCxNChannelCmd
                0x0000000008004b20       0x4a ./Drivers/STM32F4xx_HAL_Driver/Src/stm32f4xx_hal_tim_ex.o
 .text.HAL_UART_Init
                0x0000000008004b6a       0x9a ./Drivers/STM32F4xx_HAL_Driver/Src/stm32f4xx_hal_uart.o
                0x0000000008004b6a                HAL_UART_Init
 .text.HAL_UART_Transmit
                0x0000000008004c04      0x124 ./Drivers/STM32F4xx_HAL_Driver/Src/stm32f4xx_hal_uart.o
                0x0000000008004c04                HAL_UART_Transmit
 .text.HAL_UART_Receive_IT
                0x0000000008004d28       0x60 ./Drivers/STM32F4xx_HAL_Driver/Src/stm32f4xx_hal_uart.o
                0x0000000008004d28                HAL_UART_Receive_IT
 .text.HAL_UART_IRQHandler
                0x0000000008004d88      0x51c ./Drivers/STM32F4xx_HAL_Driver/Src/stm32f4xx_hal_uart.o
                0x0000000008004d88                HAL_UART_IRQHandler
 .text.HAL_UART_TxCpltCallback
                0x00000000080052a4       0x14 ./Drivers/STM32F4xx_HAL_Driver/Src/stm32f4xx_hal_uart.o
                0x00000000080052a4                HAL_UART_TxCpltCallback
 .text.HAL_UARTEx_RxEventCallback
                0x00000000080052b8       0x18 ./Drivers/STM32F4xx_HAL_Driver/Src/stm32f4xx_hal_uart.o
                0x00000000080052b8                HAL_UARTEx_RxEventCallback
 .text.UART_WaitOnFlagUntilTimeout
                0x00000000080052d0       0xdc ./Drivers/STM32F4xx_HAL_Driver/Src/stm32f4xx_hal_uart.o
 .text.UART_Start_Receive_IT
                0x00000000080053ac       0x7c ./Drivers/STM32F4xx_HAL_Driver/Src/stm32f4xx_hal_uart.o
                0x00000000080053ac                UART_Start_Receive_IT
 .text.UART_EndRxTransfer
                0x0000000008005428       0xc6 ./Drivers/STM32F4xx_HAL_Driver/Src/stm32f4xx_hal_uart.o
 .text.UART_DMAAbortOnError
                0x00000000080054ee       0x28 ./Drivers/STM32F4xx_HAL_Driver/Src/stm32f4xx_hal_uart.o
 .text.UART_Transmit_IT
                0x0000000008005516       0xa0 ./Drivers/STM32F4xx_HAL_Driver/Src/stm32f4xx_hal_uart.o
 .text.UART_EndTransmit_IT
                0x00000000080055b6       0x30 ./Drivers/STM32F4xx_HAL_Driver/Src/stm32f4xx_hal_uart.o
 .text.UART_Receive_IT
                0x00000000080055e6      0x176 ./Drivers/STM32F4xx_HAL_Driver/Src/stm32f4xx_hal_uart.o
 .text.UART_SetConfig
                0x000000000800575c      0x4e8 ./Drivers/STM32F4xx_HAL_Driver/Src/stm32f4xx_hal_uart.o
 .text.__errno  0x0000000008005c44        0xc c:/st/stm32cubeide_1.9.0/stm32cubeide/plugins/com.st.stm32cube.ide.mcu.externaltools.gnu-tools-for-stm32.10.3-2021.10.win32_1.0.0.202111181127/tools/bin/../lib/gcc/arm-none-eabi/10.3.1/../../../../arm-none-eabi/lib/thumb/v7e-m+fp/hard\libc_nano.a(lib_a-errno.o)
                0x0000000008005c44                __errno
 .text.__libc_init_array
                0x0000000008005c50       0x48 c:/st/stm32cubeide_1.9.0/stm32cubeide/plugins/com.st.stm32cube.ide.mcu.externaltools.gnu-tools-for-stm32.10.3-2021.10.win32_1.0.0.202111181127/tools/bin/../lib/gcc/arm-none-eabi/10.3.1/../../../../arm-none-eabi/lib/thumb/v7e-m+fp/hard\libc_nano.a(lib_a-init.o)
                0x0000000008005c50                __libc_init_array
 .text.memset   0x0000000008005c98       0x10 c:/st/stm32cubeide_1.9.0/stm32cubeide/plugins/com.st.stm32cube.ide.mcu.externaltools.gnu-tools-for-stm32.10.3-2021.10.win32_1.0.0.202111181127/tools/bin/../lib/gcc/arm-none-eabi/10.3.1/../../../../arm-none-eabi/lib/thumb/v7e-m+fp/hard\libc_nano.a(lib_a-memset.o)
                0x0000000008005c98                memset
 .text.sprintf  0x0000000008005ca8       0x40 c:/st/stm32cubeide_1.9.0/stm32cubeide/plugins/com.st.stm32cube.ide.mcu.externaltools.gnu-tools-for-stm32.10.3-2021.10.win32_1.0.0.202111181127/tools/bin/../lib/gcc/arm-none-eabi/10.3.1/../../../../arm-none-eabi/lib/thumb/v7e-m+fp/hard\libc_nano.a(lib_a-sprintf.o)
                0x0000000008005ca8                siprintf
                0x0000000008005ca8                sprintf
 .text.__ssputs_r
                0x0000000008005ce8       0xb6 c:/st/stm32cubeide_1.9.0/stm32cubeide/plugins/com.st.stm32cube.ide.mcu.externaltools.gnu-tools-for-stm32.10.3-2021.10.win32_1.0.0.202111181127/tools/bin/../lib/gcc/arm-none-eabi/10.3.1/../../../../arm-none-eabi/lib/thumb/v7e-m+fp/hard\libc_nano.a(lib_a-nano-svfprintf.o)
                0x0000000008005ce8                __ssputs_r
 *fill*         0x0000000008005d9e        0x2 
 .text._svfprintf_r
                0x0000000008005da0      0x200 c:/st/stm32cubeide_1.9.0/stm32cubeide/plugins/com.st.stm32cube.ide.mcu.externaltools.gnu-tools-for-stm32.10.3-2021.10.win32_1.0.0.202111181127/tools/bin/../lib/gcc/arm-none-eabi/10.3.1/../../../../arm-none-eabi/lib/thumb/v7e-m+fp/hard\libc_nano.a(lib_a-nano-svfprintf.o)
                0x0000000008005da0                _svfiprintf_r
                0x0000000008005da0                _svfprintf_r
 .text._printf_common
                0x0000000008005fa0       0xda c:/st/stm32cubeide_1.9.0/stm32cubeide/plugins/com.st.stm32cube.ide.mcu.externaltools.gnu-tools-for-stm32.10.3-2021.10.win32_1.0.0.202111181127/tools/bin/../lib/gcc/arm-none-eabi/10.3.1/../../../../arm-none-eabi/lib/thumb/v7e-m+fp/hard\libc_nano.a(lib_a-nano-vfprintf_i.o)
                0x0000000008005fa0                _printf_common
 *fill*         0x000000000800607a        0x2 
 .text._printf_i
                0x000000000800607c      0x24c c:/st/stm32cubeide_1.9.0/stm32cubeide/plugins/com.st.stm32cube.ide.mcu.externaltools.gnu-tools-for-stm32.10.3-2021.10.win32_1.0.0.202111181127/tools/bin/../lib/gcc/arm-none-eabi/10.3.1/../../../../arm-none-eabi/lib/thumb/v7e-m+fp/hard\libc_nano.a(lib_a-nano-vfprintf_i.o)
                0x000000000800607c                _printf_i
 .text.memcpy   0x00000000080062c8       0x1c c:/st/stm32cubeide_1.9.0/stm32cubeide/plugins/com.st.stm32cube.ide.mcu.externaltools.gnu-tools-for-stm32.10.3-2021.10.win32_1.0.0.202111181127/tools/bin/../lib/gcc/arm-none-eabi/10.3.1/../../../../arm-none-eabi/lib/thumb/v7e-m+fp/hard\libc_nano.a(lib_a-memcpy-stub.o)
                0x00000000080062c8                memcpy
 .text.memmove  0x00000000080062e4       0x34 c:/st/stm32cubeide_1.9.0/stm32cubeide/plugins/com.st.stm32cube.ide.mcu.externaltools.gnu-tools-for-stm32.10.3-2021.10.win32_1.0.0.202111181127/tools/bin/../lib/gcc/arm-none-eabi/10.3.1/../../../../arm-none-eabi/lib/thumb/v7e-m+fp/hard\libc_nano.a(lib_a-memmove.o)
                0x00000000080062e4                memmove
 .text._free_r  0x0000000008006318       0x98 c:/st/stm32cubeide_1.9.0/stm32cubeide/plugins/com.st.stm32cube.ide.mcu.externaltools.gnu-tools-for-stm32.10.3-2021.10.win32_1.0.0.202111181127/tools/bin/../lib/gcc/arm-none-eabi/10.3.1/../../../../arm-none-eabi/lib/thumb/v7e-m+fp/hard\libc_nano.a(lib_a-nano-freer.o)
                0x0000000008006318                _free_r
 .text.sbrk_aligned
                0x00000000080063b0       0x40 c:/st/stm32cubeide_1.9.0/stm32cubeide/plugins/com.st.stm32cube.ide.mcu.externaltools.gnu-tools-for-stm32.10.3-2021.10.win32_1.0.0.202111181127/tools/bin/../lib/gcc/arm-none-eabi/10.3.1/../../../../arm-none-eabi/lib/thumb/v7e-m+fp/hard\libc_nano.a(lib_a-nano-mallocr.o)
 .text._malloc_r
                0x00000000080063f0       0xe8 c:/st/stm32cubeide_1.9.0/stm32cubeide/plugins/com.st.stm32cube.ide.mcu.externaltools.gnu-tools-for-stm32.10.3-2021.10.win32_1.0.0.202111181127/tools/bin/../lib/gcc/arm-none-eabi/10.3.1/../../../../arm-none-eabi/lib/thumb/v7e-m+fp/hard\libc_nano.a(lib_a-nano-mallocr.o)
                0x00000000080063f0                _malloc_r
 .text._realloc_r
                0x00000000080064d8       0x5e c:/st/stm32cubeide_1.9.0/stm32cubeide/plugins/com.st.stm32cube.ide.mcu.externaltools.gnu-tools-for-stm32.10.3-2021.10.win32_1.0.0.202111181127/tools/bin/../lib/gcc/arm-none-eabi/10.3.1/../../../../arm-none-eabi/lib/thumb/v7e-m+fp/hard\libc_nano.a(lib_a-nano-reallocr.o)
                0x00000000080064d8                _realloc_r
 *fill*         0x0000000008006536        0x2 
 .text._sbrk_r  0x0000000008006538       0x20 c:/st/stm32cubeide_1.9.0/stm32cubeide/plugins/com.st.stm32cube.ide.mcu.externaltools.gnu-tools-for-stm32.10.3-2021.10.win32_1.0.0.202111181127/tools/bin/../lib/gcc/arm-none-eabi/10.3.1/../../../../arm-none-eabi/lib/thumb/v7e-m+fp/hard\libc_nano.a(lib_a-sbrkr.o)
                0x0000000008006538                _sbrk_r
 .text.__malloc_lock
                0x0000000008006558        0xc c:/st/stm32cubeide_1.9.0/stm32cubeide/plugins/com.st.stm32cube.ide.mcu.externaltools.gnu-tools-for-stm32.10.3-2021.10.win32_1.0.0.202111181127/tools/bin/../lib/gcc/arm-none-eabi/10.3.1/../../../../arm-none-eabi/lib/thumb/v7e-m+fp/hard\libc_nano.a(lib_a-mlock.o)
                0x0000000008006558                __malloc_lock
 .text.__malloc_unlock
                0x0000000008006564        0xc c:/st/stm32cubeide_1.9.0/stm32cubeide/plugins/com.st.stm32cube.ide.mcu.externaltools.gnu-tools-for-stm32.10.3-2021.10.win32_1.0.0.202111181127/tools/bin/../lib/gcc/arm-none-eabi/10.3.1/../../../../arm-none-eabi/lib/thumb/v7e-m+fp/hard\libc_nano.a(lib_a-mlock.o)
                0x0000000008006564                __malloc_unlock
 .text._malloc_usable_size_r
                0x0000000008006570       0x10 c:/st/stm32cubeide_1.9.0/stm32cubeide/plugins/com.st.stm32cube.ide.mcu.externaltools.gnu-tools-for-stm32.10.3-2021.10.win32_1.0.0.202111181127/tools/bin/../lib/gcc/arm-none-eabi/10.3.1/../../../../arm-none-eabi/lib/thumb/v7e-m+fp/hard\libc_nano.a(lib_a-nano-msizer.o)
                0x0000000008006570                _malloc_usable_size_r
 .text.__retarget_lock_acquire_recursive
                0x0000000008006580        0x2 c:/st/stm32cubeide_1.9.0/stm32cubeide/plugins/com.st.stm32cube.ide.mcu.externaltools.gnu-tools-for-stm32.10.3-2021.10.win32_1.0.0.202111181127/tools/bin/../lib/gcc/arm-none-eabi/10.3.1/../../../../arm-none-eabi/lib/thumb/v7e-m+fp/hard\libc_nano.a(lib_a-lock.o)
                0x0000000008006580                __retarget_lock_acquire_recursive
 .text.__retarget_lock_release_recursive
                0x0000000008006582        0x2 c:/st/stm32cubeide_1.9.0/stm32cubeide/plugins/com.st.stm32cube.ide.mcu.externaltools.gnu-tools-for-stm32.10.3-2021.10.win32_1.0.0.202111181127/tools/bin/../lib/gcc/arm-none-eabi/10.3.1/../../../../arm-none-eabi/lib/thumb/v7e-m+fp/hard\libc_nano.a(lib_a-lock.o)
                0x0000000008006582                __retarget_lock_release_recursive
 *(.glue_7)
 .glue_7        0x0000000008006584        0x0 linker stubs
 *(.glue_7t)
 .glue_7t       0x0000000008006584        0x0 linker stubs
 *(.eh_frame)
 .eh_frame      0x0000000008006584        0x0 c:/st/stm32cubeide_1.9.0/stm32cubeide/plugins/com.st.stm32cube.ide.mcu.externaltools.gnu-tools-for-stm32.10.3-2021.10.win32_1.0.0.202111181127/tools/bin/../lib/gcc/arm-none-eabi/10.3.1/thumb/v7e-m+fp/hard/crtbegin.o
 *(.init)
 .init          0x0000000008006584        0x4 c:/st/stm32cubeide_1.9.0/stm32cubeide/plugins/com.st.stm32cube.ide.mcu.externaltools.gnu-tools-for-stm32.10.3-2021.10.win32_1.0.0.202111181127/tools/bin/../lib/gcc/arm-none-eabi/10.3.1/thumb/v7e-m+fp/hard/crti.o
                0x0000000008006584                _init
 .init          0x0000000008006588        0x8 c:/st/stm32cubeide_1.9.0/stm32cubeide/plugins/com.st.stm32cube.ide.mcu.externaltools.gnu-tools-for-stm32.10.3-2021.10.win32_1.0.0.202111181127/tools/bin/../lib/gcc/arm-none-eabi/10.3.1/thumb/v7e-m+fp/hard/crtn.o
 *(.fini)
 .fini          0x0000000008006590        0x4 c:/st/stm32cubeide_1.9.0/stm32cubeide/plugins/com.st.stm32cube.ide.mcu.externaltools.gnu-tools-for-stm32.10.3-2021.10.win32_1.0.0.202111181127/tools/bin/../lib/gcc/arm-none-eabi/10.3.1/thumb/v7e-m+fp/hard/crti.o
                0x0000000008006590                _fini
 .fini          0x0000000008006594        0x8 c:/st/stm32cubeide_1.9.0/stm32cubeide/plugins/com.st.stm32cube.ide.mcu.externaltools.gnu-tools-for-stm32.10.3-2021.10.win32_1.0.0.202111181127/tools/bin/../lib/gcc/arm-none-eabi/10.3.1/thumb/v7e-m+fp/hard/crtn.o
                0x000000000800659c                . = ALIGN (0x4)
                0x000000000800659c                _etext = .

.vfp11_veneer   0x000000000800659c        0x0
 .vfp11_veneer  0x000000000800659c        0x0 linker stubs

.v4_bx          0x000000000800659c        0x0
 .v4_bx         0x000000000800659c        0x0 linker stubs

.iplt           0x000000000800659c        0x0
 .iplt          0x000000000800659c        0x0 c:/st/stm32cubeide_1.9.0/stm32cubeide/plugins/com.st.stm32cube.ide.mcu.externaltools.gnu-tools-for-stm32.10.3-2021.10.win32_1.0.0.202111181127/tools/bin/../lib/gcc/arm-none-eabi/10.3.1/thumb/v7e-m+fp/hard/crtbegin.o

.rodata         0x000000000800659c      0x16c
                0x000000000800659c                . = ALIGN (0x4)
 *(.rodata)
 .rodata        0x000000000800659c       0x54 ./Core/Src/main.o
 .rodata        0x00000000080065f0       0xc9 ./Core/Src/nextion.o
 *(.rodata*)
 *fill*         0x00000000080066b9        0x3 
 .rodata.AHBPrescTable
                0x00000000080066bc       0x10 ./Core/Src/system_stm32f4xx.o
                0x00000000080066bc                AHBPrescTable
 .rodata.APBPrescTable
                0x00000000080066cc        0x8 ./Core/Src/system_stm32f4xx.o
                0x00000000080066cc                APBPrescTable
 .rodata._svfprintf_r.str1.1
                0x00000000080066d4       0x11 c:/st/stm32cubeide_1.9.0/stm32cubeide/plugins/com.st.stm32cube.ide.mcu.externaltools.gnu-tools-for-stm32.10.3-2021.10.win32_1.0.0.202111181127/tools/bin/../lib/gcc/arm-none-eabi/10.3.1/../../../../arm-none-eabi/lib/thumb/v7e-m+fp/hard\libc_nano.a(lib_a-nano-svfprintf.o)
 .rodata._printf_i.str1.1
                0x00000000080066e5       0x22 c:/st/stm32cubeide_1.9.0/stm32cubeide/plugins/com.st.stm32cube.ide.mcu.externaltools.gnu-tools-for-stm32.10.3-2021.10.win32_1.0.0.202111181127/tools/bin/../lib/gcc/arm-none-eabi/10.3.1/../../../../arm-none-eabi/lib/thumb/v7e-m+fp/hard\libc_nano.a(lib_a-nano-vfprintf_i.o)
                0x0000000008006708                . = ALIGN (0x4)
 *fill*         0x0000000008006707        0x1 

.ARM.extab      0x0000000008006708        0x0
                0x0000000008006708                . = ALIGN (0x4)
 *(.ARM.extab* .gnu.linkonce.armextab.*)
                0x0000000008006708                . = ALIGN (0x4)

.ARM            0x0000000008006708        0x8
                0x0000000008006708                . = ALIGN (0x4)
                0x0000000008006708                __exidx_start = .
 *(.ARM.exidx*)
 .ARM.exidx     0x0000000008006708        0x8 c:/st/stm32cubeide_1.9.0/stm32cubeide/plugins/com.st.stm32cube.ide.mcu.externaltools.gnu-tools-for-stm32.10.3-2021.10.win32_1.0.0.202111181127/tools/bin/../lib/gcc/arm-none-eabi/10.3.1/thumb/v7e-m+fp/hard\libgcc.a(_udivmoddi4.o)
                0x0000000008006710                __exidx_end = .
                0x0000000008006710                . = ALIGN (0x4)

.rel.dyn        0x0000000008006710        0x0
 .rel.iplt      0x0000000008006710        0x0 c:/st/stm32cubeide_1.9.0/stm32cubeide/plugins/com.st.stm32cube.ide.mcu.externaltools.gnu-tools-for-stm32.10.3-2021.10.win32_1.0.0.202111181127/tools/bin/../lib/gcc/arm-none-eabi/10.3.1/thumb/v7e-m+fp/hard/crtbegin.o

.preinit_array  0x0000000008006710        0x0
                0x0000000008006710                . = ALIGN (0x4)
                0x0000000008006710                PROVIDE (__preinit_array_start = .)
 *(.preinit_array*)
                0x0000000008006710                PROVIDE (__preinit_array_end = .)
                0x0000000008006710                . = ALIGN (0x4)

.init_array     0x0000000008006710        0x4
                0x0000000008006710                . = ALIGN (0x4)
                0x0000000008006710                PROVIDE (__init_array_start = .)
 *(SORT_BY_NAME(.init_array.*))
 *(.init_array*)
 .init_array    0x0000000008006710        0x4 c:/st/stm32cubeide_1.9.0/stm32cubeide/plugins/com.st.stm32cube.ide.mcu.externaltools.gnu-tools-for-stm32.10.3-2021.10.win32_1.0.0.202111181127/tools/bin/../lib/gcc/arm-none-eabi/10.3.1/thumb/v7e-m+fp/hard/crtbegin.o
                0x0000000008006714                PROVIDE (__init_array_end = .)
                0x0000000008006714                . = ALIGN (0x4)

.fini_array     0x0000000008006714        0x4
                0x0000000008006714                . = ALIGN (0x4)
                [!provide]                        PROVIDE (__fini_array_start = .)
 *(SORT_BY_NAME(.fini_array.*))
 *(.fini_array*)
 .fini_array    0x0000000008006714        0x4 c:/st/stm32cubeide_1.9.0/stm32cubeide/plugins/com.st.stm32cube.ide.mcu.externaltools.gnu-tools-for-stm32.10.3-2021.10.win32_1.0.0.202111181127/tools/bin/../lib/gcc/arm-none-eabi/10.3.1/thumb/v7e-m+fp/hard/crtbegin.o
                [!provide]                        PROVIDE (__fini_array_end = .)
                0x0000000008006718                . = ALIGN (0x4)
                0x0000000008006718                _sidata = LOADADDR (.data)

.data           0x0000000020000000       0xd0 load address 0x0000000008006718
                0x0000000020000000                . = ALIGN (0x4)
                0x0000000020000000                _sdata = .
 *(.data)
 *(.data*)
 .data.RPM_Unit_address
                0x0000000020000000        0x4 ./Core/Src/main.o
                0x0000000020000000                RPM_Unit_address
 .data.Torque_Unit_address
                0x0000000020000004        0x4 ./Core/Src/main.o
                0x0000000020000004                Torque_Unit_address
 .data.Record_address
                0x0000000020000008        0x4 ./Core/Src/main.o
                0x0000000020000008                Record_address
 .data.Lower_Limit_address
                0x000000002000000c        0x4 ./Core/Src/main.o
                0x000000002000000c                Lower_Limit_address
 .data.Upper_Limit_address
                0x0000000020000010        0x4 ./Core/Src/main.o
                0x0000000020000010                Upper_Limit_address
 .data.Filter_address
                0x0000000020000014        0x4 ./Core/Src/main.o
                0x0000000020000014                Filter_address
 .data.Pressure_Cal_address
                0x0000000020000018        0x4 ./Core/Src/main.o
                0x0000000020000018                Pressure_Cal_address
 .data.Volume_address
                0x000000002000001c        0x4 ./Core/Src/main.o
                0x000000002000001c                Volume_address
 .data.Leak_Cal_address
                0x0000000020000020        0x4 ./Core/Src/main.o
                0x0000000020000020                Leak_Cal_address
 .data.Password_address
                0x0000000020000024        0x4 ./Core/Src/main.o
                0x0000000020000024                Password_address
 .data.Test_In_Pressure_address
                0x0000000020000028        0x4 ./Core/Src/main.o
                0x0000000020000028                Test_In_Pressure_address
 .data.Test_Out_Pressure_address
                0x000000002000002c        0x4 ./Core/Src/main.o
                0x000000002000002c                Test_Out_Pressure_address
 .data.Stabil_Time_address
                0x0000000020000030        0x4 ./Core/Src/main.o
                0x0000000020000030                Stabil_Time_address
 .data.Filling_Time_address
                0x0000000020000034        0x4 ./Core/Src/main.o
                0x0000000020000034                Filling_Time_address
 .data.Test_Time_address
                0x0000000020000038        0x4 ./Core/Src/main.o
                0x0000000020000038                Test_Time_address
 .data.Atmospher_address
                0x000000002000003c        0x4 ./Core/Src/main.o
                0x000000002000003c                Atmospher_address
 .data.Pressure_Zero_address
                0x0000000020000040        0x4 ./Core/Src/main.o
                0x0000000020000040                Pressure_Zero_address
 .data.Leak_Zero_address
                0x0000000020000044        0x4 ./Core/Src/main.o
                0x0000000020000044                Leak_Zero_address
 .data.Fac_RPM_Unit
                0x0000000020000048        0x4 ./Core/Src/main.o
                0x0000000020000048                Fac_RPM_Unit
 .data.Fac_Torque_Unit
                0x000000002000004c        0x4 ./Core/Src/main.o
                0x000000002000004c                Fac_Torque_Unit
 .data.prescalerValue
                0x0000000020000050        0x2 ./Core/Src/main.o
                0x0000000020000050                prescalerValue
 .data.prescalerValueOld
                0x0000000020000052        0x2 ./Core/Src/main.o
                0x0000000020000052                prescalerValueOld
 .data.step     0x0000000020000054        0x2 ./Core/Src/main.o
                0x0000000020000054                step
 *fill*         0x0000000020000056        0x2 
 .data.freqValue
                0x0000000020000058        0x4 ./Core/Src/main.o
                0x0000000020000058                freqValue
 .data.NextionTimeOutMs
                0x000000002000005c        0x4 ./Core/Src/nextion.o
                0x000000002000005c                NextionTimeOutMs
 .data.SystemCoreClock
                0x0000000020000060        0x4 ./Core/Src/system_stm32f4xx.o
                0x0000000020000060                SystemCoreClock
 .data.uwTickPrio
                0x0000000020000064        0x4 ./Drivers/STM32F4xx_HAL_Driver/Src/stm32f4xx_hal.o
                0x0000000020000064                uwTickPrio
 .data.uwTickFreq
                0x0000000020000068        0x1 ./Drivers/STM32F4xx_HAL_Driver/Src/stm32f4xx_hal.o
                0x0000000020000068                uwTickFreq
 *fill*         0x0000000020000069        0x3 
 .data._impure_ptr
                0x000000002000006c        0x4 c:/st/stm32cubeide_1.9.0/stm32cubeide/plugins/com.st.stm32cube.ide.mcu.externaltools.gnu-tools-for-stm32.10.3-2021.10.win32_1.0.0.202111181127/tools/bin/../lib/gcc/arm-none-eabi/10.3.1/../../../../arm-none-eabi/lib/thumb/v7e-m+fp/hard\libc_nano.a(lib_a-impure.o)
                0x000000002000006c                _impure_ptr
 .data.impure_data
                0x0000000020000070       0x60 c:/st/stm32cubeide_1.9.0/stm32cubeide/plugins/com.st.stm32cube.ide.mcu.externaltools.gnu-tools-for-stm32.10.3-2021.10.win32_1.0.0.202111181127/tools/bin/../lib/gcc/arm-none-eabi/10.3.1/../../../../arm-none-eabi/lib/thumb/v7e-m+fp/hard\libc_nano.a(lib_a-impure.o)
 *(.RamFunc)
 *(.RamFunc*)
                0x00000000200000d0                . = ALIGN (0x4)
                0x00000000200000d0                _edata = .
                0x00000000080067e8                _siccmram = LOADADDR (.ccmram)

.igot.plt       0x00000000200000d0        0x0 load address 0x00000000080067e8
 .igot.plt      0x00000000200000d0        0x0 c:/st/stm32cubeide_1.9.0/stm32cubeide/plugins/com.st.stm32cube.ide.mcu.externaltools.gnu-tools-for-stm32.10.3-2021.10.win32_1.0.0.202111181127/tools/bin/../lib/gcc/arm-none-eabi/10.3.1/thumb/v7e-m+fp/hard/crtbegin.o

.ccmram         0x0000000010000000        0x0 load address 0x00000000080067e8
                0x0000000010000000                . = ALIGN (0x4)
                0x0000000010000000                _sccmram = .
 *(.ccmram)
 *(.ccmram*)
                0x0000000010000000                . = ALIGN (0x4)
                0x0000000010000000                _eccmram = .
                0x0000000010000000                . = ALIGN (0x4)

.bss            0x00000000200000d0      0x1e8
                0x00000000200000d0                _sbss = .
                0x00000000200000d0                __bss_start__ = _sbss
 *(.bss)
 .bss           0x00000000200000d0       0x1c c:/st/stm32cubeide_1.9.0/stm32cubeide/plugins/com.st.stm32cube.ide.mcu.externaltools.gnu-tools-for-stm32.10.3-2021.10.win32_1.0.0.202111181127/tools/bin/../lib/gcc/arm-none-eabi/10.3.1/thumb/v7e-m+fp/hard/crtbegin.o
 *(.bss*)
 .bss.UartReady
                0x00000000200000ec        0x1 ./Core/Src/main.o
                0x00000000200000ec                UartReady
 *fill*         0x00000000200000ed        0x3 
 .bss.htim1     0x00000000200000f0       0x48 ./Core/Src/main.o
                0x00000000200000f0                htim1
 .bss.htim4     0x0000000020000138       0x48 ./Core/Src/main.o
                0x0000000020000138                htim4
 .bss.huart6    0x0000000020000180       0x44 ./Core/Src/main.o
                0x0000000020000180                huart6
 .bss.RPM_Unit  0x00000000200001c4        0x4 ./Core/Src/main.o
                0x00000000200001c4                RPM_Unit
 .bss.Torque_Unit
                0x00000000200001c8        0x4 ./Core/Src/main.o
                0x00000000200001c8                Torque_Unit
 .bss.Record    0x00000000200001cc        0x4 ./Core/Src/main.o
                0x00000000200001cc                Record
 .bss.Lower_Limit
                0x00000000200001d0        0x4 ./Core/Src/main.o
                0x00000000200001d0                Lower_Limit
 .bss.Upper_Limit
                0x00000000200001d4        0x4 ./Core/Src/main.o
                0x00000000200001d4                Upper_Limit
 .bss.Filter    0x00000000200001d8        0x4 ./Core/Src/main.o
                0x00000000200001d8                Filter
 .bss.Pressure_Cal
                0x00000000200001dc        0x4 ./Core/Src/main.o
                0x00000000200001dc                Pressure_Cal
 .bss.Volume    0x00000000200001e0        0x4 ./Core/Src/main.o
                0x00000000200001e0                Volume
 .bss.Leak_Cal  0x00000000200001e4        0x4 ./Core/Src/main.o
                0x00000000200001e4                Leak_Cal
 .bss.Password  0x00000000200001e8        0x4 ./Core/Src/main.o
                0x00000000200001e8                Password
 .bss.Test_In_Pressure
                0x00000000200001ec        0x4 ./Core/Src/main.o
                0x00000000200001ec                Test_In_Pressure
 .bss.Test_Out_Pressure
                0x00000000200001f0        0x4 ./Core/Src/main.o
                0x00000000200001f0                Test_Out_Pressure
 .bss.Stabil_Time
                0x00000000200001f4        0x4 ./Core/Src/main.o
                0x00000000200001f4                Stabil_Time
 .bss.Filling_Time
                0x00000000200001f8        0x4 ./Core/Src/main.o
                0x00000000200001f8                Filling_Time
 .bss.Test_Time
                0x00000000200001fc        0x4 ./Core/Src/main.o
                0x00000000200001fc                Test_Time
 .bss.Atmospher
                0x0000000020000200        0x4 ./Core/Src/main.o
                0x0000000020000200                Atmospher
 .bss.Pressure_Zero
                0x0000000020000204        0x4 ./Core/Src/main.o
                0x0000000020000204                Pressure_Zero
 .bss.Leak_Zero
                0x0000000020000208        0x4 ./Core/Src/main.o
                0x0000000020000208                Leak_Zero
 .bss.countReceive
                0x000000002000020c        0x4 ./Core/Src/main.o
                0x000000002000020c                countReceive
 .bss.CurrentPage
                0x0000000020000210        0x1 ./Core/Src/main.o
                0x0000000020000210                CurrentPage
 .bss.CurrentButton
                0x0000000020000211        0x1 ./Core/Src/main.o
                0x0000000020000211                CurrentButton
 *fill*         0x0000000020000212        0x2 
 .bss.rx_buffer
                0x0000000020000214       0x32 ./Core/Src/main.o
                0x0000000020000214                rx_buffer
 *fill*         0x0000000020000246        0x2 
 .bss.reading_buffer
                0x0000000020000248        0xa ./Core/Src/main.o
                0x0000000020000248                reading_buffer
 *fill*         0x0000000020000252        0x2 
 .bss.usartReceiveITEnable
                0x0000000020000254        0x4 ./Core/Src/main.o
                0x0000000020000254                usartReceiveITEnable
 .bss.Next_Number_Value
                0x0000000020000258        0x4 ./Core/Src/main.o
                0x0000000020000258                Next_Number_Value
 .bss.torque    0x000000002000025c        0x2 ./Core/Src/main.o
                0x000000002000025c                torque
 .bss.rpm       0x000000002000025e        0x2 ./Core/Src/main.o
                0x000000002000025e                rpm
 .bss.tit       0x0000000020000260        0x2 ./Core/Src/main.o
                0x0000000020000260                tit
 .bss.ff        0x0000000020000262        0x2 ./Core/Src/main.o
                0x0000000020000262                ff
 .bss.gop       0x0000000020000264        0x2 ./Core/Src/main.o
                0x0000000020000264                gop
 .bss.eop       0x0000000020000266        0x2 ./Core/Src/main.o
                0x0000000020000266                eop
 .bss.eot       0x0000000020000268        0x2 ./Core/Src/main.o
                0x0000000020000268                eot
 .bss.eoq       0x000000002000026a        0x2 ./Core/Src/main.o
                0x000000002000026a                eoq
 .bss.count     0x000000002000026c        0x4 ./Core/Src/main.o
                0x000000002000026c                count
 .bss.nextion_command_ready
                0x0000000020000270        0x1 ./Core/Src/main.o
                0x0000000020000270                nextion_command_ready
 .bss.numberHead
                0x0000000020000271        0x1 ./Core/Src/main.o
                0x0000000020000271                numberHead
 .bss.pulse_value
                0x0000000020000272        0x2 ./Core/Src/main.o
                0x0000000020000272                pulse_value
 .bss.break_falg
                0x0000000020000274        0x1 ./Core/Src/main.o
                0x0000000020000274                break_falg
 *fill*         0x0000000020000275        0x1 
 .bss.dead_value
                0x0000000020000276        0x2 ./Core/Src/main.o
                0x0000000020000276                dead_value
 .bss.pulse2    0x0000000020000278        0x2 ./Core/Src/main.o
                0x0000000020000278                pulse2
 .bss.geriSayim
                0x000000002000027a        0x2 ./Core/Src/main.o
                0x000000002000027a                geriSayim
 .bss.arrValue  0x000000002000027c        0x2 ./Core/Src/main.o
                0x000000002000027c                arrValue
 .bss.prePulse  0x000000002000027e        0x2 ./Core/Src/main.o
                0x000000002000027e                prePulse
 .bss.__sbrk_heap_end
                0x0000000020000280        0x4 ./Core/Src/sysmem.o
 .bss.uwTick    0x0000000020000284        0x4 ./Drivers/STM32F4xx_HAL_Driver/Src/stm32f4xx_hal.o
                0x0000000020000284                uwTick
 .bss.pFlash    0x0000000020000288       0x20 ./Drivers/STM32F4xx_HAL_Driver/Src/stm32f4xx_hal_flash.o
                0x0000000020000288                pFlash
 .bss.__malloc_free_list
                0x00000000200002a8        0x4 c:/st/stm32cubeide_1.9.0/stm32cubeide/plugins/com.st.stm32cube.ide.mcu.externaltools.gnu-tools-for-stm32.10.3-2021.10.win32_1.0.0.202111181127/tools/bin/../lib/gcc/arm-none-eabi/10.3.1/../../../../arm-none-eabi/lib/thumb/v7e-m+fp/hard\libc_nano.a(lib_a-nano-mallocr.o)
                0x00000000200002a8                __malloc_free_list
 .bss.__malloc_sbrk_start
                0x00000000200002ac        0x4 c:/st/stm32cubeide_1.9.0/stm32cubeide/plugins/com.st.stm32cube.ide.mcu.externaltools.gnu-tools-for-stm32.10.3-2021.10.win32_1.0.0.202111181127/tools/bin/../lib/gcc/arm-none-eabi/10.3.1/../../../../arm-none-eabi/lib/thumb/v7e-m+fp/hard\libc_nano.a(lib_a-nano-mallocr.o)
                0x00000000200002ac                __malloc_sbrk_start
 .bss.errno     0x00000000200002b0        0x4 c:/st/stm32cubeide_1.9.0/stm32cubeide/plugins/com.st.stm32cube.ide.mcu.externaltools.gnu-tools-for-stm32.10.3-2021.10.win32_1.0.0.202111181127/tools/bin/../lib/gcc/arm-none-eabi/10.3.1/../../../../arm-none-eabi/lib/thumb/v7e-m+fp/hard\libc_nano.a(lib_a-reent.o)
                0x00000000200002b0                errno
 .bss.__lock___malloc_recursive_mutex
                0x00000000200002b4        0x1 c:/st/stm32cubeide_1.9.0/stm32cubeide/plugins/com.st.stm32cube.ide.mcu.externaltools.gnu-tools-for-stm32.10.3-2021.10.win32_1.0.0.202111181127/tools/bin/../lib/gcc/arm-none-eabi/10.3.1/../../../../arm-none-eabi/lib/thumb/v7e-m+fp/hard\libc_nano.a(lib_a-lock.o)
                0x00000000200002b4                __lock___malloc_recursive_mutex
 *(COMMON)
                0x00000000200002b8                . = ALIGN (0x4)
 *fill*         0x00000000200002b5        0x3 
                0x00000000200002b8                _ebss = .
                0x00000000200002b8                __bss_end__ = _ebss

._user_heap_stack
                0x00000000200002b8     0x6000
                0x00000000200002b8                . = ALIGN (0x8)
                [!provide]                        PROVIDE (end = .)
                0x00000000200002b8                PROVIDE (_end = .)
                0x00000000200022b8                . = (. + _Min_Heap_Size)
 *fill*         0x00000000200002b8     0x2000 
                0x00000000200062b8                . = (. + _Min_Stack_Size)
 *fill*         0x00000000200022b8     0x4000 
                0x00000000200062b8                . = ALIGN (0x8)

/DISCARD/
 libc.a(*)
 libm.a(*)
 libgcc.a(*)

.ARM.attributes
                0x0000000000000000       0x30
 *(.ARM.attributes)
 .ARM.attributes
                0x0000000000000000       0x1e c:/st/stm32cubeide_1.9.0/stm32cubeide/plugins/com.st.stm32cube.ide.mcu.externaltools.gnu-tools-for-stm32.10.3-2021.10.win32_1.0.0.202111181127/tools/bin/../lib/gcc/arm-none-eabi/10.3.1/thumb/v7e-m+fp/hard/crti.o
 .ARM.attributes
                0x000000000000001e       0x34 c:/st/stm32cubeide_1.9.0/stm32cubeide/plugins/com.st.stm32cube.ide.mcu.externaltools.gnu-tools-for-stm32.10.3-2021.10.win32_1.0.0.202111181127/tools/bin/../lib/gcc/arm-none-eabi/10.3.1/thumb/v7e-m+fp/hard/crtbegin.o
 .ARM.attributes
                0x0000000000000052       0x34 ./Core/Src/flash.o
 .ARM.attributes
                0x0000000000000086       0x34 ./Core/Src/main.o
 .ARM.attributes
                0x00000000000000ba       0x34 ./Core/Src/nextion.o
 .ARM.attributes
                0x00000000000000ee       0x34 ./Core/Src/stm32f4xx_hal_msp.o
 .ARM.attributes
                0x0000000000000122       0x34 ./Core/Src/stm32f4xx_it.o
 .ARM.attributes
                0x0000000000000156       0x34 ./Core/Src/sysmem.o
 .ARM.attributes
                0x000000000000018a       0x34 ./Core/Src/system_stm32f4xx.o
 .ARM.attributes
                0x00000000000001be       0x21 ./Core/Startup/startup_stm32f407vgtx.o
 .ARM.attributes
                0x00000000000001df       0x34 ./Drivers/STM32F4xx_HAL_Driver/Src/stm32f4xx_hal.o
 .ARM.attributes
                0x0000000000000213       0x34 ./Drivers/STM32F4xx_HAL_Driver/Src/stm32f4xx_hal_cortex.o
 .ARM.attributes
                0x0000000000000247       0x34 ./Drivers/STM32F4xx_HAL_Driver/Src/stm32f4xx_hal_dma.o
 .ARM.attributes
                0x000000000000027b       0x34 ./Drivers/STM32F4xx_HAL_Driver/Src/stm32f4xx_hal_flash.o
 .ARM.attributes
                0x00000000000002af       0x34 ./Drivers/STM32F4xx_HAL_Driver/Src/stm32f4xx_hal_flash_ex.o
 .ARM.attributes
                0x00000000000002e3       0x34 ./Drivers/STM32F4xx_HAL_Driver/Src/stm32f4xx_hal_gpio.o
 .ARM.attributes
                0x0000000000000317       0x34 ./Drivers/STM32F4xx_HAL_Driver/Src/stm32f4xx_hal_rcc.o
 .ARM.attributes
                0x000000000000034b       0x34 ./Drivers/STM32F4xx_HAL_Driver/Src/stm32f4xx_hal_tim.o
 .ARM.attributes
                0x000000000000037f       0x34 ./Drivers/STM32F4xx_HAL_Driver/Src/stm32f4xx_hal_tim_ex.o
 .ARM.attributes
                0x00000000000003b3       0x34 ./Drivers/STM32F4xx_HAL_Driver/Src/stm32f4xx_hal_uart.o
 .ARM.attributes
                0x00000000000003e7       0x34 c:/st/stm32cubeide_1.9.0/stm32cubeide/plugins/com.st.stm32cube.ide.mcu.externaltools.gnu-tools-for-stm32.10.3-2021.10.win32_1.0.0.202111181127/tools/bin/../lib/gcc/arm-none-eabi/10.3.1/../../../../arm-none-eabi/lib/thumb/v7e-m+fp/hard\libc_nano.a(lib_a-errno.o)
 .ARM.attributes
                0x000000000000041b       0x34 c:/st/stm32cubeide_1.9.0/stm32cubeide/plugins/com.st.stm32cube.ide.mcu.externaltools.gnu-tools-for-stm32.10.3-2021.10.win32_1.0.0.202111181127/tools/bin/../lib/gcc/arm-none-eabi/10.3.1/../../../../arm-none-eabi/lib/thumb/v7e-m+fp/hard\libc_nano.a(lib_a-impure.o)
 .ARM.attributes
                0x000000000000044f       0x34 c:/st/stm32cubeide_1.9.0/stm32cubeide/plugins/com.st.stm32cube.ide.mcu.externaltools.gnu-tools-for-stm32.10.3-2021.10.win32_1.0.0.202111181127/tools/bin/../lib/gcc/arm-none-eabi/10.3.1/../../../../arm-none-eabi/lib/thumb/v7e-m+fp/hard\libc_nano.a(lib_a-init.o)
 .ARM.attributes
                0x0000000000000483       0x34 c:/st/stm32cubeide_1.9.0/stm32cubeide/plugins/com.st.stm32cube.ide.mcu.externaltools.gnu-tools-for-stm32.10.3-2021.10.win32_1.0.0.202111181127/tools/bin/../lib/gcc/arm-none-eabi/10.3.1/../../../../arm-none-eabi/lib/thumb/v7e-m+fp/hard\libc_nano.a(lib_a-memset.o)
 .ARM.attributes
                0x00000000000004b7       0x34 c:/st/stm32cubeide_1.9.0/stm32cubeide/plugins/com.st.stm32cube.ide.mcu.externaltools.gnu-tools-for-stm32.10.3-2021.10.win32_1.0.0.202111181127/tools/bin/../lib/gcc/arm-none-eabi/10.3.1/../../../../arm-none-eabi/lib/thumb/v7e-m+fp/hard\libc_nano.a(lib_a-sprintf.o)
 .ARM.attributes
                0x00000000000004eb       0x34 c:/st/stm32cubeide_1.9.0/stm32cubeide/plugins/com.st.stm32cube.ide.mcu.externaltools.gnu-tools-for-stm32.10.3-2021.10.win32_1.0.0.202111181127/tools/bin/../lib/gcc/arm-none-eabi/10.3.1/../../../../arm-none-eabi/lib/thumb/v7e-m+fp/hard\libc_nano.a(lib_a-nano-svfprintf.o)
 .ARM.attributes
                0x000000000000051f       0x34 c:/st/stm32cubeide_1.9.0/stm32cubeide/plugins/com.st.stm32cube.ide.mcu.externaltools.gnu-tools-for-stm32.10.3-2021.10.win32_1.0.0.202111181127/tools/bin/../lib/gcc/arm-none-eabi/10.3.1/../../../../arm-none-eabi/lib/thumb/v7e-m+fp/hard\libc_nano.a(lib_a-nano-vfprintf_i.o)
 .ARM.attributes
                0x0000000000000553       0x1c c:/st/stm32cubeide_1.9.0/stm32cubeide/plugins/com.st.stm32cube.ide.mcu.externaltools.gnu-tools-for-stm32.10.3-2021.10.win32_1.0.0.202111181127/tools/bin/../lib/gcc/arm-none-eabi/10.3.1/../../../../arm-none-eabi/lib/thumb/v7e-m+fp/hard\libc_nano.a(lib_a-memchr.o)
 .ARM.attributes
                0x000000000000056f       0x34 c:/st/stm32cubeide_1.9.0/stm32cubeide/plugins/com.st.stm32cube.ide.mcu.externaltools.gnu-tools-for-stm32.10.3-2021.10.win32_1.0.0.202111181127/tools/bin/../lib/gcc/arm-none-eabi/10.3.1/../../../../arm-none-eabi/lib/thumb/v7e-m+fp/hard\libc_nano.a(lib_a-memcpy-stub.o)
 .ARM.attributes
                0x00000000000005a3       0x34 c:/st/stm32cubeide_1.9.0/stm32cubeide/plugins/com.st.stm32cube.ide.mcu.externaltools.gnu-tools-for-stm32.10.3-2021.10.win32_1.0.0.202111181127/tools/bin/../lib/gcc/arm-none-eabi/10.3.1/../../../../arm-none-eabi/lib/thumb/v7e-m+fp/hard\libc_nano.a(lib_a-memmove.o)
 .ARM.attributes
                0x00000000000005d7       0x34 c:/st/stm32cubeide_1.9.0/stm32cubeide/plugins/com.st.stm32cube.ide.mcu.externaltools.gnu-tools-for-stm32.10.3-2021.10.win32_1.0.0.202111181127/tools/bin/../lib/gcc/arm-none-eabi/10.3.1/../../../../arm-none-eabi/lib/thumb/v7e-m+fp/hard\libc_nano.a(lib_a-nano-freer.o)
 .ARM.attributes
                0x000000000000060b       0x34 c:/st/stm32cubeide_1.9.0/stm32cubeide/plugins/com.st.stm32cube.ide.mcu.externaltools.gnu-tools-for-stm32.10.3-2021.10.win32_1.0.0.202111181127/tools/bin/../lib/gcc/arm-none-eabi/10.3.1/../../../../arm-none-eabi/lib/thumb/v7e-m+fp/hard\libc_nano.a(lib_a-nano-mallocr.o)
 .ARM.attributes
                0x000000000000063f       0x34 c:/st/stm32cubeide_1.9.0/stm32cubeide/plugins/com.st.stm32cube.ide.mcu.externaltools.gnu-tools-for-stm32.10.3-2021.10.win32_1.0.0.202111181127/tools/bin/../lib/gcc/arm-none-eabi/10.3.1/../../../../arm-none-eabi/lib/thumb/v7e-m+fp/hard\libc_nano.a(lib_a-nano-reallocr.o)
 .ARM.attributes
                0x0000000000000673       0x34 c:/st/stm32cubeide_1.9.0/stm32cubeide/plugins/com.st.stm32cube.ide.mcu.externaltools.gnu-tools-for-stm32.10.3-2021.10.win32_1.0.0.202111181127/tools/bin/../lib/gcc/arm-none-eabi/10.3.1/../../../../arm-none-eabi/lib/thumb/v7e-m+fp/hard\libc_nano.a(lib_a-sbrkr.o)
 .ARM.attributes
                0x00000000000006a7       0x34 c:/st/stm32cubeide_1.9.0/stm32cubeide/plugins/com.st.stm32cube.ide.mcu.externaltools.gnu-tools-for-stm32.10.3-2021.10.win32_1.0.0.202111181127/tools/bin/../lib/gcc/arm-none-eabi/10.3.1/../../../../arm-none-eabi/lib/thumb/v7e-m+fp/hard\libc_nano.a(lib_a-mlock.o)
 .ARM.attributes
                0x00000000000006db       0x34 c:/st/stm32cubeide_1.9.0/stm32cubeide/plugins/com.st.stm32cube.ide.mcu.externaltools.gnu-tools-for-stm32.10.3-2021.10.win32_1.0.0.202111181127/tools/bin/../lib/gcc/arm-none-eabi/10.3.1/../../../../arm-none-eabi/lib/thumb/v7e-m+fp/hard\libc_nano.a(lib_a-nano-msizer.o)
 .ARM.attributes
                0x000000000000070f       0x34 c:/st/stm32cubeide_1.9.0/stm32cubeide/plugins/com.st.stm32cube.ide.mcu.externaltools.gnu-tools-for-stm32.10.3-2021.10.win32_1.0.0.202111181127/tools/bin/../lib/gcc/arm-none-eabi/10.3.1/../../../../arm-none-eabi/lib/thumb/v7e-m+fp/hard\libc_nano.a(lib_a-reent.o)
 .ARM.attributes
                0x0000000000000743       0x34 c:/st/stm32cubeide_1.9.0/stm32cubeide/plugins/com.st.stm32cube.ide.mcu.externaltools.gnu-tools-for-stm32.10.3-2021.10.win32_1.0.0.202111181127/tools/bin/../lib/gcc/arm-none-eabi/10.3.1/../../../../arm-none-eabi/lib/thumb/v7e-m+fp/hard\libc_nano.a(lib_a-lock.o)
 .ARM.attributes
                0x0000000000000777       0x1e c:/st/stm32cubeide_1.9.0/stm32cubeide/plugins/com.st.stm32cube.ide.mcu.externaltools.gnu-tools-for-stm32.10.3-2021.10.win32_1.0.0.202111181127/tools/bin/../lib/gcc/arm-none-eabi/10.3.1/thumb/v7e-m+fp/hard\libgcc.a(_aeabi_uldivmod.o)
 .ARM.attributes
                0x0000000000000795       0x34 c:/st/stm32cubeide_1.9.0/stm32cubeide/plugins/com.st.stm32cube.ide.mcu.externaltools.gnu-tools-for-stm32.10.3-2021.10.win32_1.0.0.202111181127/tools/bin/../lib/gcc/arm-none-eabi/10.3.1/thumb/v7e-m+fp/hard\libgcc.a(_udivmoddi4.o)
 .ARM.attributes
                0x00000000000007c9       0x1e c:/st/stm32cubeide_1.9.0/stm32cubeide/plugins/com.st.stm32cube.ide.mcu.externaltools.gnu-tools-for-stm32.10.3-2021.10.win32_1.0.0.202111181127/tools/bin/../lib/gcc/arm-none-eabi/10.3.1/thumb/v7e-m+fp/hard\libgcc.a(_dvmd_tls.o)
 .ARM.attributes
                0x00000000000007e7       0x1e c:/st/stm32cubeide_1.9.0/stm32cubeide/plugins/com.st.stm32cube.ide.mcu.externaltools.gnu-tools-for-stm32.10.3-2021.10.win32_1.0.0.202111181127/tools/bin/../lib/gcc/arm-none-eabi/10.3.1/thumb/v7e-m+fp/hard/crtn.o
OUTPUT(EIDSController5.elf elf32-littlearm)
LOAD linker stubs
LOAD c:/st/stm32cubeide_1.9.0/stm32cubeide/plugins/com.st.stm32cube.ide.mcu.externaltools.gnu-tools-for-stm32.10.3-2021.10.win32_1.0.0.202111181127/tools/bin/../lib/gcc/arm-none-eabi/10.3.1/../../../../arm-none-eabi/lib/thumb/v7e-m+fp/hard\libc.a
LOAD c:/st/stm32cubeide_1.9.0/stm32cubeide/plugins/com.st.stm32cube.ide.mcu.externaltools.gnu-tools-for-stm32.10.3-2021.10.win32_1.0.0.202111181127/tools/bin/../lib/gcc/arm-none-eabi/10.3.1/../../../../arm-none-eabi/lib/thumb/v7e-m+fp/hard\libm.a
LOAD c:/st/stm32cubeide_1.9.0/stm32cubeide/plugins/com.st.stm32cube.ide.mcu.externaltools.gnu-tools-for-stm32.10.3-2021.10.win32_1.0.0.202111181127/tools/bin/../lib/gcc/arm-none-eabi/10.3.1/thumb/v7e-m+fp/hard\libgcc.a

.debug_info     0x0000000000000000    0x105dd
 .debug_info    0x0000000000000000      0x278 ./Core/Src/flash.o
 .debug_info    0x0000000000000278     0x1ff0 ./Core/Src/main.o
 .debug_info    0x0000000000002268     0x10b8 ./Core/Src/nextion.o
 .debug_info    0x0000000000003320     0x1061 ./Core/Src/stm32f4xx_hal_msp.o
 .debug_info    0x0000000000004381      0x9f8 ./Core/Src/stm32f4xx_it.o
 .debug_info    0x0000000000004d79      0x171 ./Core/Src/sysmem.o
 .debug_info    0x0000000000004eea      0x523 ./Core/Src/system_stm32f4xx.o
 .debug_info    0x000000000000540d       0x22 ./Core/Startup/startup_stm32f407vgtx.o
 .debug_info    0x000000000000542f      0x97c ./Drivers/STM32F4xx_HAL_Driver/Src/stm32f4xx_hal.o
 .debug_info    0x0000000000005dab      0xe1b ./Drivers/STM32F4xx_HAL_Driver/Src/stm32f4xx_hal_cortex.o
 .debug_info    0x0000000000006bc6      0x94f ./Drivers/STM32F4xx_HAL_Driver/Src/stm32f4xx_hal_dma.o
 .debug_info    0x0000000000007515      0x5d2 ./Drivers/STM32F4xx_HAL_Driver/Src/stm32f4xx_hal_flash.o
 .debug_info    0x0000000000007ae7      0x6cc ./Drivers/STM32F4xx_HAL_Driver/Src/stm32f4xx_hal_flash_ex.o
 .debug_info    0x00000000000081b3      0x76a ./Drivers/STM32F4xx_HAL_Driver/Src/stm32f4xx_hal_gpio.o
 .debug_info    0x000000000000891d      0x966 ./Drivers/STM32F4xx_HAL_Driver/Src/stm32f4xx_hal_rcc.o
 .debug_info    0x0000000000009283     0x2bbe ./Drivers/STM32F4xx_HAL_Driver/Src/stm32f4xx_hal_tim.o
 .debug_info    0x000000000000be41     0x15e0 ./Drivers/STM32F4xx_HAL_Driver/Src/stm32f4xx_hal_tim_ex.o
 .debug_info    0x000000000000d421     0x31bc ./Drivers/STM32F4xx_HAL_Driver/Src/stm32f4xx_hal_uart.o

.debug_abbrev   0x0000000000000000     0x2640
 .debug_abbrev  0x0000000000000000      0x170 ./Core/Src/flash.o
 .debug_abbrev  0x0000000000000170      0x3bb ./Core/Src/main.o
 .debug_abbrev  0x000000000000052b      0x34b ./Core/Src/nextion.o
 .debug_abbrev  0x0000000000000876      0x1f9 ./Core/Src/stm32f4xx_hal_msp.o
 .debug_abbrev  0x0000000000000a6f      0x18b ./Core/Src/stm32f4xx_it.o
 .debug_abbrev  0x0000000000000bfa       0xbb ./Core/Src/sysmem.o
 .debug_abbrev  0x0000000000000cb5      0x116 ./Core/Src/system_stm32f4xx.o
 .debug_abbrev  0x0000000000000dcb       0x12 ./Core/Startup/startup_stm32f407vgtx.o
 .debug_abbrev  0x0000000000000ddd      0x20d ./Drivers/STM32F4xx_HAL_Driver/Src/stm32f4xx_hal.o
 .debug_abbrev  0x0000000000000fea      0x316 ./Drivers/STM32F4xx_HAL_Driver/Src/stm32f4xx_hal_cortex.o
 .debug_abbrev  0x0000000000001300      0x25b ./Drivers/STM32F4xx_HAL_Driver/Src/stm32f4xx_hal_dma.o
 .debug_abbrev  0x000000000000155b      0x281 ./Drivers/STM32F4xx_HAL_Driver/Src/stm32f4xx_hal_flash.o
 .debug_abbrev  0x00000000000017dc      0x240 ./Drivers/STM32F4xx_HAL_Driver/Src/stm32f4xx_hal_flash_ex.o
 .debug_abbrev  0x0000000000001a1c      0x1c4 ./Drivers/STM32F4xx_HAL_Driver/Src/stm32f4xx_hal_gpio.o
 .debug_abbrev  0x0000000000001be0      0x2aa ./Drivers/STM32F4xx_HAL_Driver/Src/stm32f4xx_hal_rcc.o
 .debug_abbrev  0x0000000000001e8a      0x25d ./Drivers/STM32F4xx_HAL_Driver/Src/stm32f4xx_hal_tim.o
 .debug_abbrev  0x00000000000020e7      0x265 ./Drivers/STM32F4xx_HAL_Driver/Src/stm32f4xx_hal_tim_ex.o
 .debug_abbrev  0x000000000000234c      0x2f4 ./Drivers/STM32F4xx_HAL_Driver/Src/stm32f4xx_hal_uart.o

.debug_aranges  0x0000000000000000      0xf48
 .debug_aranges
                0x0000000000000000       0x40 ./Core/Src/flash.o
 .debug_aranges
                0x0000000000000040      0x120 ./Core/Src/main.o
 .debug_aranges
                0x0000000000000160       0xd8 ./Core/Src/nextion.o
 .debug_aranges
                0x0000000000000238       0x48 ./Core/Src/stm32f4xx_hal_msp.o
 .debug_aranges
                0x0000000000000280       0x70 ./Core/Src/stm32f4xx_it.o
 .debug_aranges
                0x00000000000002f0       0x20 ./Core/Src/sysmem.o
 .debug_aranges
                0x0000000000000310       0x28 ./Core/Src/system_stm32f4xx.o
 .debug_aranges
                0x0000000000000338       0x28 ./Core/Startup/startup_stm32f407vgtx.o
 .debug_aranges
                0x0000000000000360       0xf0 ./Drivers/STM32F4xx_HAL_Driver/Src/stm32f4xx_hal.o
 .debug_aranges
                0x0000000000000450      0x118 ./Drivers/STM32F4xx_HAL_Driver/Src/stm32f4xx_hal_cortex.o
 .debug_aranges
                0x0000000000000568       0x90 ./Drivers/STM32F4xx_HAL_Driver/Src/stm32f4xx_hal_dma.o
 .debug_aranges
                0x00000000000005f8       0xa0 ./Drivers/STM32F4xx_HAL_Driver/Src/stm32f4xx_hal_flash.o
 .debug_aranges
                0x0000000000000698       0x98 ./Drivers/STM32F4xx_HAL_Driver/Src/stm32f4xx_hal_flash_ex.o
 .debug_aranges
                0x0000000000000730       0x58 ./Drivers/STM32F4xx_HAL_Driver/Src/stm32f4xx_hal_gpio.o
 .debug_aranges
                0x0000000000000788       0x88 ./Drivers/STM32F4xx_HAL_Driver/Src/stm32f4xx_hal_rcc.o
 .debug_aranges
                0x0000000000000810      0x3d0 ./Drivers/STM32F4xx_HAL_Driver/Src/stm32f4xx_hal_tim.o
 .debug_aranges
                0x0000000000000be0      0x168 ./Drivers/STM32F4xx_HAL_Driver/Src/stm32f4xx_hal_tim_ex.o
 .debug_aranges
                0x0000000000000d48      0x200 ./Drivers/STM32F4xx_HAL_Driver/Src/stm32f4xx_hal_uart.o

.debug_ranges   0x0000000000000000      0xe60
 .debug_ranges  0x0000000000000000       0x30 ./Core/Src/flash.o
 .debug_ranges  0x0000000000000030      0x110 ./Core/Src/main.o
 .debug_ranges  0x0000000000000140       0xc8 ./Core/Src/nextion.o
 .debug_ranges  0x0000000000000208       0x38 ./Core/Src/stm32f4xx_hal_msp.o
 .debug_ranges  0x0000000000000240       0x60 ./Core/Src/stm32f4xx_it.o
 .debug_ranges  0x00000000000002a0       0x10 ./Core/Src/sysmem.o
 .debug_ranges  0x00000000000002b0       0x18 ./Core/Src/system_stm32f4xx.o
 .debug_ranges  0x00000000000002c8       0x20 ./Core/Startup/startup_stm32f407vgtx.o
 .debug_ranges  0x00000000000002e8       0xe0 ./Drivers/STM32F4xx_HAL_Driver/Src/stm32f4xx_hal.o
 .debug_ranges  0x00000000000003c8      0x108 ./Drivers/STM32F4xx_HAL_Driver/Src/stm32f4xx_hal_cortex.o
 .debug_ranges  0x00000000000004d0       0x80 ./Drivers/STM32F4xx_HAL_Driver/Src/stm32f4xx_hal_dma.o
 .debug_ranges  0x0000000000000550       0x90 ./Drivers/STM32F4xx_HAL_Driver/Src/stm32f4xx_hal_flash.o
 .debug_ranges  0x00000000000005e0       0x88 ./Drivers/STM32F4xx_HAL_Driver/Src/stm32f4xx_hal_flash_ex.o
 .debug_ranges  0x0000000000000668       0x48 ./Drivers/STM32F4xx_HAL_Driver/Src/stm32f4xx_hal_gpio.o
 .debug_ranges  0x00000000000006b0       0x78 ./Drivers/STM32F4xx_HAL_Driver/Src/stm32f4xx_hal_rcc.o
 .debug_ranges  0x0000000000000728      0x3c0 ./Drivers/STM32F4xx_HAL_Driver/Src/stm32f4xx_hal_tim.o
 .debug_ranges  0x0000000000000ae8      0x158 ./Drivers/STM32F4xx_HAL_Driver/Src/stm32f4xx_hal_tim_ex.o
 .debug_ranges  0x0000000000000c40      0x220 ./Drivers/STM32F4xx_HAL_Driver/Src/stm32f4xx_hal_uart.o

.debug_macro    0x0000000000000000    0x21dda
 .debug_macro   0x0000000000000000      0x1dc ./Core/Src/flash.o
 .debug_macro   0x00000000000001dc      0xa78 ./Core/Src/flash.o
 .debug_macro   0x0000000000000c54      0x29b ./Core/Src/flash.o
 .debug_macro   0x0000000000000eef       0x2e ./Core/Src/flash.o
 .debug_macro   0x0000000000000f1d       0x2f ./Core/Src/flash.o
 .debug_macro   0x0000000000000f4c       0x22 ./Core/Src/flash.o
 .debug_macro   0x0000000000000f6e       0x8e ./Core/Src/flash.o
 .debug_macro   0x0000000000000ffc       0x51 ./Core/Src/flash.o
 .debug_macro   0x000000000000104d      0x103 ./Core/Src/flash.o
 .debug_macro   0x0000000000001150       0x6a ./Core/Src/flash.o
 .debug_macro   0x00000000000011ba      0x1df ./Core/Src/flash.o
 .debug_macro   0x0000000000001399       0x1c ./Core/Src/flash.o
 .debug_macro   0x00000000000013b5       0x22 ./Core/Src/flash.o
 .debug_macro   0x00000000000013d7       0xd9 ./Core/Src/flash.o
 .debug_macro   0x00000000000014b0     0x102d ./Core/Src/flash.o
 .debug_macro   0x00000000000024dd      0x11f ./Core/Src/flash.o
 .debug_macro   0x00000000000025fc    0x15e82 ./Core/Src/flash.o
 .debug_macro   0x000000000001847e       0x6d ./Core/Src/flash.o
 .debug_macro   0x00000000000184eb     0x367e ./Core/Src/flash.o
 .debug_macro   0x000000000001bb69      0x174 ./Core/Src/flash.o
 .debug_macro   0x000000000001bcdd       0x5c ./Core/Src/flash.o
 .debug_macro   0x000000000001bd39      0x96b ./Core/Src/flash.o
 .debug_macro   0x000000000001c6a4      0x9fe ./Core/Src/flash.o
 .debug_macro   0x000000000001d0a2      0x115 ./Core/Src/flash.o
 .debug_macro   0x000000000001d1b7      0x13e ./Core/Src/flash.o
 .debug_macro   0x000000000001d2f5       0xa5 ./Core/Src/flash.o
 .debug_macro   0x000000000001d39a      0x174 ./Core/Src/flash.o
 .debug_macro   0x000000000001d50e      0x287 ./Core/Src/flash.o
 .debug_macro   0x000000000001d795       0x5f ./Core/Src/flash.o
 .debug_macro   0x000000000001d7f4      0x236 ./Core/Src/flash.o
 .debug_macro   0x000000000001da2a      0x12c ./Core/Src/flash.o
 .debug_macro   0x000000000001db56      0x21e ./Core/Src/flash.o
 .debug_macro   0x000000000001dd74       0x2e ./Core/Src/flash.o
 .debug_macro   0x000000000001dda2      0x11a ./Core/Src/flash.o
 .debug_macro   0x000000000001debc       0x7e ./Core/Src/flash.o
 .debug_macro   0x000000000001df3a       0x89 ./Core/Src/flash.o
 .debug_macro   0x000000000001dfc3      0x8e6 ./Core/Src/flash.o
 .debug_macro   0x000000000001e8a9       0x47 ./Core/Src/flash.o
 .debug_macro   0x000000000001e8f0      0x295 ./Core/Src/flash.o
 .debug_macro   0x000000000001eb85      0x12d ./Core/Src/flash.o
 .debug_macro   0x000000000001ecb2      0x374 ./Core/Src/main.o
 .debug_macro   0x000000000001f026       0x22 ./Core/Src/main.o
 .debug_macro   0x000000000001f048       0x16 ./Core/Src/main.o
 .debug_macro   0x000000000001f05e      0x403 ./Core/Src/nextion.o
 .debug_macro   0x000000000001f461       0x4c ./Core/Src/nextion.o
 .debug_macro   0x000000000001f4ad       0x1e ./Core/Src/nextion.o
 .debug_macro   0x000000000001f4cb       0x94 ./Core/Src/nextion.o
 .debug_macro   0x000000000001f55f       0x3c ./Core/Src/nextion.o
 .debug_macro   0x000000000001f59b       0x34 ./Core/Src/nextion.o
 .debug_macro   0x000000000001f5cf       0x16 ./Core/Src/nextion.o
 .debug_macro   0x000000000001f5e5       0x57 ./Core/Src/nextion.o
 .debug_macro   0x000000000001f63c       0x97 ./Core/Src/nextion.o
 .debug_macro   0x000000000001f6d3      0x341 ./Core/Src/nextion.o
 .debug_macro   0x000000000001fa14       0xfd ./Core/Src/nextion.o
 .debug_macro   0x000000000001fb11       0x10 ./Core/Src/nextion.o
 .debug_macro   0x000000000001fb21       0x16 ./Core/Src/nextion.o
 .debug_macro   0x000000000001fb37       0x43 ./Core/Src/nextion.o
 .debug_macro   0x000000000001fb7a       0x34 ./Core/Src/nextion.o
 .debug_macro   0x000000000001fbae       0x10 ./Core/Src/nextion.o
 .debug_macro   0x000000000001fbbe       0x58 ./Core/Src/nextion.o
 .debug_macro   0x000000000001fc16       0x71 ./Core/Src/nextion.o
 .debug_macro   0x000000000001fc87       0x1c ./Core/Src/nextion.o
 .debug_macro   0x000000000001fca3      0x12a ./Core/Src/nextion.o
 .debug_macro   0x000000000001fdcd       0x10 ./Core/Src/nextion.o
 .debug_macro   0x000000000001fddd       0x1c ./Core/Src/nextion.o
 .debug_macro   0x000000000001fdf9       0x52 ./Core/Src/nextion.o
 .debug_macro   0x000000000001fe4b       0x22 ./Core/Src/nextion.o
 .debug_macro   0x000000000001fe6d       0x10 ./Core/Src/nextion.o
 .debug_macro   0x000000000001fe7d       0x52 ./Core/Src/nextion.o
 .debug_macro   0x000000000001fecf       0xd5 ./Core/Src/nextion.o
 .debug_macro   0x000000000001ffa4       0x1c ./Core/Src/nextion.o
 .debug_macro   0x000000000001ffc0       0x3d ./Core/Src/nextion.o
 .debug_macro   0x000000000001fffd       0x16 ./Core/Src/nextion.o
 .debug_macro   0x0000000000020013      0x145 ./Core/Src/nextion.o
 .debug_macro   0x0000000000020158       0x16 ./Core/Src/nextion.o
 .debug_macro   0x000000000002016e       0x35 ./Core/Src/nextion.o
 .debug_macro   0x00000000000201a3       0x16 ./Core/Src/nextion.o
 .debug_macro   0x00000000000201b9       0x29 ./Core/Src/nextion.o
 .debug_macro   0x00000000000201e2       0x16 ./Core/Src/nextion.o
 .debug_macro   0x00000000000201f8       0x20 ./Core/Src/nextion.o
 .debug_macro   0x0000000000020218       0x56 ./Core/Src/nextion.o
 .debug_macro   0x000000000002026e      0x1d8 ./Core/Src/stm32f4xx_hal_msp.o
 .debug_macro   0x0000000000020446      0x1e2 ./Core/Src/stm32f4xx_it.o
 .debug_macro   0x0000000000020628       0xff ./Core/Src/sysmem.o
 .debug_macro   0x0000000000020727      0x23b ./Core/Src/sysmem.o
 .debug_macro   0x0000000000020962      0x1ce ./Core/Src/system_stm32f4xx.o
 .debug_macro   0x0000000000020b30      0x22e ./Drivers/STM32F4xx_HAL_Driver/Src/stm32f4xx_hal.o
 .debug_macro   0x0000000000020d5e      0x1ce ./Drivers/STM32F4xx_HAL_Driver/Src/stm32f4xx_hal_cortex.o
 .debug_macro   0x0000000000020f2c      0x1d4 ./Drivers/STM32F4xx_HAL_Driver/Src/stm32f4xx_hal_dma.o
 .debug_macro   0x0000000000021100      0x1d4 ./Drivers/STM32F4xx_HAL_Driver/Src/stm32f4xx_hal_flash.o
 .debug_macro   0x00000000000212d4      0x1d4 ./Drivers/STM32F4xx_HAL_Driver/Src/stm32f4xx_hal_flash_ex.o
 .debug_macro   0x00000000000214a8      0x1d4 ./Drivers/STM32F4xx_HAL_Driver/Src/stm32f4xx_hal_gpio.o
 .debug_macro   0x000000000002167c      0x1f2 ./Drivers/STM32F4xx_HAL_Driver/Src/stm32f4xx_hal_rcc.o
 .debug_macro   0x000000000002186e      0x1cf ./Drivers/STM32F4xx_HAL_Driver/Src/stm32f4xx_hal_tim.o
 .debug_macro   0x0000000000021a3d      0x1ce ./Drivers/STM32F4xx_HAL_Driver/Src/stm32f4xx_hal_tim_ex.o
 .debug_macro   0x0000000000021c0b      0x1cf ./Drivers/STM32F4xx_HAL_Driver/Src/stm32f4xx_hal_uart.o

.debug_line     0x0000000000000000    0x10c64
 .debug_line    0x0000000000000000      0x71c ./Core/Src/flash.o
 .debug_line    0x000000000000071c      0xfe7 ./Core/Src/main.o
 .debug_line    0x0000000000001703      0xd2e ./Core/Src/nextion.o
 .debug_line    0x0000000000002431      0x7d8 ./Core/Src/stm32f4xx_hal_msp.o
 .debug_line    0x0000000000002c09      0x7b0 ./Core/Src/stm32f4xx_it.o
 .debug_line    0x00000000000033b9      0x4e5 ./Core/Src/sysmem.o
 .debug_line    0x000000000000389e      0x739 ./Core/Src/system_stm32f4xx.o
 .debug_line    0x0000000000003fd7       0x88 ./Core/Startup/startup_stm32f407vgtx.o
 .debug_line    0x000000000000405f      0x99f ./Drivers/STM32F4xx_HAL_Driver/Src/stm32f4xx_hal.o
 .debug_line    0x00000000000049fe      0xc4e ./Drivers/STM32F4xx_HAL_Driver/Src/stm32f4xx_hal_cortex.o
 .debug_line    0x000000000000564c      0xf03 ./Drivers/STM32F4xx_HAL_Driver/Src/stm32f4xx_hal_dma.o
 .debug_line    0x000000000000654f      0xa27 ./Drivers/STM32F4xx_HAL_Driver/Src/stm32f4xx_hal_flash.o
 .debug_line    0x0000000000006f76      0xa4d ./Drivers/STM32F4xx_HAL_Driver/Src/stm32f4xx_hal_flash_ex.o
 .debug_line    0x00000000000079c3      0xb13 ./Drivers/STM32F4xx_HAL_Driver/Src/stm32f4xx_hal_gpio.o
 .debug_line    0x00000000000084d6      0xd1b ./Drivers/STM32F4xx_HAL_Driver/Src/stm32f4xx_hal_rcc.o
 .debug_line    0x00000000000091f1     0x3693 ./Drivers/STM32F4xx_HAL_Driver/Src/stm32f4xx_hal_tim.o
 .debug_line    0x000000000000c884     0x199c ./Drivers/STM32F4xx_HAL_Driver/Src/stm32f4xx_hal_tim_ex.o
 .debug_line    0x000000000000e220     0x2a44 ./Drivers/STM32F4xx_HAL_Driver/Src/stm32f4xx_hal_uart.o

.debug_str      0x0000000000000000    0xcc6bb
 .debug_str     0x0000000000000000    0xc3512 ./Core/Src/flash.o
                                      0xc3799 (size before relaxing)
 .debug_str     0x00000000000c3512     0x1b3f ./Core/Src/main.o
                                      0xc559b (size before relaxing)
 .debug_str     0x00000000000c5051     0x43d2 ./Core/Src/nextion.o
                                      0xc7fbf (size before relaxing)
 .debug_str     0x00000000000c9423      0x120 ./Core/Src/stm32f4xx_hal_msp.o
                                      0xc44da (size before relaxing)
 .debug_str     0x00000000000c9543      0x11b ./Core/Src/stm32f4xx_it.o
                                      0xc3ec2 (size before relaxing)
 .debug_str     0x00000000000c965e      0x4da ./Core/Src/sysmem.o
                                       0x5db8 (size before relaxing)
 .debug_str     0x00000000000c9b38       0xdb ./Core/Src/system_stm32f4xx.o
                                      0xc383b (size before relaxing)
 .debug_str     0x00000000000c9c13       0x36 ./Core/Startup/startup_stm32f407vgtx.o
                                         0x7a (size before relaxing)
 .debug_str     0x00000000000c9c49      0x5ea ./Drivers/STM32F4xx_HAL_Driver/Src/stm32f4xx_hal.o
                                      0xc43bf (size before relaxing)
 .debug_str     0x00000000000ca233      0x31c ./Drivers/STM32F4xx_HAL_Driver/Src/stm32f4xx_hal_cortex.o
                                      0xc40f2 (size before relaxing)
 .debug_str     0x00000000000ca54f      0x315 ./Drivers/STM32F4xx_HAL_Driver/Src/stm32f4xx_hal_dma.o
                                      0xc3c55 (size before relaxing)
 .debug_str     0x00000000000ca864      0x27e ./Drivers/STM32F4xx_HAL_Driver/Src/stm32f4xx_hal_flash.o
                                      0xc3a2b (size before relaxing)
 .debug_str     0x00000000000caae2      0x233 ./Drivers/STM32F4xx_HAL_Driver/Src/stm32f4xx_hal_flash_ex.o
                                      0xc3a7b (size before relaxing)
 .debug_str     0x00000000000cad15      0x158 ./Drivers/STM32F4xx_HAL_Driver/Src/stm32f4xx_hal_gpio.o
                                      0xc39b6 (size before relaxing)
 .debug_str     0x00000000000cae6d      0x228 ./Drivers/STM32F4xx_HAL_Driver/Src/stm32f4xx_hal_rcc.o
                                      0xc3c6f (size before relaxing)
 .debug_str     0x00000000000cb095      0xcdd ./Drivers/STM32F4xx_HAL_Driver/Src/stm32f4xx_hal_tim.o
                                      0xc4bb5 (size before relaxing)
 .debug_str     0x00000000000cbd72      0x3ba ./Drivers/STM32F4xx_HAL_Driver/Src/stm32f4xx_hal_tim_ex.o